Archive member included to satisfy reference by file (symbol)

d:/programs/gnu_arm_toolchain/bin/../lib/gcc/arm-none-eabi/10.3.1/../../../../arm-none-eabi/lib/thumb/v7e-m+fp/hard\libg.a(lib_a-errno.o)
                              CMakeFiles/HelloWorld.elf.dir/Core/Src/syscalls.c.obj (__errno)
d:/programs/gnu_arm_toolchain/bin/../lib/gcc/arm-none-eabi/10.3.1/../../../../arm-none-eabi/lib/thumb/v7e-m+fp/hard\libg.a(lib_a-exit.o)
                              d:/programs/gnu_arm_toolchain/bin/../lib/gcc/arm-none-eabi/10.3.1/../../../../arm-none-eabi/lib/thumb/v7e-m+fp/hard/crt0.o (exit)
d:/programs/gnu_arm_toolchain/bin/../lib/gcc/arm-none-eabi/10.3.1/../../../../arm-none-eabi/lib/thumb/v7e-m+fp/hard\libg.a(lib_a-impure.o)
                              d:/programs/gnu_arm_toolchain/bin/../lib/gcc/arm-none-eabi/10.3.1/../../../../arm-none-eabi/lib/thumb/v7e-m+fp/hard\libg.a(lib_a-exit.o) (_global_impure_ptr)
d:/programs/gnu_arm_toolchain/bin/../lib/gcc/arm-none-eabi/10.3.1/../../../../arm-none-eabi/lib/thumb/v7e-m+fp/hard\libg.a(lib_a-init.o)
                              d:/programs/gnu_arm_toolchain/bin/../lib/gcc/arm-none-eabi/10.3.1/../../../../arm-none-eabi/lib/thumb/v7e-m+fp/hard/crt0.o (__libc_init_array)
d:/programs/gnu_arm_toolchain/bin/../lib/gcc/arm-none-eabi/10.3.1/../../../../arm-none-eabi/lib/thumb/v7e-m+fp/hard\libg.a(lib_a-memcpy.o)
                              CMakeFiles/HelloWorld.elf.dir/Middlewares/Third_Party/FreeRTOS/Source/queue.c.obj (memcpy)
d:/programs/gnu_arm_toolchain/bin/../lib/gcc/arm-none-eabi/10.3.1/../../../../arm-none-eabi/lib/thumb/v7e-m+fp/hard\libg.a(lib_a-memset.o)
                              d:/programs/gnu_arm_toolchain/bin/../lib/gcc/arm-none-eabi/10.3.1/../../../../arm-none-eabi/lib/thumb/v7e-m+fp/hard/crt0.o (memset)
d:/programs/gnu_arm_toolchain/bin/../lib/gcc/arm-none-eabi/10.3.1/../../../../arm-none-eabi/lib/thumb/v7e-m+fp/hard\libg.a(lib_a-reent.o)
                              CMakeFiles/HelloWorld.elf.dir/Middlewares/Third_Party/FreeRTOS/Source/tasks.c.obj (_reclaim_reent)
d:/programs/gnu_arm_toolchain/bin/../lib/gcc/arm-none-eabi/10.3.1/../../../../arm-none-eabi/lib/thumb/v7e-m+fp/hard\libg.a(lib_a-__call_atexit.o)
                              d:/programs/gnu_arm_toolchain/bin/../lib/gcc/arm-none-eabi/10.3.1/../../../../arm-none-eabi/lib/thumb/v7e-m+fp/hard\libg.a(lib_a-exit.o) (__call_exitprocs)
d:/programs/gnu_arm_toolchain/bin/../lib/gcc/arm-none-eabi/10.3.1/../../../../arm-none-eabi/lib/thumb/v7e-m+fp/hard\libg.a(lib_a-atexit.o)
                              d:/programs/gnu_arm_toolchain/bin/../lib/gcc/arm-none-eabi/10.3.1/../../../../arm-none-eabi/lib/thumb/v7e-m+fp/hard\libg.a(lib_a-__call_atexit.o) (atexit)
d:/programs/gnu_arm_toolchain/bin/../lib/gcc/arm-none-eabi/10.3.1/../../../../arm-none-eabi/lib/thumb/v7e-m+fp/hard\libg.a(lib_a-fini.o)
                              d:/programs/gnu_arm_toolchain/bin/../lib/gcc/arm-none-eabi/10.3.1/../../../../arm-none-eabi/lib/thumb/v7e-m+fp/hard\libg.a(lib_a-__call_atexit.o) (__libc_fini_array)
d:/programs/gnu_arm_toolchain/bin/../lib/gcc/arm-none-eabi/10.3.1/../../../../arm-none-eabi/lib/thumb/v7e-m+fp/hard\libg.a(lib_a-freer.o)
                              d:/programs/gnu_arm_toolchain/bin/../lib/gcc/arm-none-eabi/10.3.1/../../../../arm-none-eabi/lib/thumb/v7e-m+fp/hard\libg.a(lib_a-reent.o) (_free_r)
d:/programs/gnu_arm_toolchain/bin/../lib/gcc/arm-none-eabi/10.3.1/../../../../arm-none-eabi/lib/thumb/v7e-m+fp/hard\libg.a(lib_a-lock.o)
                              d:/programs/gnu_arm_toolchain/bin/../lib/gcc/arm-none-eabi/10.3.1/../../../../arm-none-eabi/lib/thumb/v7e-m+fp/hard\libg.a(lib_a-__call_atexit.o) (__retarget_lock_acquire_recursive)
d:/programs/gnu_arm_toolchain/bin/../lib/gcc/arm-none-eabi/10.3.1/../../../../arm-none-eabi/lib/thumb/v7e-m+fp/hard\libg.a(lib_a-mallocr.o)
                              d:/programs/gnu_arm_toolchain/bin/../lib/gcc/arm-none-eabi/10.3.1/../../../../arm-none-eabi/lib/thumb/v7e-m+fp/hard\libg.a(lib_a-freer.o) (__malloc_current_mallinfo)
d:/programs/gnu_arm_toolchain/bin/../lib/gcc/arm-none-eabi/10.3.1/../../../../arm-none-eabi/lib/thumb/v7e-m+fp/hard\libg.a(lib_a-mlock.o)
                              d:/programs/gnu_arm_toolchain/bin/../lib/gcc/arm-none-eabi/10.3.1/../../../../arm-none-eabi/lib/thumb/v7e-m+fp/hard\libg.a(lib_a-freer.o) (__malloc_lock)
d:/programs/gnu_arm_toolchain/bin/../lib/gcc/arm-none-eabi/10.3.1/../../../../arm-none-eabi/lib/thumb/v7e-m+fp/hard\libg.a(lib_a-sbrkr.o)
                              d:/programs/gnu_arm_toolchain/bin/../lib/gcc/arm-none-eabi/10.3.1/../../../../arm-none-eabi/lib/thumb/v7e-m+fp/hard\libg.a(lib_a-freer.o) (_sbrk_r)
d:/programs/gnu_arm_toolchain/bin/../lib/gcc/arm-none-eabi/10.3.1/../../../../arm-none-eabi/lib/thumb/v7e-m+fp/hard\libg.a(lib_a-__atexit.o)
[...]
Memory Configuration

Name             Origin             Length             Attributes
CCMRAM           0x10000000         0x00002000         xrw
RAM              0x20000000         0x0000a000         xrw
FLASH            0x08000000         0x00040000         xr
*default*        0x00000000         0xffffffff

Linker script and memory map

LOAD d:/programs/gnu_arm_toolchain/bin/../lib/gcc/arm-none-eabi/10.3.1/thumb/v7e-m+fp/hard/crti.o
LOAD d:/programs/gnu_arm_toolchain/bin/../lib/gcc/arm-none-eabi/10.3.1/thumb/v7e-m+fp/hard/crtbegin.o
LOAD d:/programs/gnu_arm_toolchain/bin/../lib/gcc/arm-none-eabi/10.3.1/../../../../arm-none-eabi/lib/thumb/v7e-m+fp/hard/crt0.o
LOAD CMakeFiles/HelloWorld.elf.dir/Core/Src/cpp_main.cpp.obj
LOAD CMakeFiles/HelloWorld.elf.dir/Core/Src/freertos.c.obj
LOAD CMakeFiles/HelloWorld.elf.dir/Core/Src/main.c.obj
LOAD CMakeFiles/HelloWorld.elf.dir/Core/Src/stm32f3xx_hal_msp.c.obj
LOAD CMakeFiles/HelloWorld.elf.dir/Core/Src/stm32f3xx_hal_timebase_tim.c.obj
LOAD CMakeFiles/HelloWorld.elf.dir/Core/Src/stm32f3xx_it.c.obj
LOAD CMakeFiles/HelloWorld.elf.dir/Core/Src/syscalls.c.obj
LOAD CMakeFiles/HelloWorld.elf.dir/Core/Src/sysmem.c.obj
LOAD CMakeFiles/HelloWorld.elf.dir/Core/Src/system_stm32f3xx.c.obj
LOAD CMakeFiles/HelloWorld.elf.dir/Core/Startup/startup_stm32f303vctx.s.obj
LOAD CMakeFiles/HelloWorld.elf.dir/Drivers/STM32F3xx_HAL_Driver/Src/stm32f3xx_hal.c.obj
LOAD CMakeFiles/HelloWorld.elf.dir/Drivers/STM32F3xx_HAL_Driver/Src/stm32f3xx_hal_cortex.c.obj
LOAD CMakeFiles/HelloWorld.elf.dir/Drivers/STM32F3xx_HAL_Driver/Src/stm32f3xx_hal_dma.c.obj
LOAD CMakeFiles/HelloWorld.elf.dir/Drivers/STM32F3xx_HAL_Driver/Src/stm32f3xx_hal_exti.c.obj
LOAD CMakeFiles/HelloWorld.elf.dir/Drivers/STM32F3xx_HAL_Driver/Src/stm32f3xx_hal_flash.c.obj
LOAD CMakeFiles/HelloWorld.elf.dir/Drivers/STM32F3xx_HAL_Driver/Src/stm32f3xx_hal_flash_ex.c.obj
LOAD CMakeFiles/HelloWorld.elf.dir/Drivers/STM32F3xx_HAL_Driver/Src/stm32f3xx_hal_gpio.c.obj
LOAD CMakeFiles/HelloWorld.elf.dir/Drivers/STM32F3xx_HAL_Driver/Src/stm32f3xx_hal_i2c.c.obj
LOAD CMakeFiles/HelloWorld.elf.dir/Drivers/STM32F3xx_HAL_Driver/Src/stm32f3xx_hal_i2c_ex.c.obj
LOAD CMakeFiles/HelloWorld.elf.dir/Drivers/STM32F3xx_HAL_Driver/Src/stm32f3xx_hal_pwr.c.obj
LOAD CMakeFiles/HelloWorld.elf.dir/Drivers/STM32F3xx_HAL_Driver/Src/stm32f3xx_hal_pwr_ex.c.obj
LOAD CMakeFiles/HelloWorld.elf.dir/Drivers/STM32F3xx_HAL_Driver/Src/stm32f3xx_hal_rcc.c.obj
LOAD CMakeFiles/HelloWorld.elf.dir/Drivers/STM32F3xx_HAL_Driver/Src/stm32f3xx_hal_rcc_ex.c.obj
LOAD CMakeFiles/HelloWorld.elf.dir/Drivers/STM32F3xx_HAL_Driver/Src/stm32f3xx_hal_tim.c.obj
LOAD CMakeFiles/HelloWorld.elf.dir/Drivers/STM32F3xx_HAL_Driver/Src/stm32f3xx_hal_tim_ex.c.obj
LOAD CMakeFiles/HelloWorld.elf.dir/Drivers/STM32F3xx_HAL_Driver/Src/stm32f3xx_hal_uart.c.obj
LOAD CMakeFiles/HelloWorld.elf.dir/Drivers/STM32F3xx_HAL_Driver/Src/stm32f3xx_hal_uart_ex.c.obj
LOAD CMakeFiles/HelloWorld.elf.dir/Middlewares/Third_Party/FreeRTOS/Source/CMSIS_RTOS/cmsis_os.c.obj
LOAD CMakeFiles/HelloWorld.elf.dir/Middlewares/Third_Party/FreeRTOS/Source/croutine.c.obj
LOAD CMakeFiles/HelloWorld.elf.dir/Middlewares/Third_Party/FreeRTOS/Source/event_groups.c.obj
LOAD CMakeFiles/HelloWorld.elf.dir/Middlewares/Third_Party/FreeRTOS/Source/list.c.obj
LOAD CMakeFiles/HelloWorld.elf.dir/Middlewares/Third_Party/FreeRTOS/Source/portable/GCC/ARM_CM4F/port.c.obj
LOAD CMakeFiles/HelloWorld.elf.dir/Middlewares/Third_Party/FreeRTOS/Source/portable/MemMang/heap_4.c.obj
LOAD CMakeFiles/HelloWorld.elf.dir/Middlewares/Third_Party/FreeRTOS/Source/queue.c.obj
LOAD CMakeFiles/HelloWorld.elf.dir/Middlewares/Third_Party/FreeRTOS/Source/stream_buffer.c.obj
LOAD CMakeFiles/HelloWorld.elf.dir/Middlewares/Third_Party/FreeRTOS/Source/tasks.c.obj
LOAD CMakeFiles/HelloWorld.elf.dir/Middlewares/Third_Party/FreeRTOS/Source/timers.c.obj
LOAD d:/programs/gnu_arm_toolchain/bin/../lib/gcc/arm-none-eabi/10.3.1/../../../../arm-none-eabi/lib/thumb/v7e-m+fp/hard\libstdc++.a
LOAD d:/programs/gnu_arm_toolchain/bin/../lib/gcc/arm-none-eabi/10.3.1/../../../../arm-none-eabi/lib/thumb/v7e-m+fp/hard\libm.a
START GROUP
LOAD d:/programs/gnu_arm_toolchain/bin/../lib/gcc/arm-none-eabi/10.3.1/thumb/v7e-m+fp/hard\libgcc.a
LOAD d:/programs/gnu_arm_toolchain/bin/../lib/gcc/arm-none-eabi/10.3.1/../../../../arm-none-eabi/lib/thumb/v7e-m+fp/hard\libg.a
LOAD d:/programs/gnu_arm_toolchain/bin/../lib/gcc/arm-none-eabi/10.3.1/../../../../arm-none-eabi/lib/thumb/v7e-m+fp/hard\libc.a
END GROUP
LOAD d:/programs/gnu_arm_toolchain/bin/../lib/gcc/arm-none-eabi/10.3.1/thumb/v7e-m+fp/hard/crtend.o
LOAD d:/programs/gnu_arm_toolchain/bin/../lib/gcc/arm-none-eabi/10.3.1/thumb/v7e-m+fp/hard/crtn.o
                0x2000a000                _estack = (ORIGIN (RAM) + LENGTH (RAM))
                0x00000200                _Min_Heap_Size = 0x200
                0x00000400                _Min_Stack_Size = 0x400

.isr_vector     0x08000000      0x188
                0x08000000                . = ALIGN (0x4)
 *(.isr_vector)
 .isr_vector    0x08000000      0x188 CMakeFiles/HelloWorld.elf.dir/Core/Startup/startup_stm32f303vctx.s.obj
                0x08000000                g_pfnVectors
                0x08000188                . = ALIGN (0x4)

.text           0x08000190     0x37c4
                0x08000190                . = ALIGN (0x4)
 *(.text)
 .text          0x08000190       0x40 d:/programs/gnu_arm_toolchain/bin/../lib/gcc/arm-none-eabi/10.3.1/thumb/v7e-m+fp/hard/crtbegin.o
 .text          0x080001d0      0x134 d:/programs/gnu_arm_toolchain/bin/../lib/gcc/arm-none-eabi/10.3.1/../../../../arm-none-eabi/lib/thumb/v7e-m+fp/hard\libg.a(lib_a-memcpy.o)
                0x080001d0                memcpy
 *(.text*)
 .text.vApplicationGetIdleTaskMemory
                0x08000304       0x18 CMakeFiles/HelloWorld.elf.dir/Core/Src/freertos.c.obj
                0x08000304                vApplicationGetIdleTaskMemory
 .text.MX_GPIO_Init
                0x0800031c       0x88 CMakeFiles/HelloWorld.elf.dir/Core/Src/main.c.obj
 .text.StartTask2
                0x080003a4       0x78 CMakeFiles/HelloWorld.elf.dir/Core/Src/main.c.obj
                0x080003a4                StartTask2
 .text.StartDefaultTask
                0x0800041c       0x80 CMakeFiles/HelloWorld.elf.dir/Core/Src/main.c.obj
                0x0800041c                StartDefaultTask
 .text.HAL_TIM_PeriodElapsedCallback
                0x0800049c       0x18 CMakeFiles/HelloWorld.elf.dir/Core/Src/main.c.obj
                0x0800049c                HAL_TIM_PeriodElapsedCallback
 .text.Error_Handler
                0x080004b4        0x4 CMakeFiles/HelloWorld.elf.dir/Core/Src/main.c.obj
                0x080004b4                Error_Handler
 .text.MX_USART1_UART_Init
                0x080004b8       0x38 CMakeFiles/HelloWorld.elf.dir/Core/Src/main.c.obj
 .text.SystemClock_Config
                0x080004f0       0x6e CMakeFiles/HelloWorld.elf.dir/Core/Src/main.c.obj
                0x080004f0                SystemClock_Config
 *fill*         0x0800055e        0x2 
 .text.main     0x08000560       0x7c CMakeFiles/HelloWorld.elf.dir/Core/Src/main.c.obj
                0x08000560                main
 .text.HAL_MspInit
                0x080005dc       0x40 CMakeFiles/HelloWorld.elf.dir/Core/Src/stm32f3xx_hal_msp.c.obj
                0x080005dc                HAL_MspInit
 .text.HAL_UART_MspInit
                0x0800061c       0x68 CMakeFiles/HelloWorld.elf.dir/Core/Src/stm32f3xx_hal_msp.c.obj
                0x0800061c                HAL_UART_MspInit
 .text.HAL_InitTick
                0x08000684       0x78 CMakeFiles/HelloWorld.elf.dir/Core/Src/stm32f3xx_hal_timebase_tim.c.obj
                0x08000684                HAL_InitTick
 .text.NMI_Handler
                0x080006fc        0x2 CMakeFiles/HelloWorld.elf.dir/Core/Src/stm32f3xx_it.c.obj
                0x080006fc                NMI_Handler
 .text.HardFault_Handler
                0x080006fe        0x2 CMakeFiles/HelloWorld.elf.dir/Core/Src/stm32f3xx_it.c.obj
                0x080006fe                HardFault_Handler
 .text.MemManage_Handler
                0x08000700        0x2 CMakeFiles/HelloWorld.elf.dir/Core/Src/stm32f3xx_it.c.obj
                0x08000700                MemManage_Handler
 .text.BusFault_Handler
                0x08000702        0x2 CMakeFiles/HelloWorld.elf.dir/Core/Src/stm32f3xx_it.c.obj
                0x08000702                BusFault_Handler
 .text.UsageFault_Handler
                0x08000704        0x2 CMakeFiles/HelloWorld.elf.dir/Core/Src/stm32f3xx_it.c.obj
                0x08000704                UsageFault_Handler
 .text.DebugMon_Handler
                0x08000706        0x2 CMakeFiles/HelloWorld.elf.dir/Core/Src/stm32f3xx_it.c.obj
                0x08000706                DebugMon_Handler
 .text.TIM1_UP_TIM16_IRQHandler
                0x08000708       0x10 CMakeFiles/HelloWorld.elf.dir/Core/Src/stm32f3xx_it.c.obj
                0x08000708                TIM1_UP_TIM16_IRQHandler
 .text._sbrk    0x08000718       0x48 CMakeFiles/HelloWorld.elf.dir/Core/Src/sysmem.c.obj
                0x08000718                _sbrk
 .text.SystemInit
                0x08000760       0x14 CMakeFiles/HelloWorld.elf.dir/Core/Src/system_stm32f3xx.c.obj
                0x08000760                SystemInit
 .text.Reset_Handler
                0x08000774       0x50 CMakeFiles/HelloWorld.elf.dir/Core/Startup/startup_stm32f303vctx.s.obj
                0x08000774                Reset_Handler
 .text.Default_Handler
                0x080007c4        0x2 CMakeFiles/HelloWorld.elf.dir/Core/Startup/startup_stm32f303vctx.s.obj
                0x080007c4                RTC_Alarm_IRQHandler
                0x080007c4                TIM8_TRG_COM_IRQHandler
                0x080007c4                TIM8_CC_IRQHandler
                0x080007c4                TIM1_CC_IRQHandler
                0x080007c4                USB_HP_IRQHandler
                0x080007c4                PVD_IRQHandler
                0x080007c4                TAMP_STAMP_IRQHandler
                0x080007c4                EXTI3_IRQHandler
                0x080007c4                USB_HP_CAN_TX_IRQHandler
                0x080007c4                EXTI0_IRQHandler
                0x080007c4                I2C2_EV_IRQHandler
                0x080007c4                FPU_IRQHandler
                0x080007c4                ADC1_2_IRQHandler
                0x080007c4                SPI1_IRQHandler
                0x080007c4                CAN_SCE_IRQHandler
                0x080007c4                TIM6_DAC_IRQHandler
                0x080007c4                TIM8_UP_IRQHandler
                0x080007c4                DMA2_Channel2_IRQHandler
                0x080007c4                DMA1_Channel4_IRQHandler
                0x080007c4                USART3_IRQHandler
                0x080007c4                DMA1_Channel7_IRQHandler
                0x080007c4                UART5_IRQHandler
                0x080007c4                ADC3_IRQHandler
                0x080007c4                TIM4_IRQHandler
                0x080007c4                CAN_RX1_IRQHandler
                0x080007c4                DMA2_Channel1_IRQHandler
                0x080007c4                I2C1_EV_IRQHandler
                0x080007c4                DMA1_Channel6_IRQHandler
                0x080007c4                UART4_IRQHandler
                0x080007c4                DMA2_Channel4_IRQHandler
                0x080007c4                TIM3_IRQHandler
                0x080007c4                RCC_IRQHandler
                0x080007c4                DMA1_Channel1_IRQHandler
                0x080007c4                Default_Handler
                0x080007c4                USBWakeUp_RMP_IRQHandler
                0x080007c4                EXTI15_10_IRQHandler
                0x080007c4                TIM7_IRQHandler
                0x080007c4                EXTI9_5_IRQHandler
                0x080007c4                RTC_WKUP_IRQHandler
                0x080007c4                SPI2_IRQHandler
                0x080007c4                USB_LP_CAN_RX0_IRQHandler
                0x080007c4                DMA2_Channel5_IRQHandler
                0x080007c4                DMA1_Channel5_IRQHandler
                0x080007c4                USB_LP_IRQHandler
                0x080007c4                EXTI4_IRQHandler
                0x080007c4                TIM1_TRG_COM_TIM17_IRQHandler
                0x080007c4                DMA1_Channel3_IRQHandler
                0x080007c4                ADC4_IRQHandler
                0x080007c4                WWDG_IRQHandler
                0x080007c4                TIM2_IRQHandler
                0x080007c4                COMP7_IRQHandler
                0x080007c4                COMP1_2_3_IRQHandler
                0x080007c4                EXTI1_IRQHandler
                0x080007c4                USART2_IRQHandler
                0x080007c4                COMP4_5_6_IRQHandler
                0x080007c4                I2C2_ER_IRQHandler
                0x080007c4                DMA1_Channel2_IRQHandler
                0x080007c4                TIM8_BRK_IRQHandler
                0x080007c4                FLASH_IRQHandler
                0x080007c4                USART1_IRQHandler
                0x080007c4                SPI3_IRQHandler
                0x080007c4                I2C1_ER_IRQHandler
                0x080007c4                USBWakeUp_IRQHandler
                0x080007c4                DMA2_Channel3_IRQHandler
                0x080007c4                EXTI2_TSC_IRQHandler
                0x080007c4                TIM1_BRK_TIM15_IRQHandler
 *fill*         0x080007c6        0x2 
 .text.HAL_Init
                0x080007c8       0x24 CMakeFiles/HelloWorld.elf.dir/Drivers/STM32F3xx_HAL_Driver/Src/stm32f3xx_hal.c.obj
                0x080007c8                HAL_Init
 .text.HAL_IncTick
                0x080007ec       0x18 CMakeFiles/HelloWorld.elf.dir/Drivers/STM32F3xx_HAL_Driver/Src/stm32f3xx_hal.c.obj
                0x080007ec                HAL_IncTick
 .text.HAL_GetTick
                0x08000804        0xc CMakeFiles/HelloWorld.elf.dir/Drivers/STM32F3xx_HAL_Driver/Src/stm32f3xx_hal.c.obj
                0x08000804                HAL_GetTick
 .text.HAL_NVIC_SetPriorityGrouping
                0x08000810       0x24 CMakeFiles/HelloWorld.elf.dir/Drivers/STM32F3xx_HAL_Driver/Src/stm32f3xx_hal_cortex.c.obj
                0x08000810                HAL_NVIC_SetPriorityGrouping
 .text.HAL_NVIC_SetPriority
                0x08000834       0x70 CMakeFiles/HelloWorld.elf.dir/Drivers/STM32F3xx_HAL_Driver/Src/stm32f3xx_hal_cortex.c.obj
                0x08000834                HAL_NVIC_SetPriority
 .text.HAL_NVIC_EnableIRQ
                0x080008a4       0x1c CMakeFiles/HelloWorld.elf.dir/Drivers/STM32F3xx_HAL_Driver/Src/stm32f3xx_hal_cortex.c.obj
                0x080008a4                HAL_NVIC_EnableIRQ
 .text.HAL_GPIO_Init
                0x080008c0      0x1c8 CMakeFiles/HelloWorld.elf.dir/Drivers/STM32F3xx_HAL_Driver/Src/stm32f3xx_hal_gpio.c.obj
                0x080008c0                HAL_GPIO_Init
 .text.HAL_GPIO_ReadPin
                0x08000a88        0xe CMakeFiles/HelloWorld.elf.dir/Drivers/STM32F3xx_HAL_Driver/Src/stm32f3xx_hal_gpio.c.obj
                0x08000a88                HAL_GPIO_ReadPin
 .text.HAL_GPIO_WritePin
                0x08000a96        0xa CMakeFiles/HelloWorld.elf.dir/Drivers/STM32F3xx_HAL_Driver/Src/stm32f3xx_hal_gpio.c.obj
                0x08000a96                HAL_GPIO_WritePin
 .text.HAL_GPIO_TogglePin
                0x08000aa0       0x12 CMakeFiles/HelloWorld.elf.dir/Drivers/STM32F3xx_HAL_Driver/Src/stm32f3xx_hal_gpio.c.obj
                0x08000aa0                HAL_GPIO_TogglePin
 *fill*         0x08000ab2        0x2 
 .text.HAL_RCC_OscConfig
                0x08000ab4      0x634 CMakeFiles/HelloWorld.elf.dir/Drivers/STM32F3xx_HAL_Driver/Src/stm32f3xx_hal_rcc.c.obj
                0x08000ab4                HAL_RCC_OscConfig
 .text.HAL_RCC_GetSysClockFreq
                0x080010e8       0x70 CMakeFiles/HelloWorld.elf.dir/Drivers/STM32F3xx_HAL_Driver/Src/stm32f3xx_hal_rcc.c.obj
                0x080010e8                HAL_RCC_GetSysClockFreq
 .text.HAL_RCC_ClockConfig
                0x08001158      0x1a8 CMakeFiles/HelloWorld.elf.dir/Drivers/STM32F3xx_HAL_Driver/Src/stm32f3xx_hal_rcc.c.obj
                0x08001158                HAL_RCC_ClockConfig
 .text.HAL_RCC_GetHCLKFreq
                0x08001300        0xc CMakeFiles/HelloWorld.elf.dir/Drivers/STM32F3xx_HAL_Driver/Src/stm32f3xx_hal_rcc.c.obj
                0x08001300                HAL_RCC_GetHCLKFreq
 .text.HAL_RCC_GetPCLK1Freq
                0x0800130c       0x2c CMakeFiles/HelloWorld.elf.dir/Drivers/STM32F3xx_HAL_Driver/Src/stm32f3xx_hal_rcc.c.obj
                0x0800130c                HAL_RCC_GetPCLK1Freq
 .text.HAL_RCC_GetPCLK2Freq
                0x08001338       0x2c CMakeFiles/HelloWorld.elf.dir/Drivers/STM32F3xx_HAL_Driver/Src/stm32f3xx_hal_rcc.c.obj
                0x08001338                HAL_RCC_GetPCLK2Freq
 .text.HAL_RCC_GetClockConfig
                0x08001364       0x3c CMakeFiles/HelloWorld.elf.dir/Drivers/STM32F3xx_HAL_Driver/Src/stm32f3xx_hal_rcc.c.obj
                0x08001364                HAL_RCC_GetClockConfig
 .text.HAL_RCCEx_PeriphCLKConfig
                0x080013a0      0x260 CMakeFiles/HelloWorld.elf.dir/Drivers/STM32F3xx_HAL_Driver/Src/stm32f3xx_hal_rcc_ex.c.obj
                0x080013a0                HAL_RCCEx_PeriphCLKConfig
 .text.HAL_TIM_Base_MspInit
                0x08001600        0x2 CMakeFiles/HelloWorld.elf.dir/Drivers/STM32F3xx_HAL_Driver/Src/stm32f3xx_hal_tim.c.obj
                0x08001600                HAL_TIM_Base_MspInit
 *fill*         0x08001602        0x2 
 .text.HAL_TIM_Base_Start_IT
                0x08001604       0x84 CMakeFiles/HelloWorld.elf.dir/Drivers/STM32F3xx_HAL_Driver/Src/stm32f3xx_hal_tim.c.obj
                0x08001604                HAL_TIM_Base_Start_IT
 .text.HAL_TIM_OC_DelayElapsedCallback
                0x08001688        0x2 CMakeFiles/HelloWorld.elf.dir/Drivers/STM32F3xx_HAL_Driver/Src/stm32f3xx_hal_tim.c.obj
                0x08001688                HAL_TIM_OC_DelayElapsedCallback
 .text.HAL_TIM_IC_CaptureCallback
                0x0800168a        0x2 CMakeFiles/HelloWorld.elf.dir/Drivers/STM32F3xx_HAL_Driver/Src/stm32f3xx_hal_tim.c.obj
                0x0800168a                HAL_TIM_IC_CaptureCallback
 .text.HAL_TIM_PWM_PulseFinishedCallback
                0x0800168c        0x2 CMakeFiles/HelloWorld.elf.dir/Drivers/STM32F3xx_HAL_Driver/Src/stm32f3xx_hal_tim.c.obj
                0x0800168c                HAL_TIM_PWM_PulseFinishedCallback
 .text.HAL_TIM_TriggerCallback
                0x0800168e        0x2 CMakeFiles/HelloWorld.elf.dir/Drivers/STM32F3xx_HAL_Driver/Src/stm32f3xx_hal_tim.c.obj
                0x0800168e                HAL_TIM_TriggerCallback
 .text.HAL_TIM_IRQHandler
                0x08001690      0x19a CMakeFiles/HelloWorld.elf.dir/Drivers/STM32F3xx_HAL_Driver/Src/stm32f3xx_hal_tim.c.obj
                0x08001690                HAL_TIM_IRQHandler
 *fill*         0x0800182a        0x2 
 .text.TIM_Base_SetConfig
                0x0800182c       0xb8 CMakeFiles/HelloWorld.elf.dir/Drivers/STM32F3xx_HAL_Driver/Src/stm32f3xx_hal_tim.c.obj
                0x0800182c                TIM_Base_SetConfig
 .text.HAL_TIM_Base_Init
                0x080018e4       0x60 CMakeFiles/HelloWorld.elf.dir/Drivers/STM32F3xx_HAL_Driver/Src/stm32f3xx_hal_tim.c.obj
                0x080018e4                HAL_TIM_Base_Init
 .text.HAL_TIMEx_CommutCallback
                0x08001944        0x2 CMakeFiles/HelloWorld.elf.dir/Drivers/STM32F3xx_HAL_Driver/Src/stm32f3xx_hal_tim_ex.c.obj
                0x08001944                HAL_TIMEx_CommutCallback
 .text.HAL_TIMEx_BreakCallback
                0x08001946        0x2 CMakeFiles/HelloWorld.elf.dir/Drivers/STM32F3xx_HAL_Driver/Src/stm32f3xx_hal_tim_ex.c.obj
                0x08001946                HAL_TIMEx_BreakCallback
 .text.HAL_TIMEx_Break2Callback
                0x08001948        0x2 CMakeFiles/HelloWorld.elf.dir/Drivers/STM32F3xx_HAL_Driver/Src/stm32f3xx_hal_tim_ex.c.obj
                0x08001948                HAL_TIMEx_Break2Callback
 *fill*         0x0800194a        0x2 
 .text.UART_SetConfig
                0x0800194c      0x250 CMakeFiles/HelloWorld.elf.dir/Drivers/STM32F3xx_HAL_Driver/Src/stm32f3xx_hal_uart.c.obj
                0x0800194c                UART_SetConfig
 .text.UART_AdvFeatureConfig
                0x08001b9c       0xca CMakeFiles/HelloWorld.elf.dir/Drivers/STM32F3xx_HAL_Driver/Src/stm32f3xx_hal_uart.c.obj
                0x08001b9c                UART_AdvFeatureConfig
 .text.UART_WaitOnFlagUntilTimeout
                0x08001c66       0xd4 CMakeFiles/HelloWorld.elf.dir/Drivers/STM32F3xx_HAL_Driver/Src/stm32f3xx_hal_uart.c.obj
                0x08001c66                UART_WaitOnFlagUntilTimeout
 .text.UART_CheckIdleState
                0x08001d3a       0x70 CMakeFiles/HelloWorld.elf.dir/Drivers/STM32F3xx_HAL_Driver/Src/stm32f3xx_hal_uart.c.obj
                0x08001d3a                UART_CheckIdleState
 .text.HAL_UART_Init
                0x08001daa       0x62 CMakeFiles/HelloWorld.elf.dir/Drivers/STM32F3xx_HAL_Driver/Src/stm32f3xx_hal_uart.c.obj
                0x08001daa                HAL_UART_Init
 .text.makeFreeRtosPriority
                0x08001e0c        0xc CMakeFiles/HelloWorld.elf.dir/Middlewares/Third_Party/FreeRTOS/Source/CMSIS_RTOS/cmsis_os.c.obj
 .text.osKernelStart
                0x08001e18        0xa CMakeFiles/HelloWorld.elf.dir/Middlewares/Third_Party/FreeRTOS/Source/CMSIS_RTOS/cmsis_os.c.obj
                0x08001e18                osKernelStart
 .text.osThreadCreate
                0x08001e22       0x6a CMakeFiles/HelloWorld.elf.dir/Middlewares/Third_Party/FreeRTOS/Source/CMSIS_RTOS/cmsis_os.c.obj
                0x08001e22                osThreadCreate
 .text.osDelay  0x08001e8c        0xe CMakeFiles/HelloWorld.elf.dir/Middlewares/Third_Party/FreeRTOS/Source/CMSIS_RTOS/cmsis_os.c.obj
                0x08001e8c                osDelay
 .text.vListInitialise
                0x08001e9a       0x16 CMakeFiles/HelloWorld.elf.dir/Middlewares/Third_Party/FreeRTOS/Source/list.c.obj
                0x08001e9a                vListInitialise
 .text.vListInitialiseItem
                0x08001eb0        0x6 CMakeFiles/HelloWorld.elf.dir/Middlewares/Third_Party/FreeRTOS/Source/list.c.obj
                0x08001eb0                vListInitialiseItem
 .text.vListInsertEnd
                0x08001eb6       0x16 CMakeFiles/HelloWorld.elf.dir/Middlewares/Third_Party/FreeRTOS/Source/list.c.obj
                0x08001eb6                vListInsertEnd
 .text.vListInsert
                0x08001ecc       0x32 CMakeFiles/HelloWorld.elf.dir/Middlewares/Third_Party/FreeRTOS/Source/list.c.obj
                0x08001ecc                vListInsert
 .text.uxListRemove
                0x08001efe       0x26 CMakeFiles/HelloWorld.elf.dir/Middlewares/Third_Party/FreeRTOS/Source/list.c.obj
                0x08001efe                uxListRemove
 .text.prvTaskExitError
                0x08001f24       0x40 CMakeFiles/HelloWorld.elf.dir/Middlewares/Third_Party/FreeRTOS/Source/portable/GCC/ARM_CM4F/port.c.obj
 .text.prvPortStartFirstTask
                0x08001f64       0x28 CMakeFiles/HelloWorld.elf.dir/Middlewares/Third_Party/FreeRTOS/Source/portable/GCC/ARM_CM4F/port.c.obj
 .text.vPortEnableVFP
                0x08001f8c       0x14 CMakeFiles/HelloWorld.elf.dir/Middlewares/Third_Party/FreeRTOS/Source/portable/GCC/ARM_CM4F/port.c.obj
 .text.pxPortInitialiseStack
                0x08001fa0       0x2c CMakeFiles/HelloWorld.elf.dir/Middlewares/Third_Party/FreeRTOS/Source/portable/GCC/ARM_CM4F/port.c.obj
                0x08001fa0                pxPortInitialiseStack
 *fill*         0x08001fcc        0x4 
 .text.SVC_Handler
                0x08001fd0       0x24 CMakeFiles/HelloWorld.elf.dir/Middlewares/Third_Party/FreeRTOS/Source/portable/GCC/ARM_CM4F/port.c.obj
                0x08001fd0                SVC_Handler
 .text.vPortEnterCritical
                0x08001ff4       0x44 CMakeFiles/HelloWorld.elf.dir/Middlewares/Third_Party/FreeRTOS/Source/portable/GCC/ARM_CM4F/port.c.obj
                0x08001ff4                vPortEnterCritical
 .text.vPortExitCritical
                0x08002038       0x2c CMakeFiles/HelloWorld.elf.dir/Middlewares/Third_Party/FreeRTOS/Source/portable/GCC/ARM_CM4F/port.c.obj
                0x08002038                vPortExitCritical
 *fill*         0x08002064        0xc 
 .text.PendSV_Handler
                0x08002070       0x64 CMakeFiles/HelloWorld.elf.dir/Middlewares/Third_Party/FreeRTOS/Source/portable/GCC/ARM_CM4F/port.c.obj
                0x08002070                PendSV_Handler
 .text.SysTick_Handler
                0x080020d4       0x2c CMakeFiles/HelloWorld.elf.dir/Middlewares/Third_Party/FreeRTOS/Source/portable/GCC/ARM_CM4F/port.c.obj
                0x080020d4                SysTick_Handler
 .text.vPortSetupTimerInterrupt
                0x08002100       0x28 CMakeFiles/HelloWorld.elf.dir/Middlewares/Third_Party/FreeRTOS/Source/portable/GCC/ARM_CM4F/port.c.obj
                0x08002100                vPortSetupTimerInterrupt
 .text.xPortStartScheduler
                0x08002128      0x118 CMakeFiles/HelloWorld.elf.dir/Middlewares/Third_Party/FreeRTOS/Source/portable/GCC/ARM_CM4F/port.c.obj
                0x08002128                xPortStartScheduler
 .text.prvHeapInit
                0x08002240       0x64 CMakeFiles/HelloWorld.elf.dir/Middlewares/Third_Party/FreeRTOS/Source/portable/MemMang/heap_4.c.obj
 .text.prvInsertBlockIntoFreeList
                0x080022a4       0x64 CMakeFiles/HelloWorld.elf.dir/Middlewares/Third_Party/FreeRTOS/Source/portable/MemMang/heap_4.c.obj
 .text.pvPortMalloc
                0x08002308       0xf0 CMakeFiles/HelloWorld.elf.dir/Middlewares/Third_Party/FreeRTOS/Source/portable/MemMang/heap_4.c.obj
                0x08002308                pvPortMalloc
 .text.vPortFree
                0x080023f8       0x70 CMakeFiles/HelloWorld.elf.dir/Middlewares/Third_Party/FreeRTOS/Source/portable/MemMang/heap_4.c.obj
                0x080023f8                vPortFree
 .text.prvIsQueueFull
                0x08002468       0x1e CMakeFiles/HelloWorld.elf.dir/Middlewares/Third_Party/FreeRTOS/Source/queue.c.obj
 .text.prvIsQueueEmpty
                0x08002486       0x1a CMakeFiles/HelloWorld.elf.dir/Middlewares/Third_Party/FreeRTOS/Source/queue.c.obj
 .text.prvCopyDataToQueue
                0x080024a0       0x76 CMakeFiles/HelloWorld.elf.dir/Middlewares/Third_Party/FreeRTOS/Source/queue.c.obj
 .text.prvCopyDataFromQueue
                0x08002516       0x24 CMakeFiles/HelloWorld.elf.dir/Middlewares/Third_Party/FreeRTOS/Source/queue.c.obj
 .text.prvUnlockQueue
                0x0800253a       0x6e CMakeFiles/HelloWorld.elf.dir/Middlewares/Third_Party/FreeRTOS/Source/queue.c.obj
 .text.xQueueGenericReset
                0x080025a8       0x84 CMakeFiles/HelloWorld.elf.dir/Middlewares/Third_Party/FreeRTOS/Source/queue.c.obj
                0x080025a8                xQueueGenericReset
 .text.prvInitialiseNewQueue
                0x0800262c       0x1c CMakeFiles/HelloWorld.elf.dir/Middlewares/Third_Party/FreeRTOS/Source/queue.c.obj
 .text.xQueueGenericCreate
                0x08002648       0x4e CMakeFiles/HelloWorld.elf.dir/Middlewares/Third_Party/FreeRTOS/Source/queue.c.obj
                0x08002648                xQueueGenericCreate
 .text.xQueueGenericSend
                0x08002696      0x188 CMakeFiles/HelloWorld.elf.dir/Middlewares/Third_Party/FreeRTOS/Source/queue.c.obj
                0x08002696                xQueueGenericSend
 .text.xQueueReceive
                0x0800281e      0x15e CMakeFiles/HelloWorld.elf.dir/Middlewares/Third_Party/FreeRTOS/Source/queue.c.obj
                0x0800281e                xQueueReceive
 .text.prvResetNextTaskUnblockTime
                0x0800297c       0x2c CMakeFiles/HelloWorld.elf.dir/Middlewares/Third_Party/FreeRTOS/Source/tasks.c.obj
 .text.prvInitialiseNewTask
                0x080029a8       0xf0 CMakeFiles/HelloWorld.elf.dir/Middlewares/Third_Party/FreeRTOS/Source/tasks.c.obj
 .text.prvInitialiseTaskLists
                0x08002a98       0x68 CMakeFiles/HelloWorld.elf.dir/Middlewares/Third_Party/FreeRTOS/Source/tasks.c.obj
 .text.prvAddNewTaskToReadyList
                0x08002b00       0xa8 CMakeFiles/HelloWorld.elf.dir/Middlewares/Third_Party/FreeRTOS/Source/tasks.c.obj
 .text.prvDeleteTCB
                0x08002ba8       0x40 CMakeFiles/HelloWorld.elf.dir/Middlewares/Third_Party/FreeRTOS/Source/tasks.c.obj
 .text.prvCheckTasksWaitingTermination
                0x08002be8       0x4c CMakeFiles/HelloWorld.elf.dir/Middlewares/Third_Party/FreeRTOS/Source/tasks.c.obj
 .text.prvIdleTask
                0x08002c34       0x28 CMakeFiles/HelloWorld.elf.dir/Middlewares/Third_Party/FreeRTOS/Source/tasks.c.obj
 .text.prvAddCurrentTaskToDelayedList
                0x08002c5c       0x98 CMakeFiles/HelloWorld.elf.dir/Middlewares/Third_Party/FreeRTOS/Source/tasks.c.obj
 .text.xTaskCreateStatic
                0x08002cf4       0x78 CMakeFiles/HelloWorld.elf.dir/Middlewares/Third_Party/FreeRTOS/Source/tasks.c.obj
                0x08002cf4                xTaskCreateStatic
 .text.xTaskCreate
                0x08002d6c       0x6a CMakeFiles/HelloWorld.elf.dir/Middlewares/Third_Party/FreeRTOS/Source/tasks.c.obj
                0x08002d6c                xTaskCreate
 *fill*         0x08002dd6        0x2 
 .text.vTaskStartScheduler
                0x08002dd8       0x84 CMakeFiles/HelloWorld.elf.dir/Middlewares/Third_Party/FreeRTOS/Source/tasks.c.obj
                0x08002dd8                vTaskStartScheduler
 .text.vTaskSuspendAll
                0x08002e5c       0x10 CMakeFiles/HelloWorld.elf.dir/Middlewares/Third_Party/FreeRTOS/Source/tasks.c.obj
                0x08002e5c                vTaskSuspendAll
 .text.xTaskIncrementTick
                0x08002e6c      0x118 CMakeFiles/HelloWorld.elf.dir/Middlewares/Third_Party/FreeRTOS/Source/tasks.c.obj
                0x08002e6c                xTaskIncrementTick
 .text.xTaskResumeAll
                0x08002f84       0xf8 CMakeFiles/HelloWorld.elf.dir/Middlewares/Third_Party/FreeRTOS/Source/tasks.c.obj
                0x08002f84                xTaskResumeAll
 .text.vTaskDelay
                0x0800307c       0x4c CMakeFiles/HelloWorld.elf.dir/Middlewares/Third_Party/FreeRTOS/Source/tasks.c.obj
                0x0800307c                vTaskDelay
 .text.vTaskSwitchContext
                0x080030c8       0xa4 CMakeFiles/HelloWorld.elf.dir/Middlewares/Third_Party/FreeRTOS/Source/tasks.c.obj
                0x080030c8                vTaskSwitchContext
 .text.vTaskPlaceOnEventList
                0x0800316c       0x30 CMakeFiles/HelloWorld.elf.dir/Middlewares/Third_Party/FreeRTOS/Source/tasks.c.obj
                0x0800316c                vTaskPlaceOnEventList
 .text.xTaskRemoveFromEventList
                0x0800319c       0x8c CMakeFiles/HelloWorld.elf.dir/Middlewares/Third_Party/FreeRTOS/Source/tasks.c.obj
                0x0800319c                xTaskRemoveFromEventList
 .text.vTaskInternalSetTimeOutState
                0x08003228       0x18 CMakeFiles/HelloWorld.elf.dir/Middlewares/Third_Party/FreeRTOS/Source/tasks.c.obj
                0x08003228                vTaskInternalSetTimeOutState
 .text.xTaskCheckForTimeOut
                0x08003240       0x84 CMakeFiles/HelloWorld.elf.dir/Middlewares/Third_Party/FreeRTOS/Source/tasks.c.obj
                0x08003240                xTaskCheckForTimeOut
 .text.vTaskMissedYield
                0x080032c4        0xc CMakeFiles/HelloWorld.elf.dir/Middlewares/Third_Party/FreeRTOS/Source/tasks.c.obj
                0x080032c4                vTaskMissedYield
 .text.xTaskGetSchedulerState
                0x080032d0       0x20 CMakeFiles/HelloWorld.elf.dir/Middlewares/Third_Party/FreeRTOS/Source/tasks.c.obj
                0x080032d0                xTaskGetSchedulerState
 .text.xTaskPriorityDisinherit
                0x080032f0       0xb4 CMakeFiles/HelloWorld.elf.dir/Middlewares/Third_Party/FreeRTOS/Source/tasks.c.obj
                0x080032f0                xTaskPriorityDisinherit
 .text.__errno  0x080033a4        0xc d:/programs/gnu_arm_toolchain/bin/../lib/gcc/arm-none-eabi/10.3.1/../../../../arm-none-eabi/lib/thumb/v7e-m+fp/hard\libg.a(lib_a-errno.o)
                0x080033a4                __errno
 .text.__libc_init_array
                0x080033b0       0x48 d:/programs/gnu_arm_toolchain/bin/../lib/gcc/arm-none-eabi/10.3.1/../../../../arm-none-eabi/lib/thumb/v7e-m+fp/hard\libg.a(lib_a-init.o)
                0x080033b0                __libc_init_array
 .text.memset   0x080033f8       0xa4 d:/programs/gnu_arm_toolchain/bin/../lib/gcc/arm-none-eabi/10.3.1/../../../../arm-none-eabi/lib/thumb/v7e-m+fp/hard\libg.a(lib_a-memset.o)
                0x080033f8                memset
 .text.cleanup_glue
                0x0800349c       0x48 d:/programs/gnu_arm_toolchain/bin/../lib/gcc/arm-none-eabi/10.3.1/../../../../arm-none-eabi/lib/thumb/v7e-m+fp/hard\libg.a(lib_a-reent.o)
                0x0800349c                cleanup_glue
 .text._reclaim_reent
                0x080034e4       0x90 d:/programs/gnu_arm_toolchain/bin/../lib/gcc/arm-none-eabi/10.3.1/../../../../arm-none-eabi/lib/thumb/v7e-m+fp/hard\libg.a(lib_a-reent.o)
                0x080034e4                _reclaim_reent
 .text.startup.register_fini
                0x08003574       0x14 d:/programs/gnu_arm_toolchain/bin/../lib/gcc/arm-none-eabi/10.3.1/../../../../arm-none-eabi/lib/thumb/v7e-m+fp/hard\libg.a(lib_a-__call_atexit.o)
 .text.atexit   0x08003588        0xc d:/programs/gnu_arm_toolchain/bin/../lib/gcc/arm-none-eabi/10.3.1/../../../../arm-none-eabi/lib/thumb/v7e-m+fp/hard\libg.a(lib_a-atexit.o)
                0x08003588                atexit
 .text.__libc_fini_array
                0x08003594       0x2c d:/programs/gnu_arm_toolchain/bin/../lib/gcc/arm-none-eabi/10.3.1/../../../../arm-none-eabi/lib/thumb/v7e-m+fp/hard\libg.a(lib_a-fini.o)
                0x08003594                __libc_fini_array
 .text._malloc_trim_r
                0x080035c0       0xa0 d:/programs/gnu_arm_toolchain/bin/../lib/gcc/arm-none-eabi/10.3.1/../../../../arm-none-eabi/lib/thumb/v7e-m+fp/hard\libg.a(lib_a-freer.o)
                0x080035c0                _malloc_trim_r
 .text._free_r  0x08003660      0x20c d:/programs/gnu_arm_toolchain/bin/../lib/gcc/arm-none-eabi/10.3.1/../../../../arm-none-eabi/lib/thumb/v7e-m+fp/hard\libg.a(lib_a-freer.o)
                0x08003660                _free_r
 .text.__retarget_lock_acquire_recursive
                0x0800386c        0x4 d:/programs/gnu_arm_toolchain/bin/../lib/gcc/arm-none-eabi/10.3.1/../../../../arm-none-eabi/lib/thumb/v7e-m+fp/hard\libg.a(lib_a-lock.o)
                0x0800386c                __retarget_lock_acquire_recursive
 .text.__retarget_lock_release_recursive
                0x08003870        0x4 d:/programs/gnu_arm_toolchain/bin/../lib/gcc/arm-none-eabi/10.3.1/../../../../arm-none-eabi/lib/thumb/v7e-m+fp/hard\libg.a(lib_a-lock.o)
                0x08003870                __retarget_lock_release_recursive
 .text.__malloc_lock
                0x08003874        0xc d:/programs/gnu_arm_toolchain/bin/../lib/gcc/arm-none-eabi/10.3.1/../../../../arm-none-eabi/lib/thumb/v7e-m+fp/hard\libg.a(lib_a-mlock.o)
                0x08003874                __malloc_lock
 .text.__malloc_unlock
                0x08003880        0xc d:/programs/gnu_arm_toolchain/bin/../lib/gcc/arm-none-eabi/10.3.1/../../../../arm-none-eabi/lib/thumb/v7e-m+fp/hard\libg.a(lib_a-mlock.o)
                0x08003880                __malloc_unlock
 .text._sbrk_r  0x0800388c       0x24 d:/programs/gnu_arm_toolchain/bin/../lib/gcc/arm-none-eabi/10.3.1/../../../../arm-none-eabi/lib/thumb/v7e-m+fp/hard\libg.a(lib_a-sbrkr.o)
                0x0800388c                _sbrk_r
 .text.__register_exitproc
                0x080038b0       0x8c d:/programs/gnu_arm_toolchain/bin/../lib/gcc/arm-none-eabi/10.3.1/../../../../arm-none-eabi/lib/thumb/v7e-m+fp/hard\libg.a(lib_a-__atexit.o)
                0x080038b0                __register_exitproc
 *(.glue_7)
 .glue_7        0x0800393c        0x0 linker stubs
 *(.glue_7t)
 .glue_7t       0x0800393c        0x0 linker stubs
 *(.eh_frame)
 .eh_frame      0x0800393c        0x0 d:/programs/gnu_arm_toolchain/bin/../lib/gcc/arm-none-eabi/10.3.1/thumb/v7e-m+fp/hard/crtbegin.o
 *(.init)
 .init          0x0800393c        0x4 d:/programs/gnu_arm_toolchain/bin/../lib/gcc/arm-none-eabi/10.3.1/thumb/v7e-m+fp/hard/crti.o
                0x0800393c                _init
 .init          0x08003940        0x8 d:/programs/gnu_arm_toolchain/bin/../lib/gcc/arm-none-eabi/10.3.1/thumb/v7e-m+fp/hard/crtn.o
 *(.fini)
 .fini          0x08003948        0x4 d:/programs/gnu_arm_toolchain/bin/../lib/gcc/arm-none-eabi/10.3.1/thumb/v7e-m+fp/hard/crti.o
                0x08003948                _fini
 .fini          0x0800394c        0x8 d:/programs/gnu_arm_toolchain/bin/../lib/gcc/arm-none-eabi/10.3.1/thumb/v7e-m+fp/hard/crtn.o
                0x08003954                . = ALIGN (0x4)
                0x08003954                _etext = .

.vfp11_veneer   0x08003954        0x0
 .vfp11_veneer  0x08003954        0x0 linker stubs

.v4_bx          0x08003954        0x0
 .v4_bx         0x08003954        0x0 linker stubs

.iplt           0x08003954        0x0
 .iplt          0x08003954        0x0 d:/programs/gnu_arm_toolchain/bin/../lib/gcc/arm-none-eabi/10.3.1/thumb/v7e-m+fp/hard/crtbegin.o

.rodata         0x08003954       0xa0
                0x08003954                . = ALIGN (0x4)
 *(.rodata)
 .rodata        0x08003954       0x48 CMakeFiles/HelloWorld.elf.dir/Core/Src/main.c.obj
 *(.rodata*)
 .rodata.str1.4
                0x0800399c       0x12 CMakeFiles/HelloWorld.elf.dir/Core/Src/main.c.obj
 *fill*         0x080039ae        0x2 
 .rodata.AHBPrescTable
                0x080039b0       0x10 CMakeFiles/HelloWorld.elf.dir/Core/Src/system_stm32f3xx.c.obj
                0x080039b0                AHBPrescTable
 .rodata.APBPrescTable
                0x080039c0        0x8 CMakeFiles/HelloWorld.elf.dir/Core/Src/system_stm32f3xx.c.obj
                0x080039c0                APBPrescTable
 .rodata.aPLLMULFactorTable
                0x080039c8       0x10 CMakeFiles/HelloWorld.elf.dir/Drivers/STM32F3xx_HAL_Driver/Src/stm32f3xx_hal_rcc.c.obj
                0x080039c8                aPLLMULFactorTable
 .rodata.aPredivFactorTable
                0x080039d8       0x10 CMakeFiles/HelloWorld.elf.dir/Drivers/STM32F3xx_HAL_Driver/Src/stm32f3xx_hal_rcc.c.obj
                0x080039d8                aPredivFactorTable
 .rodata.vTaskStartScheduler.str1.4
                0x080039e8        0x5 CMakeFiles/HelloWorld.elf.dir/Middlewares/Third_Party/FreeRTOS/Source/tasks.c.obj
 *fill*         0x080039ed        0x3 
 .rodata._global_impure_ptr
                0x080039f0        0x4 d:/programs/gnu_arm_toolchain/bin/../lib/gcc/arm-none-eabi/10.3.1/../../../../arm-none-eabi/lib/thumb/v7e-m+fp/hard\libg.a(lib_a-impure.o)
                0x080039f0                _global_impure_ptr
                0x080039f4                . = ALIGN (0x4)

.rel.dyn        0x080039f4        0x0
 .rel.iplt      0x080039f4        0x0 d:/programs/gnu_arm_toolchain/bin/../lib/gcc/arm-none-eabi/10.3.1/thumb/v7e-m+fp/hard/crtbegin.o

.ARM.extab      0x080039f4        0x0
                0x080039f4                . = ALIGN (0x4)
 *(.ARM.extab* .gnu.linkonce.armextab.*)
                0x080039f4                . = ALIGN (0x4)

.ARM            0x080039f4        0x0
                0x080039f4                . = ALIGN (0x4)
                0x080039f4                __exidx_start = .
 *(.ARM.exidx*)
                0x080039f4                __exidx_end = .
                0x080039f4                . = ALIGN (0x4)

.preinit_array  0x080039f4        0x0
                0x080039f4                . = ALIGN (0x4)
                0x080039f4                PROVIDE (__preinit_array_start = .)
 *(.preinit_array*)
                0x080039f4                PROVIDE (__preinit_array_end = .)
                0x080039f4                . = ALIGN (0x4)

.init_array     0x080039f4        0x8
                0x080039f4                . = ALIGN (0x4)
                0x080039f4                PROVIDE (__init_array_start = .)
 *(SORT_BY_NAME(.init_array.*))
 .init_array.00000
                0x080039f4        0x4 d:/programs/gnu_arm_toolchain/bin/../lib/gcc/arm-none-eabi/10.3.1/../../../../arm-none-eabi/lib/thumb/v7e-m+fp/hard\libg.a(lib_a-__call_atexit.o)
 *(.init_array*)
 .init_array    0x080039f8        0x4 d:/programs/gnu_arm_toolchain/bin/../lib/gcc/arm-none-eabi/10.3.1/thumb/v7e-m+fp/hard/crtbegin.o
                0x080039fc                PROVIDE (__init_array_end = .)
                0x080039fc                . = ALIGN (0x4)

.fini_array     0x080039fc        0x4
                0x080039fc                . = ALIGN (0x4)
                0x080039fc                PROVIDE (__fini_array_start = .)
 *(SORT_BY_NAME(.fini_array.*))
 *(.fini_array*)
 .fini_array    0x080039fc        0x4 d:/programs/gnu_arm_toolchain/bin/../lib/gcc/arm-none-eabi/10.3.1/thumb/v7e-m+fp/hard/crtbegin.o
                0x08003a00                PROVIDE (__fini_array_end = .)
                0x08003a00                . = ALIGN (0x4)
                0x08003a00                _sidata = LOADADDR (.data)

.data           0x20000000      0x854 load address 0x08003a00
                0x20000000                . = ALIGN (0x4)
                0x20000000                _sdata = .
 *(.data)
 *(.data*)
 .data.SystemCoreClock
                0x20000000        0x4 CMakeFiles/HelloWorld.elf.dir/Core/Src/system_stm32f3xx.c.obj
                0x20000000                SystemCoreClock
 .data.uwTickFreq
                0x20000004        0x1 CMakeFiles/HelloWorld.elf.dir/Drivers/STM32F3xx_HAL_Driver/Src/stm32f3xx_hal.c.obj
                0x20000004                uwTickFreq
 *fill*         0x20000005        0x3 
 .data.uwTickPrio
                0x20000008        0x4 CMakeFiles/HelloWorld.elf.dir/Drivers/STM32F3xx_HAL_Driver/Src/stm32f3xx_hal.c.obj
                0x20000008                uwTickPrio
 .data.uxCriticalNesting
                0x2000000c        0x4 CMakeFiles/HelloWorld.elf.dir/Middlewares/Third_Party/FreeRTOS/Source/portable/GCC/ARM_CM4F/port.c.obj
 .data._impure_ptr
                0x20000010        0x4 d:/programs/gnu_arm_toolchain/bin/../lib/gcc/arm-none-eabi/10.3.1/../../../../arm-none-eabi/lib/thumb/v7e-m+fp/hard\libg.a(lib_a-impure.o)
                0x20000010                _impure_ptr
 *fill*         0x20000014        0x4 
 .data.impure_data
                0x20000018      0x428 d:/programs/gnu_arm_toolchain/bin/../lib/gcc/arm-none-eabi/10.3.1/../../../../arm-none-eabi/lib/thumb/v7e-m+fp/hard\libg.a(lib_a-impure.o)
 .data.__atexit_recursive_mutex
                0x20000440        0x4 d:/programs/gnu_arm_toolchain/bin/../lib/gcc/arm-none-eabi/10.3.1/../../../../arm-none-eabi/lib/thumb/v7e-m+fp/hard\libg.a(lib_a-__call_atexit.o)
                0x20000440                __atexit_recursive_mutex
 .data.__malloc_av_
                0x20000444      0x408 d:/programs/gnu_arm_toolchain/bin/../lib/gcc/arm-none-eabi/10.3.1/../../../../arm-none-eabi/lib/thumb/v7e-m+fp/hard\libg.a(lib_a-mallocr.o)
                0x20000444                __malloc_av_
 .data.__malloc_sbrk_base
                0x2000084c        0x4 d:/programs/gnu_arm_toolchain/bin/../lib/gcc/arm-none-eabi/10.3.1/../../../../arm-none-eabi/lib/thumb/v7e-m+fp/hard\libg.a(lib_a-mallocr.o)
                0x2000084c                __malloc_sbrk_base
 .data.__malloc_trim_threshold
                0x20000850        0x4 d:/programs/gnu_arm_toolchain/bin/../lib/gcc/arm-none-eabi/10.3.1/../../../../arm-none-eabi/lib/thumb/v7e-m+fp/hard\libg.a(lib_a-mallocr.o)
                0x20000850                __malloc_trim_threshold
 *(.RamFunc)
 *(.RamFunc*)
                0x20000854                . = ALIGN (0x4)
                0x20000854                _edata = .
                0x08004254                _siccmram = LOADADDR (.ccmram)

.igot.plt       0x20000854        0x0 load address 0x08004254
 .igot.plt      0x20000854        0x0 d:/programs/gnu_arm_toolchain/bin/../lib/gcc/arm-none-eabi/10.3.1/thumb/v7e-m+fp/hard/crtbegin.o

.ccmram         0x10000000        0x0 load address 0x08004254
                0x10000000                . = ALIGN (0x4)
                0x10000000                _sccmram = .
 *(.ccmram)
 *(.ccmram*)
                0x10000000                . = ALIGN (0x4)
                0x10000000                _eccmram = .
                0x10000000                . = ALIGN (0x4)

.bss            0x20000858     0x8104
                0x20000858                _sbss = .
                0x20000858                __bss_start__ = _sbss
 *(.bss)
 .bss           0x20000858       0x1c d:/programs/gnu_arm_toolchain/bin/../lib/gcc/arm-none-eabi/10.3.1/thumb/v7e-m+fp/hard/crtbegin.o
 *(.bss*)
 .bss.xIdleStack
                0x20000874      0x200 CMakeFiles/HelloWorld.elf.dir/Core/Src/freertos.c.obj
 *fill*         0x20000a74        0x4 
 .bss.xIdleTaskTCBBuffer
                0x20000a78      0x480 CMakeFiles/HelloWorld.elf.dir/Core/Src/freertos.c.obj
 .bss.defaultTaskHandle
                0x20000ef8        0x4 CMakeFiles/HelloWorld.elf.dir/Core/Src/main.c.obj
                0x20000ef8                defaultTaskHandle
 .bss.huart1    0x20000efc       0x84 CMakeFiles/HelloWorld.elf.dir/Core/Src/main.c.obj
                0x20000efc                huart1
 .bss.msgQ      0x20000f80        0x4 CMakeFiles/HelloWorld.elf.dir/Core/Src/main.c.obj
                0x20000f80                msgQ
 .bss.htim1     0x20000f84       0x4c CMakeFiles/HelloWorld.elf.dir/Core/Src/stm32f3xx_hal_timebase_tim.c.obj
                0x20000f84                htim1
 .bss.__sbrk_heap_end
                0x20000fd0        0x4 CMakeFiles/HelloWorld.elf.dir/Core/Src/sysmem.c.obj
 .bss.uwTick    0x20000fd4        0x4 CMakeFiles/HelloWorld.elf.dir/Drivers/STM32F3xx_HAL_Driver/Src/stm32f3xx_hal.c.obj
                0x20000fd4                uwTick
 .bss.ucMaxSysCallPriority
                0x20000fd8        0x1 CMakeFiles/HelloWorld.elf.dir/Middlewares/Third_Party/FreeRTOS/Source/portable/GCC/ARM_CM4F/port.c.obj
 *fill*         0x20000fd9        0x3 
 .bss.ulMaxPRIGROUPValue
                0x20000fdc        0x4 CMakeFiles/HelloWorld.elf.dir/Middlewares/Third_Party/FreeRTOS/Source/portable/GCC/ARM_CM4F/port.c.obj
 .bss.pxEnd     0x20000fe0        0x4 CMakeFiles/HelloWorld.elf.dir/Middlewares/Third_Party/FreeRTOS/Source/portable/MemMang/heap_4.c.obj
 .bss.ucHeap    0x20000fe4     0x7800 CMakeFiles/HelloWorld.elf.dir/Middlewares/Third_Party/FreeRTOS/Source/portable/MemMang/heap_4.c.obj
 .bss.xBlockAllocatedBit
                0x200087e4        0x4 CMakeFiles/HelloWorld.elf.dir/Middlewares/Third_Party/FreeRTOS/Source/portable/MemMang/heap_4.c.obj
 .bss.xFreeBytesRemaining
                0x200087e8        0x4 CMakeFiles/HelloWorld.elf.dir/Middlewares/Third_Party/FreeRTOS/Source/portable/MemMang/heap_4.c.obj
 .bss.xMinimumEverFreeBytesRemaining
                0x200087ec        0x4 CMakeFiles/HelloWorld.elf.dir/Middlewares/Third_Party/FreeRTOS/Source/portable/MemMang/heap_4.c.obj
 .bss.xStart    0x200087f0        0x8 CMakeFiles/HelloWorld.elf.dir/Middlewares/Third_Party/FreeRTOS/Source/portable/MemMang/heap_4.c.obj
 .bss.pxCurrentTCB
                0x200087f8        0x4 CMakeFiles/HelloWorld.elf.dir/Middlewares/Third_Party/FreeRTOS/Source/tasks.c.obj
                0x200087f8                pxCurrentTCB
 .bss.pxDelayedTaskList
                0x200087fc        0x4 CMakeFiles/HelloWorld.elf.dir/Middlewares/Third_Party/FreeRTOS/Source/tasks.c.obj
 .bss.pxOverflowDelayedTaskList
                0x20008800        0x4 CMakeFiles/HelloWorld.elf.dir/Middlewares/Third_Party/FreeRTOS/Source/tasks.c.obj
 .bss.pxReadyTasksLists
                0x20008804       0x8c CMakeFiles/HelloWorld.elf.dir/Middlewares/Third_Party/FreeRTOS/Source/tasks.c.obj
 .bss.uxCurrentNumberOfTasks
                0x20008890        0x4 CMakeFiles/HelloWorld.elf.dir/Middlewares/Third_Party/FreeRTOS/Source/tasks.c.obj
 .bss.uxDeletedTasksWaitingCleanUp
                0x20008894        0x4 CMakeFiles/HelloWorld.elf.dir/Middlewares/Third_Party/FreeRTOS/Source/tasks.c.obj
 .bss.uxPendedTicks
                0x20008898        0x4 CMakeFiles/HelloWorld.elf.dir/Middlewares/Third_Party/FreeRTOS/Source/tasks.c.obj
 .bss.uxSchedulerSuspended
                0x2000889c        0x4 CMakeFiles/HelloWorld.elf.dir/Middlewares/Third_Party/FreeRTOS/Source/tasks.c.obj
 .bss.uxTaskNumber
                0x200088a0        0x4 CMakeFiles/HelloWorld.elf.dir/Middlewares/Third_Party/FreeRTOS/Source/tasks.c.obj
 .bss.uxTopReadyPriority
                0x200088a4        0x4 CMakeFiles/HelloWorld.elf.dir/Middlewares/Third_Party/FreeRTOS/Source/tasks.c.obj
 .bss.xDelayedTaskList1
                0x200088a8       0x14 CMakeFiles/HelloWorld.elf.dir/Middlewares/Third_Party/FreeRTOS/Source/tasks.c.obj
 .bss.xDelayedTaskList2
                0x200088bc       0x14 CMakeFiles/HelloWorld.elf.dir/Middlewares/Third_Party/FreeRTOS/Source/tasks.c.obj
 .bss.xIdleTaskHandle
                0x200088d0        0x4 CMakeFiles/HelloWorld.elf.dir/Middlewares/Third_Party/FreeRTOS/Source/tasks.c.obj
 .bss.xNextTaskUnblockTime
                0x200088d4        0x4 CMakeFiles/HelloWorld.elf.dir/Middlewares/Third_Party/FreeRTOS/Source/tasks.c.obj
 .bss.xNumOfOverflows
                0x200088d8        0x4 CMakeFiles/HelloWorld.elf.dir/Middlewares/Third_Party/FreeRTOS/Source/tasks.c.obj
 .bss.xPendingReadyList
                0x200088dc       0x14 CMakeFiles/HelloWorld.elf.dir/Middlewares/Third_Party/FreeRTOS/Source/tasks.c.obj
 .bss.xSchedulerRunning
                0x200088f0        0x4 CMakeFiles/HelloWorld.elf.dir/Middlewares/Third_Party/FreeRTOS/Source/tasks.c.obj
 .bss.xSuspendedTaskList
                0x200088f4       0x14 CMakeFiles/HelloWorld.elf.dir/Middlewares/Third_Party/FreeRTOS/Source/tasks.c.obj
 .bss.xTasksWaitingTermination
                0x20008908       0x14 CMakeFiles/HelloWorld.elf.dir/Middlewares/Third_Party/FreeRTOS/Source/tasks.c.obj
 .bss.xTickCount
                0x2000891c        0x4 CMakeFiles/HelloWorld.elf.dir/Middlewares/Third_Party/FreeRTOS/Source/tasks.c.obj
 .bss.xYieldPending
                0x20008920        0x4 CMakeFiles/HelloWorld.elf.dir/Middlewares/Third_Party/FreeRTOS/Source/tasks.c.obj
 .bss.errno     0x20008924        0x4 d:/programs/gnu_arm_toolchain/bin/../lib/gcc/arm-none-eabi/10.3.1/../../../../arm-none-eabi/lib/thumb/v7e-m+fp/hard\libg.a(lib_a-reent.o)
                0x20008924                errno
 .bss.__lock___atexit_recursive_mutex
                0x20008928        0x1 d:/programs/gnu_arm_toolchain/bin/../lib/gcc/arm-none-eabi/10.3.1/../../../../arm-none-eabi/lib/thumb/v7e-m+fp/hard\libg.a(lib_a-lock.o)
                0x20008928                __lock___atexit_recursive_mutex
 *fill*         0x20008929        0x3 
 .bss.__lock___malloc_recursive_mutex
                0x2000892c        0x1 d:/programs/gnu_arm_toolchain/bin/../lib/gcc/arm-none-eabi/10.3.1/../../../../arm-none-eabi/lib/thumb/v7e-m+fp/hard\libg.a(lib_a-lock.o)
                0x2000892c                __lock___malloc_recursive_mutex
 *fill*         0x2000892d        0x3 
 .bss.__malloc_current_mallinfo
                0x20008930       0x28 d:/programs/gnu_arm_toolchain/bin/../lib/gcc/arm-none-eabi/10.3.1/../../../../arm-none-eabi/lib/thumb/v7e-m+fp/hard\libg.a(lib_a-mallocr.o)
                0x20008930                __malloc_current_mallinfo
 .bss.__malloc_top_pad
                0x20008958        0x4 d:/programs/gnu_arm_toolchain/bin/../lib/gcc/arm-none-eabi/10.3.1/../../../../arm-none-eabi/lib/thumb/v7e-m+fp/hard\libg.a(lib_a-mallocr.o)
                0x20008958                __malloc_top_pad
 *(COMMON)
                0x2000895c                . = ALIGN (0x4)
                0x2000895c                _ebss = .
                0x2000895c                __bss_end__ = _ebss

._user_heap_stack
                0x2000895c      0x604
                0x20008960                . = ALIGN (0x8)
 *fill*         0x2000895c        0x4 
                [!provide]                PROVIDE (end = .)
                0x20008960                PROVIDE (_end = .)
                0x20008b60                . = (. + _Min_Heap_Size)
 *fill*         0x20008960      0x200 
                0x20008f60                . = (. + _Min_Stack_Size)
 *fill*         0x20008b60      0x400 
                0x20008f60                . = ALIGN (0x8)

/DISCARD/
 libc.a(*)
 libm.a(*)
 libgcc.a(*)

.ARM.attributes
                0x00000000       0x30
 *(.ARM.attributes)
 .ARM.attributes
                0x00000000       0x1e d:/programs/gnu_arm_toolchain/bin/../lib/gcc/arm-none-eabi/10.3.1/thumb/v7e-m+fp/hard/crti.o
 .ARM.attributes
                0x0000001e       0x34 d:/programs/gnu_arm_toolchain/bin/../lib/gcc/arm-none-eabi/10.3.1/thumb/v7e-m+fp/hard/crtbegin.o
 .ARM.attributes
                0x00000052       0x34 CMakeFiles/HelloWorld.elf.dir/Core/Src/freertos.c.obj
 .ARM.attributes
                0x00000086       0x34 CMakeFiles/HelloWorld.elf.dir/Core/Src/main.c.obj
 .ARM.attributes
                0x000000ba       0x34 CMakeFiles/HelloWorld.elf.dir/Core/Src/stm32f3xx_hal_msp.c.obj
 .ARM.attributes
                0x000000ee       0x34 CMakeFiles/HelloWorld.elf.dir/Core/Src/stm32f3xx_hal_timebase_tim.c.obj
 .ARM.attributes
                0x00000122       0x34 CMakeFiles/HelloWorld.elf.dir/Core/Src/stm32f3xx_it.c.obj
 .ARM.attributes
                0x00000156       0x34 CMakeFiles/HelloWorld.elf.dir/Core/Src/sysmem.c.obj
 .ARM.attributes
                0x0000018a       0x34 CMakeFiles/HelloWorld.elf.dir/Core/Src/system_stm32f3xx.c.obj
 .ARM.attributes
                0x000001be       0x21 CMakeFiles/HelloWorld.elf.dir/Core/Startup/startup_stm32f303vctx.s.obj
 .ARM.attributes
                0x000001df       0x34 CMakeFiles/HelloWorld.elf.dir/Drivers/STM32F3xx_HAL_Driver/Src/stm32f3xx_hal.c.obj
 .ARM.attributes
                0x00000213       0x34 CMakeFiles/HelloWorld.elf.dir/Drivers/STM32F3xx_HAL_Driver/Src/stm32f3xx_hal_cortex.c.obj
 .ARM.attributes
                0x00000247       0x34 CMakeFiles/HelloWorld.elf.dir/Drivers/STM32F3xx_HAL_Driver/Src/stm32f3xx_hal_gpio.c.obj
 .ARM.attributes
                0x0000027b       0x34 CMakeFiles/HelloWorld.elf.dir/Drivers/STM32F3xx_HAL_Driver/Src/stm32f3xx_hal_rcc.c.obj
 .ARM.attributes
                0x000002af       0x34 CMakeFiles/HelloWorld.elf.dir/Drivers/STM32F3xx_HAL_Driver/Src/stm32f3xx_hal_rcc_ex.c.obj
 .ARM.attributes
                0x000002e3       0x34 CMakeFiles/HelloWorld.elf.dir/Drivers/STM32F3xx_HAL_Driver/Src/stm32f3xx_hal_tim.c.obj
 .ARM.attributes
                0x00000317       0x34 CMakeFiles/HelloWorld.elf.dir/Drivers/STM32F3xx_HAL_Driver/Src/stm32f3xx_hal_tim_ex.c.obj
 .ARM.attributes
                0x0000034b       0x34 CMakeFiles/HelloWorld.elf.dir/Drivers/STM32F3xx_HAL_Driver/Src/stm32f3xx_hal_uart.c.obj
 .ARM.attributes
                0x0000037f       0x34 CMakeFiles/HelloWorld.elf.dir/Middlewares/Third_Party/FreeRTOS/Source/CMSIS_RTOS/cmsis_os.c.obj
 .ARM.attributes
                0x000003b3       0x34 CMakeFiles/HelloWorld.elf.dir/Middlewares/Third_Party/FreeRTOS/Source/list.c.obj
 .ARM.attributes
                0x000003e7       0x34 CMakeFiles/HelloWorld.elf.dir/Middlewares/Third_Party/FreeRTOS/Source/portable/GCC/ARM_CM4F/port.c.obj
 .ARM.attributes
                0x0000041b       0x34 CMakeFiles/HelloWorld.elf.dir/Middlewares/Third_Party/FreeRTOS/Source/portable/MemMang/heap_4.c.obj
 .ARM.attributes
                0x0000044f       0x34 CMakeFiles/HelloWorld.elf.dir/Middlewares/Third_Party/FreeRTOS/Source/queue.c.obj
 .ARM.attributes
                0x00000483       0x34 CMakeFiles/HelloWorld.elf.dir/Middlewares/Third_Party/FreeRTOS/Source/tasks.c.obj
 .ARM.attributes
                0x000004b7       0x34 d:/programs/gnu_arm_toolchain/bin/../lib/gcc/arm-none-eabi/10.3.1/../../../../arm-none-eabi/lib/thumb/v7e-m+fp/hard\libg.a(lib_a-errno.o)
 .ARM.attributes
                0x000004eb       0x34 d:/programs/gnu_arm_toolchain/bin/../lib/gcc/arm-none-eabi/10.3.1/../../../../arm-none-eabi/lib/thumb/v7e-m+fp/hard\libg.a(lib_a-impure.o)
 .ARM.attributes
                0x0000051f       0x34 d:/programs/gnu_arm_toolchain/bin/../lib/gcc/arm-none-eabi/10.3.1/../../../../arm-none-eabi/lib/thumb/v7e-m+fp/hard\libg.a(lib_a-init.o)
 .ARM.attributes
                0x00000553       0x1c d:/programs/gnu_arm_toolchain/bin/../lib/gcc/arm-none-eabi/10.3.1/../../../../arm-none-eabi/lib/thumb/v7e-m+fp/hard\libg.a(lib_a-memcpy.o)
 .ARM.attributes
                0x0000056f       0x34 d:/programs/gnu_arm_toolchain/bin/../lib/gcc/arm-none-eabi/10.3.1/../../../../arm-none-eabi/lib/thumb/v7e-m+fp/hard\libg.a(lib_a-memset.o)
 .ARM.attributes
                0x000005a3       0x34 d:/programs/gnu_arm_toolchain/bin/../lib/gcc/arm-none-eabi/10.3.1/../../../../arm-none-eabi/lib/thumb/v7e-m+fp/hard\libg.a(lib_a-reent.o)
 .ARM.attributes
                0x000005d7       0x34 d:/programs/gnu_arm_toolchain/bin/../lib/gcc/arm-none-eabi/10.3.1/../../../../arm-none-eabi/lib/thumb/v7e-m+fp/hard\libg.a(lib_a-__call_atexit.o)
 .ARM.attributes
                0x0000060b       0x34 d:/programs/gnu_arm_toolchain/bin/../lib/gcc/arm-none-eabi/10.3.1/../../../../arm-none-eabi/lib/thumb/v7e-m+fp/hard\libg.a(lib_a-atexit.o)
 .ARM.attributes
                0x0000063f       0x34 d:/programs/gnu_arm_toolchain/bin/../lib/gcc/arm-none-eabi/10.3.1/../../../../arm-none-eabi/lib/thumb/v7e-m+fp/hard\libg.a(lib_a-fini.o)
 .ARM.attributes
                0x00000673       0x34 d:/programs/gnu_arm_toolchain/bin/../lib/gcc/arm-none-eabi/10.3.1/../../../../arm-none-eabi/lib/thumb/v7e-m+fp/hard\libg.a(lib_a-freer.o)
 .ARM.attributes
                0x000006a7       0x34 d:/programs/gnu_arm_toolchain/bin/../lib/gcc/arm-none-eabi/10.3.1/../../../../arm-none-eabi/lib/thumb/v7e-m+fp/hard\libg.a(lib_a-lock.o)
 .ARM.attributes
                0x000006db       0x34 d:/programs/gnu_arm_toolchain/bin/../lib/gcc/arm-none-eabi/10.3.1/../../../../arm-none-eabi/lib/thumb/v7e-m+fp/hard\libg.a(lib_a-mallocr.o)
 .ARM.attributes
                0x0000070f       0x34 d:/programs/gnu_arm_toolchain/bin/../lib/gcc/arm-none-eabi/10.3.1/../../../../arm-none-eabi/lib/thumb/v7e-m+fp/hard\libg.a(lib_a-mlock.o)
 .ARM.attributes
                0x00000743       0x34 d:/programs/gnu_arm_toolchain/bin/../lib/gcc/arm-none-eabi/10.3.1/../../../../arm-none-eabi/lib/thumb/v7e-m+fp/hard\libg.a(lib_a-sbrkr.o)
 .ARM.attributes
                0x00000777       0x34 d:/programs/gnu_arm_toolchain/bin/../lib/gcc/arm-none-eabi/10.3.1/../../../../arm-none-eabi/lib/thumb/v7e-m+fp/hard\libg.a(lib_a-__atexit.o)
 .ARM.attributes
                0x000007ab       0x1e d:/programs/gnu_arm_toolchain/bin/../lib/gcc/arm-none-eabi/10.3.1/thumb/v7e-m+fp/hard/crtn.o
OUTPUT(HelloWorld.elf elf32-littlearm)
LOAD linker stubs
LOAD d:/programs/gnu_arm_toolchain/bin/../lib/gcc/arm-none-eabi/10.3.1/../../../../arm-none-eabi/lib/thumb/v7e-m+fp/hard\libc.a
LOAD d:/programs/gnu_arm_toolchain/bin/../lib/gcc/arm-none-eabi/10.3.1/../../../../arm-none-eabi/lib/thumb/v7e-m+fp/hard\libm.a
LOAD d:/programs/gnu_arm_toolchain/bin/../lib/gcc/arm-none-eabi/10.3.1/thumb/v7e-m+fp/hard\libgcc.a

.debug_info     0x00000000    0x1be7b
 .debug_info    0x00000000      0xb19 CMakeFiles/HelloWorld.elf.dir/Core/Src/freertos.c.obj
 .debug_info    0x00000b19     0x1f9a CMakeFiles/HelloWorld.elf.dir/Core/Src/main.c.obj
 .debug_info    0x00002ab3      0xb4e CMakeFiles/HelloWorld.elf.dir/Core/Src/stm32f3xx_hal_msp.c.obj
 .debug_info    0x00003601      0xb13 CMakeFiles/HelloWorld.elf.dir/Core/Src/stm32f3xx_hal_timebase_tim.c.obj
 .debug_info    0x00004114      0x6fb CMakeFiles/HelloWorld.elf.dir/Core/Src/stm32f3xx_it.c.obj
 .debug_info    0x0000480f      0x174 CMakeFiles/HelloWorld.elf.dir/Core/Src/sysmem.c.obj
 .debug_info    0x00004983      0x426 CMakeFiles/HelloWorld.elf.dir/Core/Src/system_stm32f3xx.c.obj
 .debug_info    0x00004da9       0x22 CMakeFiles/HelloWorld.elf.dir/Core/Startup/startup_stm32f303vctx.s.obj
 .debug_info    0x00004dcb      0x87b CMakeFiles/HelloWorld.elf.dir/Drivers/STM32F3xx_HAL_Driver/Src/stm32f3xx_hal.c.obj
 .debug_info    0x00005646      0xff4 CMakeFiles/HelloWorld.elf.dir/Drivers/STM32F3xx_HAL_Driver/Src/stm32f3xx_hal_cortex.c.obj
 .debug_info    0x0000663a      0x6c0 CMakeFiles/HelloWorld.elf.dir/Drivers/STM32F3xx_HAL_Driver/Src/stm32f3xx_hal_gpio.c.obj
 .debug_info    0x00006cfa     0x161c CMakeFiles/HelloWorld.elf.dir/Drivers/STM32F3xx_HAL_Driver/Src/stm32f3xx_hal_rcc.c.obj
 .debug_info    0x00008316      0x795 CMakeFiles/HelloWorld.elf.dir/Drivers/STM32F3xx_HAL_Driver/Src/stm32f3xx_hal_rcc_ex.c.obj
 .debug_info    0x00008aab     0x3e8c CMakeFiles/HelloWorld.elf.dir/Drivers/STM32F3xx_HAL_Driver/Src/stm32f3xx_hal_tim.c.obj
 .debug_info    0x0000c937     0x1b86 CMakeFiles/HelloWorld.elf.dir/Drivers/STM32F3xx_HAL_Driver/Src/stm32f3xx_hal_tim_ex.c.obj
 .debug_info    0x0000e4bd     0x4f2c CMakeFiles/HelloWorld.elf.dir/Drivers/STM32F3xx_HAL_Driver/Src/stm32f3xx_hal_uart.c.obj
 .debug_info    0x000133e9     0x2a90 CMakeFiles/HelloWorld.elf.dir/Middlewares/Third_Party/FreeRTOS/Source/CMSIS_RTOS/cmsis_os.c.obj
 .debug_info    0x00015e79      0x2da CMakeFiles/HelloWorld.elf.dir/Middlewares/Third_Party/FreeRTOS/Source/list.c.obj
 .debug_info    0x00016153      0x587 CMakeFiles/HelloWorld.elf.dir/Middlewares/Third_Party/FreeRTOS/Source/portable/GCC/ARM_CM4F/port.c.obj
 .debug_info    0x000166da      0x471 CMakeFiles/HelloWorld.elf.dir/Middlewares/Third_Party/FreeRTOS/Source/portable/MemMang/heap_4.c.obj
 .debug_info    0x00016b4b     0x2221 CMakeFiles/HelloWorld.elf.dir/Middlewares/Third_Party/FreeRTOS/Source/queue.c.obj
 .debug_info    0x00018d6c     0x310f CMakeFiles/HelloWorld.elf.dir/Middlewares/Third_Party/FreeRTOS/Source/tasks.c.obj

.debug_abbrev   0x00000000     0x318b
 .debug_abbrev  0x00000000      0x1cd CMakeFiles/HelloWorld.elf.dir/Core/Src/freertos.c.obj
 .debug_abbrev  0x000001cd      0x387 CMakeFiles/HelloWorld.elf.dir/Core/Src/main.c.obj
 .debug_abbrev  0x00000554      0x18f CMakeFiles/HelloWorld.elf.dir/Core/Src/stm32f3xx_hal_msp.c.obj
 .debug_abbrev  0x000006e3      0x1ec CMakeFiles/HelloWorld.elf.dir/Core/Src/stm32f3xx_hal_timebase_tim.c.obj
 .debug_abbrev  0x000008cf      0x179 CMakeFiles/HelloWorld.elf.dir/Core/Src/stm32f3xx_it.c.obj
 .debug_abbrev  0x00000a48       0xe7 CMakeFiles/HelloWorld.elf.dir/Core/Src/sysmem.c.obj
 .debug_abbrev  0x00000b2f      0x119 CMakeFiles/HelloWorld.elf.dir/Core/Src/system_stm32f3xx.c.obj
 .debug_abbrev  0x00000c48       0x12 CMakeFiles/HelloWorld.elf.dir/Core/Startup/startup_stm32f303vctx.s.obj
 .debug_abbrev  0x00000c5a      0x207 CMakeFiles/HelloWorld.elf.dir/Drivers/STM32F3xx_HAL_Driver/Src/stm32f3xx_hal.c.obj
 .debug_abbrev  0x00000e61      0x36a CMakeFiles/HelloWorld.elf.dir/Drivers/STM32F3xx_HAL_Driver/Src/stm32f3xx_hal_cortex.c.obj
 .debug_abbrev  0x000011cb      0x1e6 CMakeFiles/HelloWorld.elf.dir/Drivers/STM32F3xx_HAL_Driver/Src/stm32f3xx_hal_gpio.c.obj
 .debug_abbrev  0x000013b1      0x2e6 CMakeFiles/HelloWorld.elf.dir/Drivers/STM32F3xx_HAL_Driver/Src/stm32f3xx_hal_rcc.c.obj
 .debug_abbrev  0x00001697      0x275 CMakeFiles/HelloWorld.elf.dir/Drivers/STM32F3xx_HAL_Driver/Src/stm32f3xx_hal_rcc_ex.c.obj
 .debug_abbrev  0x0000190c      0x22b CMakeFiles/HelloWorld.elf.dir/Drivers/STM32F3xx_HAL_Driver/Src/stm32f3xx_hal_tim.c.obj
 .debug_abbrev  0x00001b37      0x241 CMakeFiles/HelloWorld.elf.dir/Drivers/STM32F3xx_HAL_Driver/Src/stm32f3xx_hal_tim_ex.c.obj
 .debug_abbrev  0x00001d78      0x2cc CMakeFiles/HelloWorld.elf.dir/Drivers/STM32F3xx_HAL_Driver/Src/stm32f3xx_hal_uart.c.obj
 .debug_abbrev  0x00002044      0x411 CMakeFiles/HelloWorld.elf.dir/Middlewares/Third_Party/FreeRTOS/Source/CMSIS_RTOS/cmsis_os.c.obj
 .debug_abbrev  0x00002455      0x106 CMakeFiles/HelloWorld.elf.dir/Middlewares/Third_Party/FreeRTOS/Source/list.c.obj
 .debug_abbrev  0x0000255b      0x26b CMakeFiles/HelloWorld.elf.dir/Middlewares/Third_Party/FreeRTOS/Source/portable/GCC/ARM_CM4F/port.c.obj
 .debug_abbrev  0x000027c6      0x238 CMakeFiles/HelloWorld.elf.dir/Middlewares/Third_Party/FreeRTOS/Source/portable/MemMang/heap_4.c.obj
 .debug_abbrev  0x000029fe      0x38c CMakeFiles/HelloWorld.elf.dir/Middlewares/Third_Party/FreeRTOS/Source/queue.c.obj
 .debug_abbrev  0x00002d8a      0x401 CMakeFiles/HelloWorld.elf.dir/Middlewares/Third_Party/FreeRTOS/Source/tasks.c.obj

.debug_aranges  0x00000000     0x1158
 .debug_aranges
                0x00000000       0x20 CMakeFiles/HelloWorld.elf.dir/Core/Src/freertos.c.obj
 .debug_aranges
                0x00000020       0x60 CMakeFiles/HelloWorld.elf.dir/Core/Src/main.c.obj
 .debug_aranges
                0x00000080       0x30 CMakeFiles/HelloWorld.elf.dir/Core/Src/stm32f3xx_hal_msp.c.obj
 .debug_aranges
                0x000000b0       0x30 CMakeFiles/HelloWorld.elf.dir/Core/Src/stm32f3xx_hal_timebase_tim.c.obj
 .debug_aranges
                0x000000e0       0x50 CMakeFiles/HelloWorld.elf.dir/Core/Src/stm32f3xx_it.c.obj
 .debug_aranges
                0x00000130       0x20 CMakeFiles/HelloWorld.elf.dir/Core/Src/sysmem.c.obj
 .debug_aranges
                0x00000150       0x28 CMakeFiles/HelloWorld.elf.dir/Core/Src/system_stm32f3xx.c.obj
 .debug_aranges
                0x00000178       0x28 CMakeFiles/HelloWorld.elf.dir/Core/Startup/startup_stm32f303vctx.s.obj
 .debug_aranges
                0x000001a0       0xe0 CMakeFiles/HelloWorld.elf.dir/Drivers/STM32F3xx_HAL_Driver/Src/stm32f3xx_hal.c.obj
 .debug_aranges
                0x00000280       0xa8 CMakeFiles/HelloWorld.elf.dir/Drivers/STM32F3xx_HAL_Driver/Src/stm32f3xx_hal_cortex.c.obj
 .debug_aranges
                0x00000328       0x58 CMakeFiles/HelloWorld.elf.dir/Drivers/STM32F3xx_HAL_Driver/Src/stm32f3xx_hal_gpio.c.obj
 .debug_aranges
                0x00000380       0x88 CMakeFiles/HelloWorld.elf.dir/Drivers/STM32F3xx_HAL_Driver/Src/stm32f3xx_hal_rcc.c.obj
 .debug_aranges
                0x00000408       0x38 CMakeFiles/HelloWorld.elf.dir/Drivers/STM32F3xx_HAL_Driver/Src/stm32f3xx_hal_rcc_ex.c.obj
 .debug_aranges
                0x00000440      0x3e0 CMakeFiles/HelloWorld.elf.dir/Drivers/STM32F3xx_HAL_Driver/Src/stm32f3xx_hal_tim.c.obj
 .debug_aranges
                0x00000820      0x178 CMakeFiles/HelloWorld.elf.dir/Drivers/STM32F3xx_HAL_Driver/Src/stm32f3xx_hal_tim_ex.c.obj
 .debug_aranges
                0x00000998      0x228 CMakeFiles/HelloWorld.elf.dir/Drivers/STM32F3xx_HAL_Driver/Src/stm32f3xx_hal_uart.c.obj
 .debug_aranges
                0x00000bc0      0x1d8 CMakeFiles/HelloWorld.elf.dir/Middlewares/Third_Party/FreeRTOS/Source/CMSIS_RTOS/cmsis_os.c.obj
 .debug_aranges
                0x00000d98       0x40 CMakeFiles/HelloWorld.elf.dir/Middlewares/Third_Party/FreeRTOS/Source/list.c.obj
 .debug_aranges
                0x00000dd8       0x80 CMakeFiles/HelloWorld.elf.dir/Middlewares/Third_Party/FreeRTOS/Source/portable/GCC/ARM_CM4F/port.c.obj
 .debug_aranges
                0x00000e58       0x50 CMakeFiles/HelloWorld.elf.dir/Middlewares/Third_Party/FreeRTOS/Source/portable/MemMang/heap_4.c.obj
 .debug_aranges
                0x00000ea8      0x108 CMakeFiles/HelloWorld.elf.dir/Middlewares/Third_Party/FreeRTOS/Source/queue.c.obj
 .debug_aranges
                0x00000fb0      0x1a8 CMakeFiles/HelloWorld.elf.dir/Middlewares/Third_Party/FreeRTOS/Source/tasks.c.obj

.debug_ranges   0x00000000     0x1280
 .debug_ranges  0x00000000       0x10 CMakeFiles/HelloWorld.elf.dir/Core/Src/freertos.c.obj
 .debug_ranges  0x00000010       0x80 CMakeFiles/HelloWorld.elf.dir/Core/Src/main.c.obj
 .debug_ranges  0x00000090       0x20 CMakeFiles/HelloWorld.elf.dir/Core/Src/stm32f3xx_hal_msp.c.obj
 .debug_ranges  0x000000b0       0x20 CMakeFiles/HelloWorld.elf.dir/Core/Src/stm32f3xx_hal_timebase_tim.c.obj
 .debug_ranges  0x000000d0       0x40 CMakeFiles/HelloWorld.elf.dir/Core/Src/stm32f3xx_it.c.obj
 .debug_ranges  0x00000110       0x10 CMakeFiles/HelloWorld.elf.dir/Core/Src/sysmem.c.obj
 .debug_ranges  0x00000120       0x18 CMakeFiles/HelloWorld.elf.dir/Core/Src/system_stm32f3xx.c.obj
 .debug_ranges  0x00000138       0x20 CMakeFiles/HelloWorld.elf.dir/Core/Startup/startup_stm32f303vctx.s.obj
 .debug_ranges  0x00000158       0xd0 CMakeFiles/HelloWorld.elf.dir/Drivers/STM32F3xx_HAL_Driver/Src/stm32f3xx_hal.c.obj
 .debug_ranges  0x00000228       0xf8 CMakeFiles/HelloWorld.elf.dir/Drivers/STM32F3xx_HAL_Driver/Src/stm32f3xx_hal_cortex.c.obj
 .debug_ranges  0x00000320       0x48 CMakeFiles/HelloWorld.elf.dir/Drivers/STM32F3xx_HAL_Driver/Src/stm32f3xx_hal_gpio.c.obj
 .debug_ranges  0x00000368       0x98 CMakeFiles/HelloWorld.elf.dir/Drivers/STM32F3xx_HAL_Driver/Src/stm32f3xx_hal_rcc.c.obj
 .debug_ranges  0x00000400       0x28 CMakeFiles/HelloWorld.elf.dir/Drivers/STM32F3xx_HAL_Driver/Src/stm32f3xx_hal_rcc_ex.c.obj
 .debug_ranges  0x00000428      0x3d0 CMakeFiles/HelloWorld.elf.dir/Drivers/STM32F3xx_HAL_Driver/Src/stm32f3xx_hal_tim.c.obj
 .debug_ranges  0x000007f8      0x168 CMakeFiles/HelloWorld.elf.dir/Drivers/STM32F3xx_HAL_Driver/Src/stm32f3xx_hal_tim_ex.c.obj
 .debug_ranges  0x00000960      0x230 CMakeFiles/HelloWorld.elf.dir/Drivers/STM32F3xx_HAL_Driver/Src/stm32f3xx_hal_uart.c.obj
 .debug_ranges  0x00000b90      0x1c8 CMakeFiles/HelloWorld.elf.dir/Middlewares/Third_Party/FreeRTOS/Source/CMSIS_RTOS/cmsis_os.c.obj
 .debug_ranges  0x00000d58       0x30 CMakeFiles/HelloWorld.elf.dir/Middlewares/Third_Party/FreeRTOS/Source/list.c.obj
 .debug_ranges  0x00000d88       0x88 CMakeFiles/HelloWorld.elf.dir/Middlewares/Third_Party/FreeRTOS/Source/portable/GCC/ARM_CM4F/port.c.obj
 .debug_ranges  0x00000e10       0x40 CMakeFiles/HelloWorld.elf.dir/Middlewares/Third_Party/FreeRTOS/Source/portable/MemMang/heap_4.c.obj
 .debug_ranges  0x00000e50      0x1c8 CMakeFiles/HelloWorld.elf.dir/Middlewares/Third_Party/FreeRTOS/Source/queue.c.obj
 .debug_ranges  0x00001018      0x268 CMakeFiles/HelloWorld.elf.dir/Middlewares/Third_Party/FreeRTOS/Source/tasks.c.obj

.debug_line     0x00000000    0x16999
 .debug_line    0x00000000      0x23a CMakeFiles/HelloWorld.elf.dir/Core/Src/freertos.c.obj
 .debug_line    0x0000023a      0x7ad CMakeFiles/HelloWorld.elf.dir/Core/Src/main.c.obj
 .debug_line    0x000009e7      0x2a9 CMakeFiles/HelloWorld.elf.dir/Core/Src/stm32f3xx_hal_msp.c.obj
 .debug_line    0x00000c90      0x2a3 CMakeFiles/HelloWorld.elf.dir/Core/Src/stm32f3xx_hal_timebase_tim.c.obj
 .debug_line    0x00000f33      0x29e CMakeFiles/HelloWorld.elf.dir/Core/Src/stm32f3xx_it.c.obj
 .debug_line    0x000011d1      0x19c CMakeFiles/HelloWorld.elf.dir/Core/Src/sysmem.c.obj
 .debug_line    0x0000136d      0x25c CMakeFiles/HelloWorld.elf.dir/Core/Src/system_stm32f3xx.c.obj
 .debug_line    0x000015c9       0x9e CMakeFiles/HelloWorld.elf.dir/Core/Startup/startup_stm32f303vctx.s.obj
 .debug_line    0x00001667      0x552 CMakeFiles/HelloWorld.elf.dir/Drivers/STM32F3xx_HAL_Driver/Src/stm32f3xx_hal.c.obj
 .debug_line    0x00001bb9      0x777 CMakeFiles/HelloWorld.elf.dir/Drivers/STM32F3xx_HAL_Driver/Src/stm32f3xx_hal_cortex.c.obj
 .debug_line    0x00002330      0x687 CMakeFiles/HelloWorld.elf.dir/Drivers/STM32F3xx_HAL_Driver/Src/stm32f3xx_hal_gpio.c.obj
 .debug_line    0x000029b7     0x11ed CMakeFiles/HelloWorld.elf.dir/Drivers/STM32F3xx_HAL_Driver/Src/stm32f3xx_hal_rcc.c.obj
 .debug_line    0x00003ba4      0xb32 CMakeFiles/HelloWorld.elf.dir/Drivers/STM32F3xx_HAL_Driver/Src/stm32f3xx_hal_rcc_ex.c.obj
 .debug_line    0x000046d6     0x51d1 CMakeFiles/HelloWorld.elf.dir/Drivers/STM32F3xx_HAL_Driver/Src/stm32f3xx_hal_tim.c.obj
 .debug_line    0x000098a7     0x1daf CMakeFiles/HelloWorld.elf.dir/Drivers/STM32F3xx_HAL_Driver/Src/stm32f3xx_hal_tim_ex.c.obj
 .debug_line    0x0000b656     0x509d CMakeFiles/HelloWorld.elf.dir/Drivers/STM32F3xx_HAL_Driver/Src/stm32f3xx_hal_uart.c.obj
 .debug_line    0x000106f3     0x1234 CMakeFiles/HelloWorld.elf.dir/Middlewares/Third_Party/FreeRTOS/Source/CMSIS_RTOS/cmsis_os.c.obj
 .debug_line    0x00011927      0x37a CMakeFiles/HelloWorld.elf.dir/Middlewares/Third_Party/FreeRTOS/Source/list.c.obj
 .debug_line    0x00011ca1      0x72b CMakeFiles/HelloWorld.elf.dir/Middlewares/Third_Party/FreeRTOS/Source/portable/GCC/ARM_CM4F/port.c.obj
 .debug_line    0x000123cc      0x661 CMakeFiles/HelloWorld.elf.dir/Middlewares/Third_Party/FreeRTOS/Source/portable/MemMang/heap_4.c.obj
 .debug_line    0x00012a2d     0x1bcc CMakeFiles/HelloWorld.elf.dir/Middlewares/Third_Party/FreeRTOS/Source/queue.c.obj
 .debug_line    0x000145f9     0x23a0 CMakeFiles/HelloWorld.elf.dir/Middlewares/Third_Party/FreeRTOS/Source/tasks.c.obj

.debug_str      0x00000000     0x625a
 .debug_str     0x00000000      0x67a CMakeFiles/HelloWorld.elf.dir/Core/Src/freertos.c.obj
                                0x708 (size before relaxing)
 .debug_str     0x0000067a      0xd8f CMakeFiles/HelloWorld.elf.dir/Core/Src/main.c.obj
                               0x1490 (size before relaxing)
 .debug_str     0x00001409      0x4c3 CMakeFiles/HelloWorld.elf.dir/Core/Src/stm32f3xx_hal_msp.c.obj
                                0xb53 (size before relaxing)
 .debug_str     0x000018cc      0x127 CMakeFiles/HelloWorld.elf.dir/Core/Src/stm32f3xx_hal_timebase_tim.c.obj
                                0xce3 (size before relaxing)
 .debug_str     0x000019f3       0xc2 CMakeFiles/HelloWorld.elf.dir/Core/Src/stm32f3xx_it.c.obj
                                0x76c (size before relaxing)
 .debug_str     0x00001ab5       0x93 CMakeFiles/HelloWorld.elf.dir/Core/Src/sysmem.c.obj
                                0x258 (size before relaxing)
 .debug_str     0x00001b48       0xff CMakeFiles/HelloWorld.elf.dir/Core/Src/system_stm32f3xx.c.obj
                                0x30d (size before relaxing)
 .debug_str     0x00001c47       0x4c CMakeFiles/HelloWorld.elf.dir/Core/Startup/startup_stm32f303vctx.s.obj
                                 0x77 (size before relaxing)
 .debug_str     0x00001c93      0x2e7 CMakeFiles/HelloWorld.elf.dir/Drivers/STM32F3xx_HAL_Driver/Src/stm32f3xx_hal.c.obj
                                0x9e3 (size before relaxing)
 .debug_str     0x00001f7a      0x469 CMakeFiles/HelloWorld.elf.dir/Drivers/STM32F3xx_HAL_Driver/Src/stm32f3xx_hal_cortex.c.obj
                                0xb9d (size before relaxing)
 .debug_str     0x000023e3      0x120 CMakeFiles/HelloWorld.elf.dir/Drivers/STM32F3xx_HAL_Driver/Src/stm32f3xx_hal_gpio.c.obj
                                0x468 (size before relaxing)
 .debug_str     0x00002503      0x1d5 CMakeFiles/HelloWorld.elf.dir/Drivers/STM32F3xx_HAL_Driver/Src/stm32f3xx_hal_rcc.c.obj
                                0x6b5 (size before relaxing)
 .debug_str     0x000026d8       0xd4 CMakeFiles/HelloWorld.elf.dir/Drivers/STM32F3xx_HAL_Driver/Src/stm32f3xx_hal_rcc_ex.c.obj
                                0x571 (size before relaxing)
 .debug_str     0x000027ac      0xf27 CMakeFiles/HelloWorld.elf.dir/Drivers/STM32F3xx_HAL_Driver/Src/stm32f3xx_hal_tim.c.obj
                               0x16fe (size before relaxing)
 .debug_str     0x000036d3      0x608 CMakeFiles/HelloWorld.elf.dir/Drivers/STM32F3xx_HAL_Driver/Src/stm32f3xx_hal_tim_ex.c.obj
                                0xf39 (size before relaxing)
 .debug_str     0x00003cdb      0x7b4 CMakeFiles/HelloWorld.elf.dir/Drivers/STM32F3xx_HAL_Driver/Src/stm32f3xx_hal_uart.c.obj
                                0xf10 (size before relaxing)
 .debug_str     0x0000448f      0xb4e CMakeFiles/HelloWorld.elf.dir/Middlewares/Third_Party/FreeRTOS/Source/CMSIS_RTOS/cmsis_os.c.obj
                               0x13fc (size before relaxing)
 .debug_str     0x00004fdd      0x14f CMakeFiles/HelloWorld.elf.dir/Middlewares/Third_Party/FreeRTOS/Source/list.c.obj
                                0x335 (size before relaxing)
 .debug_str     0x0000512c      0x243 CMakeFiles/HelloWorld.elf.dir/Middlewares/Third_Party/FreeRTOS/Source/portable/GCC/ARM_CM4F/port.c.obj
                                0x4b1 (size before relaxing)
 .debug_str     0x0000536f      0x1fe CMakeFiles/HelloWorld.elf.dir/Middlewares/Third_Party/FreeRTOS/Source/portable/MemMang/heap_4.c.obj
                                0x41e (size before relaxing)
 .debug_str     0x0000556d      0x54c CMakeFiles/HelloWorld.elf.dir/Middlewares/Third_Party/FreeRTOS/Source/queue.c.obj
                                0xb07 (size before relaxing)
 .debug_str     0x00005ab9      0x7a1 CMakeFiles/HelloWorld.elf.dir/Middlewares/Third_Party/FreeRTOS/Source/tasks.c.obj
                               0x1410 (size before relaxing)

.comment        0x00000000       0x49
 .comment       0x00000000       0x49 CMakeFiles/HelloWorld.elf.dir/Core/Src/freertos.c.obj
                                 0x4a (size before relaxing)
 .comment       0x00000049       0x4a CMakeFiles/HelloWorld.elf.dir/Core/Src/main.c.obj
 .comment       0x00000049       0x4a CMakeFiles/HelloWorld.elf.dir/Core/Src/stm32f3xx_hal_msp.c.obj
 .comment       0x00000049       0x4a CMakeFiles/HelloWorld.elf.dir/Core/Src/stm32f3xx_hal_timebase_tim.c.obj
 .comment       0x00000049       0x4a CMakeFiles/HelloWorld.elf.dir/Core/Src/stm32f3xx_it.c.obj
 .comment       0x00000049       0x4a CMakeFiles/HelloWorld.elf.dir/Core/Src/sysmem.c.obj
 .comment       0x00000049       0x4a CMakeFiles/HelloWorld.elf.dir/Core/Src/system_stm32f3xx.c.obj
 .comment       0x00000049       0x4a CMakeFiles/HelloWorld.elf.dir/Drivers/STM32F3xx_HAL_Driver/Src/stm32f3xx_hal.c.obj
 .comment       0x00000049       0x4a CMakeFiles/HelloWorld.elf.dir/Drivers/STM32F3xx_HAL_Driver/Src/stm32f3xx_hal_cortex.c.obj
 .comment       0x00000049       0x4a CMakeFiles/HelloWorld.elf.dir/Drivers/STM32F3xx_HAL_Driver/Src/stm32f3xx_hal_gpio.c.obj
 .comment       0x00000049       0x4a CMakeFiles/HelloWorld.elf.dir/Drivers/STM32F3xx_HAL_Driver/Src/stm32f3xx_hal_rcc.c.obj
 .comment       0x00000049       0x4a CMakeFiles/HelloWorld.elf.dir/Drivers/STM32F3xx_HAL_Driver/Src/stm32f3xx_hal_rcc_ex.c.obj
 .comment       0x00000049       0x4a CMakeFiles/HelloWorld.elf.dir/Drivers/STM32F3xx_HAL_Driver/Src/stm32f3xx_hal_tim.c.obj
 .comment       0x00000049       0x4a CMakeFiles/HelloWorld.elf.dir/Drivers/STM32F3xx_HAL_Driver/Src/stm32f3xx_hal_tim_ex.c.obj
 .comment       0x00000049       0x4a CMakeFiles/HelloWorld.elf.dir/Drivers/STM32F3xx_HAL_Driver/Src/stm32f3xx_hal_uart.c.obj
 .comment       0x00000049       0x4a CMakeFiles/HelloWorld.elf.dir/Middlewares/Third_Party/FreeRTOS/Source/CMSIS_RTOS/cmsis_os.c.obj
 .comment       0x00000049       0x4a CMakeFiles/HelloWorld.elf.dir/Middlewares/Third_Party/FreeRTOS/Source/list.c.obj
 .comment       0x00000049       0x4a CMakeFiles/HelloWorld.elf.dir/Middlewares/Third_Party/FreeRTOS/Source/portable/GCC/ARM_CM4F/port.c.obj
 .comment       0x00000049       0x4a CMakeFiles/HelloWorld.elf.dir/Middlewares/Third_Party/FreeRTOS/Source/portable/MemMang/heap_4.c.obj
 .comment       0x00000049       0x4a CMakeFiles/HelloWorld.elf.dir/Middlewares/Third_Party/FreeRTOS/Source/queue.c.obj
 .comment       0x00000049       0x4a CMakeFiles/HelloWorld.elf.dir/Middlewares/Third_Party/FreeRTOS/Source/tasks.c.obj

.debug_frame    0x00000000     0x3240
 .debug_frame   0x00000000       0x20 CMakeFiles/HelloWorld.elf.dir/Core/Src/freertos.c.obj
 .debug_frame   0x00000020      0x108 CMakeFiles/HelloWorld.elf.dir/Core/Src/main.c.obj
 .debug_frame   0x00000128       0x64 CMakeFiles/HelloWorld.elf.dir/Core/Src/stm32f3xx_hal_msp.c.obj
 .debug_frame   0x0000018c       0x50 CMakeFiles/HelloWorld.elf.dir/Core/Src/stm32f3xx_hal_timebase_tim.c.obj
 .debug_frame   0x000001dc       0x88 CMakeFiles/HelloWorld.elf.dir/Core/Src/stm32f3xx_it.c.obj
 .debug_frame   0x00000264       0x28 CMakeFiles/HelloWorld.elf.dir/Core/Src/sysmem.c.obj
 .debug_frame   0x0000028c       0x30 CMakeFiles/HelloWorld.elf.dir/Core/Src/system_stm32f3xx.c.obj
 .debug_frame   0x000002bc      0x1cc CMakeFiles/HelloWorld.elf.dir/Drivers/STM32F3xx_HAL_Driver/Src/stm32f3xx_hal.c.obj
 .debug_frame   0x00000488      0x148 CMakeFiles/HelloWorld.elf.dir/Drivers/STM32F3xx_HAL_Driver/Src/stm32f3xx_hal_cortex.c.obj
 .debug_frame   0x000005d0       0xd0 CMakeFiles/HelloWorld.elf.dir/Drivers/STM32F3xx_HAL_Driver/Src/stm32f3xx_hal_gpio.c.obj
 .debug_frame   0x000006a0      0x16c CMakeFiles/HelloWorld.elf.dir/Drivers/STM32F3xx_HAL_Driver/Src/stm32f3xx_hal_rcc.c.obj
 .debug_frame   0x0000080c       0x7c CMakeFiles/HelloWorld.elf.dir/Drivers/STM32F3xx_HAL_Driver/Src/stm32f3xx_hal_rcc_ex.c.obj
 .debug_frame   0x00000888      0xb50 CMakeFiles/HelloWorld.elf.dir/Drivers/STM32F3xx_HAL_Driver/Src/stm32f3xx_hal_tim.c.obj
 .debug_frame   0x000013d8      0x444 CMakeFiles/HelloWorld.elf.dir/Drivers/STM32F3xx_HAL_Driver/Src/stm32f3xx_hal_tim_ex.c.obj
 .debug_frame   0x0000181c      0x600 CMakeFiles/HelloWorld.elf.dir/Drivers/STM32F3xx_HAL_Driver/Src/stm32f3xx_hal_uart.c.obj
 .debug_frame   0x00001e1c      0x58c CMakeFiles/HelloWorld.elf.dir/Middlewares/Third_Party/FreeRTOS/Source/CMSIS_RTOS/cmsis_os.c.obj
 .debug_frame   0x000023a8       0x70 CMakeFiles/HelloWorld.elf.dir/Middlewares/Third_Party/FreeRTOS/Source/list.c.obj
 .debug_frame   0x00002418      0x110 CMakeFiles/HelloWorld.elf.dir/Middlewares/Third_Party/FreeRTOS/Source/portable/GCC/ARM_CM4F/port.c.obj
 .debug_frame   0x00002528       0xb0 CMakeFiles/HelloWorld.elf.dir/Middlewares/Third_Party/FreeRTOS/Source/portable/MemMang/heap_4.c.obj
 .debug_frame   0x000025d8      0x360 CMakeFiles/HelloWorld.elf.dir/Middlewares/Third_Party/FreeRTOS/Source/queue.c.obj
 .debug_frame   0x00002938      0x558 CMakeFiles/HelloWorld.elf.dir/Middlewares/Third_Party/FreeRTOS/Source/tasks.c.obj
 .debug_frame   0x00002e90       0x20 d:/programs/gnu_arm_toolchain/bin/../lib/gcc/arm-none-eabi/10.3.1/../../../../arm-none-eabi/lib/thumb/v7e-m+fp/hard\libg.a(lib_a-errno.o)
 .debug_frame   0x00002eb0       0x2c d:/programs/gnu_arm_toolchain/bin/../lib/gcc/arm-none-eabi/10.3.1/../../../../arm-none-eabi/lib/thumb/v7e-m+fp/hard\libg.a(lib_a-init.o)
 .debug_frame   0x00002edc       0x2c d:/programs/gnu_arm_toolchain/bin/../lib/gcc/arm-none-eabi/10.3.1/../../../../arm-none-eabi/lib/thumb/v7e-m+fp/hard\libg.a(lib_a-memset.o)
 .debug_frame   0x00002f08       0x64 d:/programs/gnu_arm_toolchain/bin/../lib/gcc/arm-none-eabi/10.3.1/../../../../arm-none-eabi/lib/thumb/v7e-m+fp/hard\libg.a(lib_a-reent.o)
 .debug_frame   0x00002f6c       0x68 d:/programs/gnu_arm_toolchain/bin/../lib/gcc/arm-none-eabi/10.3.1/../../../../arm-none-eabi/lib/thumb/v7e-m+fp/hard\libg.a(lib_a-__call_atexit.o)
 .debug_frame   0x00002fd4       0x20 d:/programs/gnu_arm_toolchain/bin/../lib/gcc/arm-none-eabi/10.3.1/../../../../arm-none-eabi/lib/thumb/v7e-m+fp/hard\libg.a(lib_a-atexit.o)
 .debug_frame   0x00002ff4       0x34 d:/programs/gnu_arm_toolchain/bin/../lib/gcc/arm-none-eabi/10.3.1/../../../../arm-none-eabi/lib/thumb/v7e-m+fp/hard\libg.a(lib_a-fini.o)
 .debug_frame   0x00003028       0x8c d:/programs/gnu_arm_toolchain/bin/../lib/gcc/arm-none-eabi/10.3.1/../../../../arm-none-eabi/lib/thumb/v7e-m+fp/hard\libg.a(lib_a-freer.o)
 .debug_frame   0x000030b4       0xb0 d:/programs/gnu_arm_toolchain/bin/../lib/gcc/arm-none-eabi/10.3.1/../../../../arm-none-eabi/lib/thumb/v7e-m+fp/hard\libg.a(lib_a-lock.o)
 .debug_frame   0x00003164       0x4c d:/programs/gnu_arm_toolchain/bin/../lib/gcc/arm-none-eabi/10.3.1/../../../../arm-none-eabi/lib/thumb/v7e-m+fp/hard\libg.a(lib_a-mallocr.o)
 .debug_frame   0x000031b0       0x30 d:/programs/gnu_arm_toolchain/bin/../lib/gcc/arm-none-eabi/10.3.1/../../../../arm-none-eabi/lib/thumb/v7e-m+fp/hard\libg.a(lib_a-mlock.o)
 .debug_frame   0x000031e0       0x2c d:/programs/gnu_arm_toolchain/bin/../lib/gcc/arm-none-eabi/10.3.1/../../../../arm-none-eabi/lib/thumb/v7e-m+fp/hard\libg.a(lib_a-sbrkr.o)
 .debug_frame   0x0000320c       0x34 d:/programs/gnu_arm_toolchain/bin/../lib/gcc/arm-none-eabi/10.3.1/../../../../arm-none-eabi/lib/thumb/v7e-m+fp/hard\libg.a(lib_a-__atexit.o)

.debug_loc      0x00000000    0x136f3
 .debug_loc     0x00000000      0x26e CMakeFiles/HelloWorld.elf.dir/Core/Src/main.c.obj
 .debug_loc     0x0000026e       0x84 CMakeFiles/HelloWorld.elf.dir/Core/Src/stm32f3xx_hal_msp.c.obj
 .debug_loc     0x000002f2       0x89 CMakeFiles/HelloWorld.elf.dir/Core/Src/stm32f3xx_hal_timebase_tim.c.obj
 .debug_loc     0x0000037b       0x64 CMakeFiles/HelloWorld.elf.dir/Core/Src/sysmem.c.obj
 .debug_loc     0x000003df      0x123 CMakeFiles/HelloWorld.elf.dir/Core/Src/system_stm32f3xx.c.obj
 .debug_loc     0x00000502      0x141 CMakeFiles/HelloWorld.elf.dir/Drivers/STM32F3xx_HAL_Driver/Src/stm32f3xx_hal.c.obj
 .debug_loc     0x00000643      0x744 CMakeFiles/HelloWorld.elf.dir/Drivers/STM32F3xx_HAL_Driver/Src/stm32f3xx_hal_cortex.c.obj
 .debug_loc     0x00000d87      0x3b3 CMakeFiles/HelloWorld.elf.dir/Drivers/STM32F3xx_HAL_Driver/Src/stm32f3xx_hal_gpio.c.obj
 .debug_loc     0x0000113a      0xe00 CMakeFiles/HelloWorld.elf.dir/Drivers/STM32F3xx_HAL_Driver/Src/stm32f3xx_hal_rcc.c.obj
 .debug_loc     0x00001f3a      0xa80 CMakeFiles/HelloWorld.elf.dir/Drivers/STM32F3xx_HAL_Driver/Src/stm32f3xx_hal_rcc_ex.c.obj
 .debug_loc     0x000029ba     0x55d2 CMakeFiles/HelloWorld.elf.dir/Drivers/STM32F3xx_HAL_Driver/Src/stm32f3xx_hal_tim.c.obj
 .debug_loc     0x00007f8c     0x2098 CMakeFiles/HelloWorld.elf.dir/Drivers/STM32F3xx_HAL_Driver/Src/stm32f3xx_hal_tim_ex.c.obj
 .debug_loc     0x0000a024     0x4b36 CMakeFiles/HelloWorld.elf.dir/Drivers/STM32F3xx_HAL_Driver/Src/stm32f3xx_hal_uart.c.obj
 .debug_loc     0x0000eb5a     0x12e6 CMakeFiles/HelloWorld.elf.dir/Middlewares/Third_Party/FreeRTOS/Source/CMSIS_RTOS/cmsis_os.c.obj
 .debug_loc     0x0000fe40       0xad CMakeFiles/HelloWorld.elf.dir/Middlewares/Third_Party/FreeRTOS/Source/list.c.obj
 .debug_loc     0x0000feed      0x124 CMakeFiles/HelloWorld.elf.dir/Middlewares/Third_Party/FreeRTOS/Source/portable/GCC/ARM_CM4F/port.c.obj
 .debug_loc     0x00010011      0x331 CMakeFiles/HelloWorld.elf.dir/Middlewares/Third_Party/FreeRTOS/Source/portable/MemMang/heap_4.c.obj
 .debug_loc     0x00010342     0x15fd CMakeFiles/HelloWorld.elf.dir/Middlewares/Third_Party/FreeRTOS/Source/queue.c.obj
 .debug_loc     0x0001193f     0x1db4 CMakeFiles/HelloWorld.elf.dir/Middlewares/Third_Party/FreeRTOS/Source/tasks.c.obj
