Archive member included to satisfy reference by file (symbol)

d:/programs/gnu_arm_toolchain/bin/../lib/gcc/arm-none-eabi/10.3.1/../../../../arm-none-eabi/lib/thumb/v7e-m+fp/hard\libstdc++.a(atexit_arm.o)
                              CMakeFiles/HelloWorld.elf.dir/Core/Src/cpp_main.cpp.obj (__aeabi_atexit)
d:/programs/gnu_arm_toolchain/bin/../lib/gcc/arm-none-eabi/10.3.1/../../../../arm-none-eabi/lib/thumb/v7e-m+fp/hard\libstdc++.a(del_ops.o)
                              CMakeFiles/HelloWorld.elf.dir/Core/Src/cpp_main.cpp.obj (operator delete(void*, unsigned int))
d:/programs/gnu_arm_toolchain/bin/../lib/gcc/arm-none-eabi/10.3.1/../../../../arm-none-eabi/lib/thumb/v7e-m+fp/hard\libstdc++.a(eh_arm.o)
                              CMakeFiles/HelloWorld.elf.dir/Core/Src/cpp_main.cpp.obj (__cxa_end_cleanup)
d:/programs/gnu_arm_toolchain/bin/../lib/gcc/arm-none-eabi/10.3.1/../../../../arm-none-eabi/lib/thumb/v7e-m+fp/hard\libstdc++.a(eh_catch.o)
                              CMakeFiles/HelloWorld.elf.dir/Core/Src/cpp_main.cpp.obj (__cxa_begin_catch)
d:/programs/gnu_arm_toolchain/bin/../lib/gcc/arm-none-eabi/10.3.1/../../../../arm-none-eabi/lib/thumb/v7e-m+fp/hard\libstdc++.a(eh_exception.o)
                              d:/programs/gnu_arm_toolchain/bin/../lib/gcc/arm-none-eabi/10.3.1/../../../../arm-none-eabi/lib/thumb/v7e-m+fp/hard\libstdc++.a(eh_arm.o) (typeinfo for __cxxabiv1::__forced_unwind)
d:/programs/gnu_arm_toolchain/bin/../lib/gcc/arm-none-eabi/10.3.1/../../../../arm-none-eabi/lib/thumb/v7e-m+fp/hard\libstdc++.a(eh_globals.o)
                              d:/programs/gnu_arm_toolchain/bin/../lib/gcc/arm-none-eabi/10.3.1/../../../../arm-none-eabi/lib/thumb/v7e-m+fp/hard\libstdc++.a(eh_catch.o) (__cxa_get_globals_fast)
d:/programs/gnu_arm_toolchain/bin/../lib/gcc/arm-none-eabi/10.3.1/../../../../arm-none-eabi/lib/thumb/v7e-m+fp/hard\libstdc++.a(eh_personality.o)
                              CMakeFiles/HelloWorld.elf.dir/Core/Src/cpp_main.cpp.obj (__gxx_personality_v0)
d:/programs/gnu_arm_toolchain/bin/../lib/gcc/arm-none-eabi/10.3.1/../../../../arm-none-eabi/lib/thumb/v7e-m+fp/hard\libstdc++.a(eh_terminate.o)
                              d:/programs/gnu_arm_toolchain/bin/../lib/gcc/arm-none-eabi/10.3.1/../../../../arm-none-eabi/lib/thumb/v7e-m+fp/hard\libstdc++.a(eh_arm.o) (std::terminate())
d:/programs/gnu_arm_toolchain/bin/../lib/gcc/arm-none-eabi/10.3.1/../../../../arm-none-eabi/lib/thumb/v7e-m+fp/hard\libstdc++.a(eh_throw.o)
                              CMakeFiles/HelloWorld.elf.dir/Core/Src/cpp_main.cpp.obj (__cxa_rethrow)
d:/programs/gnu_arm_toolchain/bin/../lib/gcc/arm-none-eabi/10.3.1/../../../../arm-none-eabi/lib/thumb/v7e-m+fp/hard\libstdc++.a(eh_unex_handler.o)
                              d:/programs/gnu_arm_toolchain/bin/../lib/gcc/arm-none-eabi/10.3.1/../../../../arm-none-eabi/lib/thumb/v7e-m+fp/hard\libstdc++.a(eh_terminate.o) (__cxxabiv1::__unexpected_handler)
d:/programs/gnu_arm_toolchain/bin/../lib/gcc/arm-none-eabi/10.3.1/../../../../arm-none-eabi/lib/thumb/v7e-m+fp/hard\libstdc++.a(new_op.o)
                              CMakeFiles/HelloWorld.elf.dir/Core/Src/cpp_main.cpp.obj (operator new(unsigned int))
d:/programs/gnu_arm_toolchain/bin/../lib/gcc/arm-none-eabi/10.3.1/../../../../arm-none-eabi/lib/thumb/v7e-m+fp/hard\libstdc++.a(pure.o)
                              d:/programs/gnu_arm_toolchain/bin/../lib/gcc/arm-none-eabi/10.3.1/../../../../arm-none-eabi/lib/thumb/v7e-m+fp/hard\libstdc++.a(eh_exception.o) (__cxa_pure_virtual)
d:/programs/gnu_arm_toolchain/bin/../lib/gcc/arm-none-eabi/10.3.1/../../../../arm-none-eabi/lib/thumb/v7e-m+fp/hard\libstdc++.a(si_class_type_info.o)
                              d:/programs/gnu_arm_toolchain/bin/../lib/gcc/arm-none-eabi/10.3.1/../../../../arm-none-eabi/lib/thumb/v7e-m+fp/hard\libstdc++.a(eh_exception.o) (vtable for __cxxabiv1::__si_class_type_info)
d:/programs/gnu_arm_toolchain/bin/../lib/gcc/arm-none-eabi/10.3.1/../../../../arm-none-eabi/lib/thumb/v7e-m+fp/hard\libstdc++.a(tinfo.o)
                              d:/programs/gnu_arm_toolchain/bin/../lib/gcc/arm-none-eabi/10.3.1/../../../../arm-none-eabi/lib/thumb/v7e-m+fp/hard\libstdc++.a(si_class_type_info.o) (std::type_info::__is_pointer_p() const)
d:/programs/gnu_arm_toolchain/bin/../lib/gcc/arm-none-eabi/10.3.1/../../../../arm-none-eabi/lib/thumb/v7e-m+fp/hard\libstdc++.a(vterminate.o)
                              d:/programs/gnu_arm_toolchain/bin/../lib/gcc/arm-none-eabi/10.3.1/../../../../arm-none-eabi/lib/thumb/v7e-m+fp/hard\libstdc++.a(eh_terminate.o) (__gnu_cxx::__verbose_terminate_handler())
d:/programs/gnu_arm_toolchain/bin/../lib/gcc/arm-none-eabi/10.3.1/../../../../arm-none-eabi/lib/thumb/v7e-m+fp/hard\libstdc++.a(functexcept.o)
                              CMakeFiles/HelloWorld.elf.dir/Core/Src/cpp_main.cpp.obj (std::__throw_bad_alloc())
[...]
Memory Configuration

Name             Origin             Length             Attributes
CCMRAM           0x10000000         0x00002000         xrw
RAM              0x20000000         0x0000a000         xrw
FLASH            0x08000000         0x00040000         xr
*default*        0x00000000         0xffffffff

Linker script and memory map

LOAD d:/programs/gnu_arm_toolchain/bin/../lib/gcc/arm-none-eabi/10.3.1/thumb/v7e-m+fp/hard/crti.o
LOAD d:/programs/gnu_arm_toolchain/bin/../lib/gcc/arm-none-eabi/10.3.1/thumb/v7e-m+fp/hard/crtbegin.o
LOAD d:/programs/gnu_arm_toolchain/bin/../lib/gcc/arm-none-eabi/10.3.1/../../../../arm-none-eabi/lib/thumb/v7e-m+fp/hard/crt0.o
LOAD CMakeFiles/HelloWorld.elf.dir/Core/Src/cpp_main.cpp.obj
LOAD CMakeFiles/HelloWorld.elf.dir/Core/Src/freertos.c.obj
LOAD CMakeFiles/HelloWorld.elf.dir/Core/Src/main.c.obj
LOAD CMakeFiles/HelloWorld.elf.dir/Core/Src/stm32f3xx_hal_msp.c.obj
LOAD CMakeFiles/HelloWorld.elf.dir/Core/Src/stm32f3xx_hal_timebase_tim.c.obj
LOAD CMakeFiles/HelloWorld.elf.dir/Core/Src/stm32f3xx_it.c.obj
LOAD CMakeFiles/HelloWorld.elf.dir/Core/Src/syscalls.c.obj
LOAD CMakeFiles/HelloWorld.elf.dir/Core/Src/sysmem.c.obj
LOAD CMakeFiles/HelloWorld.elf.dir/Core/Src/system_stm32f3xx.c.obj
LOAD CMakeFiles/HelloWorld.elf.dir/Core/Startup/startup_stm32f303vctx.s.obj
LOAD CMakeFiles/HelloWorld.elf.dir/Drivers/STM32F3xx_HAL_Driver/Src/stm32f3xx_hal.c.obj
LOAD CMakeFiles/HelloWorld.elf.dir/Drivers/STM32F3xx_HAL_Driver/Src/stm32f3xx_hal_cortex.c.obj
LOAD CMakeFiles/HelloWorld.elf.dir/Drivers/STM32F3xx_HAL_Driver/Src/stm32f3xx_hal_dma.c.obj
LOAD CMakeFiles/HelloWorld.elf.dir/Drivers/STM32F3xx_HAL_Driver/Src/stm32f3xx_hal_exti.c.obj
LOAD CMakeFiles/HelloWorld.elf.dir/Drivers/STM32F3xx_HAL_Driver/Src/stm32f3xx_hal_flash.c.obj
LOAD CMakeFiles/HelloWorld.elf.dir/Drivers/STM32F3xx_HAL_Driver/Src/stm32f3xx_hal_flash_ex.c.obj
LOAD CMakeFiles/HelloWorld.elf.dir/Drivers/STM32F3xx_HAL_Driver/Src/stm32f3xx_hal_gpio.c.obj
LOAD CMakeFiles/HelloWorld.elf.dir/Drivers/STM32F3xx_HAL_Driver/Src/stm32f3xx_hal_i2c.c.obj
LOAD CMakeFiles/HelloWorld.elf.dir/Drivers/STM32F3xx_HAL_Driver/Src/stm32f3xx_hal_i2c_ex.c.obj
LOAD CMakeFiles/HelloWorld.elf.dir/Drivers/STM32F3xx_HAL_Driver/Src/stm32f3xx_hal_pwr.c.obj
LOAD CMakeFiles/HelloWorld.elf.dir/Drivers/STM32F3xx_HAL_Driver/Src/stm32f3xx_hal_pwr_ex.c.obj
LOAD CMakeFiles/HelloWorld.elf.dir/Drivers/STM32F3xx_HAL_Driver/Src/stm32f3xx_hal_rcc.c.obj
LOAD CMakeFiles/HelloWorld.elf.dir/Drivers/STM32F3xx_HAL_Driver/Src/stm32f3xx_hal_rcc_ex.c.obj
LOAD CMakeFiles/HelloWorld.elf.dir/Drivers/STM32F3xx_HAL_Driver/Src/stm32f3xx_hal_tim.c.obj
LOAD CMakeFiles/HelloWorld.elf.dir/Drivers/STM32F3xx_HAL_Driver/Src/stm32f3xx_hal_tim_ex.c.obj
LOAD CMakeFiles/HelloWorld.elf.dir/Drivers/STM32F3xx_HAL_Driver/Src/stm32f3xx_hal_uart.c.obj
LOAD CMakeFiles/HelloWorld.elf.dir/Drivers/STM32F3xx_HAL_Driver/Src/stm32f3xx_hal_uart_ex.c.obj
LOAD CMakeFiles/HelloWorld.elf.dir/Middlewares/Third_Party/FreeRTOS/Source/CMSIS_RTOS/cmsis_os.c.obj
LOAD CMakeFiles/HelloWorld.elf.dir/Middlewares/Third_Party/FreeRTOS/Source/croutine.c.obj
LOAD CMakeFiles/HelloWorld.elf.dir/Middlewares/Third_Party/FreeRTOS/Source/event_groups.c.obj
LOAD CMakeFiles/HelloWorld.elf.dir/Middlewares/Third_Party/FreeRTOS/Source/list.c.obj
LOAD CMakeFiles/HelloWorld.elf.dir/Middlewares/Third_Party/FreeRTOS/Source/portable/GCC/ARM_CM4F/port.c.obj
LOAD CMakeFiles/HelloWorld.elf.dir/Middlewares/Third_Party/FreeRTOS/Source/portable/MemMang/heap_4.c.obj
LOAD CMakeFiles/HelloWorld.elf.dir/Middlewares/Third_Party/FreeRTOS/Source/queue.c.obj
LOAD CMakeFiles/HelloWorld.elf.dir/Middlewares/Third_Party/FreeRTOS/Source/stream_buffer.c.obj
LOAD CMakeFiles/HelloWorld.elf.dir/Middlewares/Third_Party/FreeRTOS/Source/tasks.c.obj
LOAD CMakeFiles/HelloWorld.elf.dir/Middlewares/Third_Party/FreeRTOS/Source/timers.c.obj
LOAD d:/programs/gnu_arm_toolchain/bin/../lib/gcc/arm-none-eabi/10.3.1/../../../../arm-none-eabi/lib/thumb/v7e-m+fp/hard\libstdc++.a
LOAD d:/programs/gnu_arm_toolchain/bin/../lib/gcc/arm-none-eabi/10.3.1/../../../../arm-none-eabi/lib/thumb/v7e-m+fp/hard\libm.a
START GROUP
LOAD d:/programs/gnu_arm_toolchain/bin/../lib/gcc/arm-none-eabi/10.3.1/thumb/v7e-m+fp/hard\libgcc.a
LOAD d:/programs/gnu_arm_toolchain/bin/../lib/gcc/arm-none-eabi/10.3.1/../../../../arm-none-eabi/lib/thumb/v7e-m+fp/hard\libg.a
LOAD d:/programs/gnu_arm_toolchain/bin/../lib/gcc/arm-none-eabi/10.3.1/../../../../arm-none-eabi/lib/thumb/v7e-m+fp/hard\libc.a
END GROUP
LOAD d:/programs/gnu_arm_toolchain/bin/../lib/gcc/arm-none-eabi/10.3.1/thumb/v7e-m+fp/hard/crtend.o
LOAD d:/programs/gnu_arm_toolchain/bin/../lib/gcc/arm-none-eabi/10.3.1/thumb/v7e-m+fp/hard/crtn.o
                0x2000a000                _estack = (ORIGIN (RAM) + LENGTH (RAM))
                0x00000200                _Min_Heap_Size = 0x200
                0x00000400                _Min_Stack_Size = 0x400

.isr_vector     0x08000000      0x188
                0x08000000                . = ALIGN (0x4)
 *(.isr_vector)
 .isr_vector    0x08000000      0x188 CMakeFiles/HelloWorld.elf.dir/Core/Startup/startup_stm32f303vctx.s.obj
                0x08000000                g_pfnVectors
                0x08000188                . = ALIGN (0x4)

.text           0x080001c0    0x1364c
                0x080001c0                . = ALIGN (0x4)
 *(.text)
 .text          0x080001c0       0x40 d:/programs/gnu_arm_toolchain/bin/../lib/gcc/arm-none-eabi/10.3.1/thumb/v7e-m+fp/hard/crtbegin.o
 .text          0x08000200     0x5ee4 d:/programs/gnu_arm_toolchain/bin/../lib/gcc/arm-none-eabi/10.3.1/../../../../arm-none-eabi/lib/thumb/v7e-m+fp/hard\libstdc++.a(cp-demangle.o)
                0x08005ffc                __cxa_demangle
                0x080060c0                __gcclibcxx_demangle_callback
 .text          0x080060e4      0x9d8 d:/programs/gnu_arm_toolchain/bin/../lib/gcc/arm-none-eabi/10.3.1/thumb/v7e-m+fp/hard\libgcc.a(unwind-arm.o)
                0x0800638c                _Unwind_GetCFA
                0x08006390                __gnu_Unwind_RaiseException
                0x080063f8                __gnu_Unwind_ForcedUnwind
                0x08006408                __gnu_Unwind_Resume
                0x0800644c                __gnu_Unwind_Resume_or_Rethrow
                0x0800645c                _Unwind_Complete
                0x08006460                _Unwind_DeleteException
                0x0800646c                _Unwind_VRS_Get
                0x080064b8                _Unwind_VRS_Set
                0x08006500                __gnu_Unwind_Backtrace
                0x0800682c                __aeabi_unwind_cpp_pr0
                0x08006830                __aeabi_unwind_cpp_pr1
                0x08006834                __aeabi_unwind_cpp_pr2
                0x08006838                _Unwind_VRS_Pop
 .text          0x08006abc      0x1ac d:/programs/gnu_arm_toolchain/bin/../lib/gcc/arm-none-eabi/10.3.1/thumb/v7e-m+fp/hard\libgcc.a(libunwind.o)
                0x08006abc                __restore_core_regs
                0x08006abc                restore_core_regs
                0x08006ad4                __gnu_Unwind_Restore_VFP
                0x08006adc                __gnu_Unwind_Save_VFP
                0x08006ae4                __gnu_Unwind_Restore_VFP_D
                0x08006aec                __gnu_Unwind_Save_VFP_D
                0x08006af4                __gnu_Unwind_Restore_VFP_D_16_to_31
                0x08006afc                __gnu_Unwind_Save_VFP_D_16_to_31
                0x08006b04                __gnu_Unwind_Restore_WMMXD
                0x08006b48                __gnu_Unwind_Save_WMMXD
                0x08006b8c                __gnu_Unwind_Restore_WMMXC
                0x08006ba0                __gnu_Unwind_Save_WMMXC
                0x08006bb4                ___Unwind_RaiseException
                0x08006bb4                _Unwind_RaiseException
                0x08006bd8                _Unwind_Resume
                0x08006bd8                ___Unwind_Resume
                0x08006bfc                _Unwind_Resume_or_Rethrow
                0x08006bfc                ___Unwind_Resume_or_Rethrow
                0x08006c20                _Unwind_ForcedUnwind
                0x08006c20                ___Unwind_ForcedUnwind
                0x08006c44                ___Unwind_Backtrace
                0x08006c44                _Unwind_Backtrace
 .text          0x08006c68      0x350 d:/programs/gnu_arm_toolchain/bin/../lib/gcc/arm-none-eabi/10.3.1/thumb/v7e-m+fp/hard\libgcc.a(pr-support.o)
                0x08006cc0                __gnu_unwind_execute
                0x08006f6c                __gnu_unwind_frame
                0x08006f98                _Unwind_GetRegionStart
                0x08006fa4                _Unwind_GetLanguageSpecificData
 *fill*         0x08006fb8        0x8 
 .text          0x08006fc0       0xa0 d:/programs/gnu_arm_toolchain/bin/../lib/gcc/arm-none-eabi/10.3.1/../../../../arm-none-eabi/lib/thumb/v7e-m+fp/hard\libg.a(lib_a-memchr.o)
                0x08006fc0                memchr
 .text          0x08007060      0x134 d:/programs/gnu_arm_toolchain/bin/../lib/gcc/arm-none-eabi/10.3.1/../../../../arm-none-eabi/lib/thumb/v7e-m+fp/hard\libg.a(lib_a-memcpy.o)
                0x08007060                memcpy
 *fill*         0x08007194        0xc 
 .text          0x080071a0      0x2dc d:/programs/gnu_arm_toolchain/bin/../lib/gcc/arm-none-eabi/10.3.1/../../../../arm-none-eabi/lib/thumb/v7e-m+fp/hard\libg.a(lib_a-strcmp.o)
                0x080071a8                strcmp
 *fill*         0x0800747c        0x4 
 .text          0x08007480       0xdc d:/programs/gnu_arm_toolchain/bin/../lib/gcc/arm-none-eabi/10.3.1/../../../../arm-none-eabi/lib/thumb/v7e-m+fp/hard\libg.a(lib_a-strlen.o)
                0x08007480                strlen
 .text          0x0800755c      0x378 d:/programs/gnu_arm_toolchain/bin/../lib/gcc/arm-none-eabi/10.3.1/thumb/v7e-m+fp/hard\libgcc.a(_arm_addsubdf3.o)
                0x0800755c                __aeabi_drsub
                0x08007564                __aeabi_dsub
                0x08007564                __subdf3
                0x08007568                __aeabi_dadd
                0x08007568                __adddf3
                0x080077e0                __floatunsidf
                0x080077e0                __aeabi_ui2d
                0x08007800                __floatsidf
                0x08007800                __aeabi_i2d
                0x08007824                __aeabi_f2d
                0x08007824                __extendsfdf2
                0x08007868                __floatundidf
                0x08007868                __aeabi_ul2d
                0x08007878                __floatdidf
                0x08007878                __aeabi_l2d
 .text          0x080078d4      0x424 d:/programs/gnu_arm_toolchain/bin/../lib/gcc/arm-none-eabi/10.3.1/thumb/v7e-m+fp/hard\libgcc.a(_arm_muldivdf3.o)
                0x080078d4                __aeabi_dmul
                0x080078d4                __muldf3
                0x08007b28                __divdf3
                0x08007b28                __aeabi_ddiv
 .text          0x08007cf8      0x110 d:/programs/gnu_arm_toolchain/bin/../lib/gcc/arm-none-eabi/10.3.1/thumb/v7e-m+fp/hard\libgcc.a(_arm_cmpdf2.o)
                0x08007cf8                __gtdf2
                0x08007cf8                __gedf2
                0x08007d00                __ltdf2
                0x08007d00                __ledf2
                0x08007d08                __nedf2
                0x08007d08                __eqdf2
                0x08007d08                __cmpdf2
                0x08007d84                __aeabi_cdrcmple
                0x08007d94                __aeabi_cdcmpeq
                0x08007d94                __aeabi_cdcmple
                0x08007da4                __aeabi_dcmpeq
                0x08007db8                __aeabi_dcmplt
                0x08007dcc                __aeabi_dcmple
                0x08007de0                __aeabi_dcmpge
                0x08007df4                __aeabi_dcmpgt
 .text          0x08007e08       0x2c d:/programs/gnu_arm_toolchain/bin/../lib/gcc/arm-none-eabi/10.3.1/thumb/v7e-m+fp/hard\libgcc.a(_arm_unorddf2.o)
                0x08007e08                __unorddf2
                0x08007e08                __aeabi_dcmpun
 .text          0x08007e34       0x50 d:/programs/gnu_arm_toolchain/bin/../lib/gcc/arm-none-eabi/10.3.1/thumb/v7e-m+fp/hard\libgcc.a(_arm_fixdfsi.o)
                0x08007e34                __aeabi_d2iz
                0x08007e34                __fixdfsi
 .text          0x08007e84       0x30 d:/programs/gnu_arm_toolchain/bin/../lib/gcc/arm-none-eabi/10.3.1/thumb/v7e-m+fp/hard\libgcc.a(_aeabi_uldivmod.o)
                0x08007e84                __aeabi_uldivmod
 .text          0x08007eb4      0x2d0 d:/programs/gnu_arm_toolchain/bin/../lib/gcc/arm-none-eabi/10.3.1/thumb/v7e-m+fp/hard\libgcc.a(_udivmoddi4.o)
                0x08007eb4                __udivmoddi4
 .text          0x08008184        0x4 d:/programs/gnu_arm_toolchain/bin/../lib/gcc/arm-none-eabi/10.3.1/thumb/v7e-m+fp/hard\libgcc.a(_dvmd_tls.o)
                0x08008184                __aeabi_idiv0
                0x08008184                __aeabi_ldiv0
 *(.text*)
 .text._ZNSt8__detail18__to_chars_10_implIjEEvPcjT_
                0x08008188       0x64 CMakeFiles/HelloWorld.elf.dir/Core/Src/cpp_main.cpp.obj
                0x08008188                void std::__detail::__to_chars_10_impl<unsigned int>(char*, unsigned int, unsigned int)
 .text._ZNSt11_Deque_baseINSt7__cxx1112basic_stringIcSt11char_traitsIcESaIcEEESaIS5_EE16_M_destroy_nodesEPPS5_S9_
                0x080081ec       0x1a CMakeFiles/HelloWorld.elf.dir/Core/Src/cpp_main.cpp.obj
                0x080081ec                std::_Deque_base<std::__cxx11::basic_string<char, std::char_traits<char>, std::allocator<char> >, std::allocator<std::__cxx11::basic_string<char, std::char_traits<char>, std::allocator<char> > > >::_M_destroy_nodes(std::__cxx11::basic_string<char, std::char_traits<char>, std::allocator<char> >**, std::__cxx11::basic_string<char, std::char_traits<char>, std::allocator<char> >**)
 .text._ZNSt11_Deque_baseINSt7__cxx1112basic_stringIcSt11char_traitsIcESaIcEEESaIS5_EED2Ev
                0x08008206       0x20 CMakeFiles/HelloWorld.elf.dir/Core/Src/cpp_main.cpp.obj
                0x08008206                std::_Deque_base<std::__cxx11::basic_string<char, std::char_traits<char>, std::allocator<char> >, std::allocator<std::__cxx11::basic_string<char, std::char_traits<char>, std::allocator<char> > > >::~_Deque_base()
                0x08008206                std::_Deque_base<std::__cxx11::basic_string<char, std::char_traits<char>, std::allocator<char> >, std::allocator<std::__cxx11::basic_string<char, std::char_traits<char>, std::allocator<char> > > >::~_Deque_base()
 .text._ZNSt5dequeINSt7__cxx1112basic_stringIcSt11char_traitsIcESaIcEEESaIS5_EE16_M_pop_front_auxEv
                0x08008226       0x36 CMakeFiles/HelloWorld.elf.dir/Core/Src/cpp_main.cpp.obj
                0x08008226                std::deque<std::__cxx11::basic_string<char, std::char_traits<char>, std::allocator<char> >, std::allocator<std::__cxx11::basic_string<char, std::char_traits<char>, std::allocator<char> > > >::_M_pop_front_aux()
 .text._ZNSt11_Deque_baseINSt7__cxx1112basic_stringIcSt11char_traitsIcESaIcEEESaIS5_EE15_M_create_nodesEPPS5_S9_
                0x0800825c       0x3a CMakeFiles/HelloWorld.elf.dir/Core/Src/cpp_main.cpp.obj
                0x0800825c                std::_Deque_base<std::__cxx11::basic_string<char, std::char_traits<char>, std::allocator<char> >, std::allocator<std::__cxx11::basic_string<char, std::char_traits<char>, std::allocator<char> > > >::_M_create_nodes(std::__cxx11::basic_string<char, std::char_traits<char>, std::allocator<char> >**, std::__cxx11::basic_string<char, std::char_traits<char>, std::allocator<char> >**)
 *fill*         0x08008296        0x2 
 .text._ZNSt11_Deque_baseINSt7__cxx1112basic_stringIcSt11char_traitsIcESaIcEEESaIS5_EE17_M_initialize_mapEj
                0x08008298       0xcc CMakeFiles/HelloWorld.elf.dir/Core/Src/cpp_main.cpp.obj
                0x08008298                std::_Deque_base<std::__cxx11::basic_string<char, std::char_traits<char>, std::allocator<char> >, std::allocator<std::__cxx11::basic_string<char, std::char_traits<char>, std::allocator<char> > > >::_M_initialize_map(unsigned int)
 .text._Z41__static_initialization_and_destruction_0ii
                0x08008364       0x50 CMakeFiles/HelloWorld.elf.dir/Core/Src/cpp_main.cpp.obj
 .text._ZNSt5dequeINSt7__cxx1112basic_stringIcSt11char_traitsIcESaIcEEESaIS5_EE19_M_destroy_data_auxESt15_Deque_iteratorIS5_RS5_PS5_ESB_
                0x080083b4       0xaa CMakeFiles/HelloWorld.elf.dir/Core/Src/cpp_main.cpp.obj
                0x080083b4                std::deque<std::__cxx11::basic_string<char, std::char_traits<char>, std::allocator<char> >, std::allocator<std::__cxx11::basic_string<char, std::char_traits<char>, std::allocator<char> > > >::_M_destroy_data_aux(std::_Deque_iterator<std::__cxx11::basic_string<char, std::char_traits<char>, std::allocator<char> >, std::__cxx11::basic_string<char, std::char_traits<char>, std::allocator<char> >&, std::__cxx11::basic_string<char, std::char_traits<char>, std::allocator<char> >*>, std::_Deque_iterator<std::__cxx11::basic_string<char, std::char_traits<char>, std::allocator<char> >, std::__cxx11::basic_string<char, std::char_traits<char>, std::allocator<char> >&, std::__cxx11::basic_string<char, std::char_traits<char>, std::allocator<char> >*>)
 .text._ZNSt5queueINSt7__cxx1112basic_stringIcSt11char_traitsIcESaIcEEESt5dequeIS5_SaIS5_EEED2Ev
                0x0800845e       0x56 CMakeFiles/HelloWorld.elf.dir/Core/Src/cpp_main.cpp.obj
                0x0800845e                std::queue<std::__cxx11::basic_string<char, std::char_traits<char>, std::allocator<char> >, std::deque<std::__cxx11::basic_string<char, std::char_traits<char>, std::allocator<char> >, std::allocator<std::__cxx11::basic_string<char, std::char_traits<char>, std::allocator<char> > > > >::~queue()
                0x0800845e                std::queue<std::__cxx11::basic_string<char, std::char_traits<char>, std::allocator<char> >, std::deque<std::__cxx11::basic_string<char, std::char_traits<char>, std::allocator<char> >, std::allocator<std::__cxx11::basic_string<char, std::char_traits<char>, std::allocator<char> > > > >::~queue()
 .text._ZNSt7__cxx1112basic_stringIcSt11char_traitsIcESaIcEE12_M_constructIPcEEvT_S7_St20forward_iterator_tag
                0x080084b4       0x58 CMakeFiles/HelloWorld.elf.dir/Core/Src/cpp_main.cpp.obj
                0x080084b4                void std::__cxx11::basic_string<char, std::char_traits<char>, std::allocator<char> >::_M_construct<char*>(char*, char*, std::forward_iterator_tag)
 .text.SerialPrint
                0x0800850c       0x9c CMakeFiles/HelloWorld.elf.dir/Core/Src/cpp_main.cpp.obj
                0x0800850c                SerialPrint
 .text._ZNSt5dequeINSt7__cxx1112basic_stringIcSt11char_traitsIcESaIcEEESaIS5_EE17_M_reallocate_mapEjb
                0x080085a8       0xea CMakeFiles/HelloWorld.elf.dir/Core/Src/cpp_main.cpp.obj
                0x080085a8                std::deque<std::__cxx11::basic_string<char, std::char_traits<char>, std::allocator<char> >, std::allocator<std::__cxx11::basic_string<char, std::char_traits<char>, std::allocator<char> > > >::_M_reallocate_map(unsigned int, bool)
 *fill*         0x08008692        0x2 
 .text._ZNSt5dequeINSt7__cxx1112basic_stringIcSt11char_traitsIcESaIcEEESaIS5_EE16_M_push_back_auxIJS5_EEEvDpOT_
                0x08008694       0xc4 CMakeFiles/HelloWorld.elf.dir/Core/Src/cpp_main.cpp.obj
                0x08008694                void std::deque<std::__cxx11::basic_string<char, std::char_traits<char>, std::allocator<char> >, std::allocator<std::__cxx11::basic_string<char, std::char_traits<char>, std::allocator<char> > > >::_M_push_back_aux<std::__cxx11::basic_string<char, std::char_traits<char>, std::allocator<char> > >(std::__cxx11::basic_string<char, std::char_traits<char>, std::allocator<char> >&&)
 .text._ZNSt5dequeINSt7__cxx1112basic_stringIcSt11char_traitsIcESaIcEEESaIS5_EE12emplace_backIJS5_EEERS5_DpOT_
                0x08008758       0x8a CMakeFiles/HelloWorld.elf.dir/Core/Src/cpp_main.cpp.obj
                0x08008758                std::__cxx11::basic_string<char, std::char_traits<char>, std::allocator<char> >& std::deque<std::__cxx11::basic_string<char, std::char_traits<char>, std::allocator<char> >, std::allocator<std::__cxx11::basic_string<char, std::char_traits<char>, std::allocator<char> > > >::emplace_back<std::__cxx11::basic_string<char, std::char_traits<char>, std::allocator<char> > >(std::__cxx11::basic_string<char, std::char_traits<char>, std::allocator<char> >&&)
 *fill*         0x080087e2        0x2 
 .text.blink_LED
                0x080087e4      0x178 CMakeFiles/HelloWorld.elf.dir/Core/Src/cpp_main.cpp.obj
                0x080087e4                blink_LED
 .text.circle_blink
                0x0800895c       0x60 CMakeFiles/HelloWorld.elf.dir/Core/Src/cpp_main.cpp.obj
                0x0800895c                circle_blink
 .text._GLOBAL__sub_I__Z4msgsB5cxx11
                0x080089bc        0xe CMakeFiles/HelloWorld.elf.dir/Core/Src/cpp_main.cpp.obj
 *fill*         0x080089ca        0x2 
 .text.vApplicationGetIdleTaskMemory
                0x080089cc       0x18 CMakeFiles/HelloWorld.elf.dir/Core/Src/freertos.c.obj
                0x080089cc                vApplicationGetIdleTaskMemory
 .text.MX_GPIO_Init
                0x080089e4       0x88 CMakeFiles/HelloWorld.elf.dir/Core/Src/main.c.obj
 .text.key_press_monitor
                0x08008a6c       0x78 CMakeFiles/HelloWorld.elf.dir/Core/Src/main.c.obj
                0x08008a6c                key_press_monitor
 .text.StartDefaultTask
                0x08008ae4        0x8 CMakeFiles/HelloWorld.elf.dir/Core/Src/main.c.obj
                0x08008ae4                StartDefaultTask
 .text.__io_putchar
                0x08008aec       0x20 CMakeFiles/HelloWorld.elf.dir/Core/Src/main.c.obj
                0x08008aec                __io_putchar
 .text.HAL_TIM_PeriodElapsedCallback
                0x08008b0c       0x18 CMakeFiles/HelloWorld.elf.dir/Core/Src/main.c.obj
                0x08008b0c                HAL_TIM_PeriodElapsedCallback
 .text.Error_Handler
                0x08008b24        0x4 CMakeFiles/HelloWorld.elf.dir/Core/Src/main.c.obj
                0x08008b24                Error_Handler
 .text.MX_USART1_UART_Init
                0x08008b28       0x38 CMakeFiles/HelloWorld.elf.dir/Core/Src/main.c.obj
 .text.SystemClock_Config
                0x08008b60       0x6e CMakeFiles/HelloWorld.elf.dir/Core/Src/main.c.obj
                0x08008b60                SystemClock_Config
 *fill*         0x08008bce        0x2 
 .text.main     0x08008bd0       0x98 CMakeFiles/HelloWorld.elf.dir/Core/Src/main.c.obj
                0x08008bd0                main
 .text.HAL_MspInit
                0x08008c68       0x40 CMakeFiles/HelloWorld.elf.dir/Core/Src/stm32f3xx_hal_msp.c.obj
                0x08008c68                HAL_MspInit
 .text.HAL_UART_MspInit
                0x08008ca8       0x68 CMakeFiles/HelloWorld.elf.dir/Core/Src/stm32f3xx_hal_msp.c.obj
                0x08008ca8                HAL_UART_MspInit
 .text.HAL_InitTick
                0x08008d10       0x78 CMakeFiles/HelloWorld.elf.dir/Core/Src/stm32f3xx_hal_timebase_tim.c.obj
                0x08008d10                HAL_InitTick
 .text.NMI_Handler
                0x08008d88        0x2 CMakeFiles/HelloWorld.elf.dir/Core/Src/stm32f3xx_it.c.obj
                0x08008d88                NMI_Handler
 .text.HardFault_Handler
                0x08008d8a        0x2 CMakeFiles/HelloWorld.elf.dir/Core/Src/stm32f3xx_it.c.obj
                0x08008d8a                HardFault_Handler
 .text.MemManage_Handler
                0x08008d8c        0x2 CMakeFiles/HelloWorld.elf.dir/Core/Src/stm32f3xx_it.c.obj
                0x08008d8c                MemManage_Handler
 .text.BusFault_Handler
                0x08008d8e        0x2 CMakeFiles/HelloWorld.elf.dir/Core/Src/stm32f3xx_it.c.obj
                0x08008d8e                BusFault_Handler
 .text.UsageFault_Handler
                0x08008d90        0x2 CMakeFiles/HelloWorld.elf.dir/Core/Src/stm32f3xx_it.c.obj
                0x08008d90                UsageFault_Handler
 .text.DebugMon_Handler
                0x08008d92        0x2 CMakeFiles/HelloWorld.elf.dir/Core/Src/stm32f3xx_it.c.obj
                0x08008d92                DebugMon_Handler
 .text.TIM1_UP_TIM16_IRQHandler
                0x08008d94       0x10 CMakeFiles/HelloWorld.elf.dir/Core/Src/stm32f3xx_it.c.obj
                0x08008d94                TIM1_UP_TIM16_IRQHandler
 .text._getpid  0x08008da4        0x4 CMakeFiles/HelloWorld.elf.dir/Core/Src/syscalls.c.obj
                0x08008da4                _getpid
 .text._kill    0x08008da8       0x10 CMakeFiles/HelloWorld.elf.dir/Core/Src/syscalls.c.obj
                0x08008da8                _kill
 .text._exit    0x08008db8        0xc CMakeFiles/HelloWorld.elf.dir/Core/Src/syscalls.c.obj
                0x08008db8                _exit
 .text._read    0x08008dc4       0x20 CMakeFiles/HelloWorld.elf.dir/Core/Src/syscalls.c.obj
                0x08008dc4                _read
 .text._write   0x08008de4       0x1c CMakeFiles/HelloWorld.elf.dir/Core/Src/syscalls.c.obj
                0x08008de4                _write
 .text._close   0x08008e00        0x6 CMakeFiles/HelloWorld.elf.dir/Core/Src/syscalls.c.obj
                0x08008e00                _close
 .text._fstat   0x08008e06        0xa CMakeFiles/HelloWorld.elf.dir/Core/Src/syscalls.c.obj
                0x08008e06                _fstat
 .text._isatty  0x08008e10        0x4 CMakeFiles/HelloWorld.elf.dir/Core/Src/syscalls.c.obj
                0x08008e10                _isatty
 .text._lseek   0x08008e14        0x4 CMakeFiles/HelloWorld.elf.dir/Core/Src/syscalls.c.obj
                0x08008e14                _lseek
 .text._sbrk    0x08008e18       0x48 CMakeFiles/HelloWorld.elf.dir/Core/Src/sysmem.c.obj
                0x08008e18                _sbrk
 .text.SystemInit
                0x08008e60       0x14 CMakeFiles/HelloWorld.elf.dir/Core/Src/system_stm32f3xx.c.obj
                0x08008e60                SystemInit
 .text.Reset_Handler
                0x08008e74       0x50 CMakeFiles/HelloWorld.elf.dir/Core/Startup/startup_stm32f303vctx.s.obj
                0x08008e74                Reset_Handler
 .text.Default_Handler
                0x08008ec4        0x2 CMakeFiles/HelloWorld.elf.dir/Core/Startup/startup_stm32f303vctx.s.obj
                0x08008ec4                RTC_Alarm_IRQHandler
                0x08008ec4                TIM8_TRG_COM_IRQHandler
                0x08008ec4                TIM8_CC_IRQHandler
                0x08008ec4                TIM1_CC_IRQHandler
                0x08008ec4                USB_HP_IRQHandler
                0x08008ec4                PVD_IRQHandler
                0x08008ec4                TAMP_STAMP_IRQHandler
                0x08008ec4                EXTI3_IRQHandler
                0x08008ec4                USB_HP_CAN_TX_IRQHandler
                0x08008ec4                EXTI0_IRQHandler
                0x08008ec4                I2C2_EV_IRQHandler
                0x08008ec4                FPU_IRQHandler
                0x08008ec4                ADC1_2_IRQHandler
                0x08008ec4                SPI1_IRQHandler
                0x08008ec4                CAN_SCE_IRQHandler
                0x08008ec4                TIM6_DAC_IRQHandler
                0x08008ec4                TIM8_UP_IRQHandler
                0x08008ec4                DMA2_Channel2_IRQHandler
                0x08008ec4                DMA1_Channel4_IRQHandler
                0x08008ec4                USART3_IRQHandler
                0x08008ec4                DMA1_Channel7_IRQHandler
                0x08008ec4                UART5_IRQHandler
                0x08008ec4                ADC3_IRQHandler
                0x08008ec4                TIM4_IRQHandler
                0x08008ec4                CAN_RX1_IRQHandler
                0x08008ec4                DMA2_Channel1_IRQHandler
                0x08008ec4                I2C1_EV_IRQHandler
                0x08008ec4                DMA1_Channel6_IRQHandler
                0x08008ec4                UART4_IRQHandler
                0x08008ec4                DMA2_Channel4_IRQHandler
                0x08008ec4                TIM3_IRQHandler
                0x08008ec4                RCC_IRQHandler
                0x08008ec4                DMA1_Channel1_IRQHandler
                0x08008ec4                Default_Handler
                0x08008ec4                USBWakeUp_RMP_IRQHandler
                0x08008ec4                EXTI15_10_IRQHandler
                0x08008ec4                TIM7_IRQHandler
                0x08008ec4                EXTI9_5_IRQHandler
                0x08008ec4                RTC_WKUP_IRQHandler
                0x08008ec4                SPI2_IRQHandler
                0x08008ec4                USB_LP_CAN_RX0_IRQHandler
                0x08008ec4                DMA2_Channel5_IRQHandler
                0x08008ec4                DMA1_Channel5_IRQHandler
                0x08008ec4                USB_LP_IRQHandler
                0x08008ec4                EXTI4_IRQHandler
                0x08008ec4                TIM1_TRG_COM_TIM17_IRQHandler
                0x08008ec4                DMA1_Channel3_IRQHandler
                0x08008ec4                ADC4_IRQHandler
                0x08008ec4                WWDG_IRQHandler
                0x08008ec4                TIM2_IRQHandler
                0x08008ec4                COMP7_IRQHandler
                0x08008ec4                COMP1_2_3_IRQHandler
                0x08008ec4                EXTI1_IRQHandler
                0x08008ec4                USART2_IRQHandler
                0x08008ec4                COMP4_5_6_IRQHandler
                0x08008ec4                I2C2_ER_IRQHandler
                0x08008ec4                DMA1_Channel2_IRQHandler
                0x08008ec4                TIM8_BRK_IRQHandler
                0x08008ec4                FLASH_IRQHandler
                0x08008ec4                USART1_IRQHandler
                0x08008ec4                SPI3_IRQHandler
                0x08008ec4                I2C1_ER_IRQHandler
                0x08008ec4                USBWakeUp_IRQHandler
                0x08008ec4                DMA2_Channel3_IRQHandler
                0x08008ec4                EXTI2_TSC_IRQHandler
                0x08008ec4                TIM1_BRK_TIM15_IRQHandler
 *fill*         0x08008ec6        0x2 
 .text.HAL_Init
                0x08008ec8       0x24 CMakeFiles/HelloWorld.elf.dir/Drivers/STM32F3xx_HAL_Driver/Src/stm32f3xx_hal.c.obj
                0x08008ec8                HAL_Init
 .text.HAL_IncTick
                0x08008eec       0x18 CMakeFiles/HelloWorld.elf.dir/Drivers/STM32F3xx_HAL_Driver/Src/stm32f3xx_hal.c.obj
                0x08008eec                HAL_IncTick
 .text.HAL_GetTick
                0x08008f04        0xc CMakeFiles/HelloWorld.elf.dir/Drivers/STM32F3xx_HAL_Driver/Src/stm32f3xx_hal.c.obj
                0x08008f04                HAL_GetTick
 .text.HAL_NVIC_SetPriorityGrouping
                0x08008f10       0x24 CMakeFiles/HelloWorld.elf.dir/Drivers/STM32F3xx_HAL_Driver/Src/stm32f3xx_hal_cortex.c.obj
                0x08008f10                HAL_NVIC_SetPriorityGrouping
 .text.HAL_NVIC_SetPriority
                0x08008f34       0x70 CMakeFiles/HelloWorld.elf.dir/Drivers/STM32F3xx_HAL_Driver/Src/stm32f3xx_hal_cortex.c.obj
                0x08008f34                HAL_NVIC_SetPriority
 .text.HAL_NVIC_EnableIRQ
                0x08008fa4       0x1c CMakeFiles/HelloWorld.elf.dir/Drivers/STM32F3xx_HAL_Driver/Src/stm32f3xx_hal_cortex.c.obj
                0x08008fa4                HAL_NVIC_EnableIRQ
 .text.HAL_GPIO_Init
                0x08008fc0      0x1c8 CMakeFiles/HelloWorld.elf.dir/Drivers/STM32F3xx_HAL_Driver/Src/stm32f3xx_hal_gpio.c.obj
                0x08008fc0                HAL_GPIO_Init
 .text.HAL_GPIO_ReadPin
                0x08009188        0xe CMakeFiles/HelloWorld.elf.dir/Drivers/STM32F3xx_HAL_Driver/Src/stm32f3xx_hal_gpio.c.obj
                0x08009188                HAL_GPIO_ReadPin
 .text.HAL_GPIO_WritePin
                0x08009196        0xa CMakeFiles/HelloWorld.elf.dir/Drivers/STM32F3xx_HAL_Driver/Src/stm32f3xx_hal_gpio.c.obj
                0x08009196                HAL_GPIO_WritePin
 .text.HAL_GPIO_TogglePin
                0x080091a0       0x12 CMakeFiles/HelloWorld.elf.dir/Drivers/STM32F3xx_HAL_Driver/Src/stm32f3xx_hal_gpio.c.obj
                0x080091a0                HAL_GPIO_TogglePin
 *fill*         0x080091b2        0x2 
 .text.HAL_RCC_OscConfig
                0x080091b4      0x634 CMakeFiles/HelloWorld.elf.dir/Drivers/STM32F3xx_HAL_Driver/Src/stm32f3xx_hal_rcc.c.obj
                0x080091b4                HAL_RCC_OscConfig
 .text.HAL_RCC_GetSysClockFreq
                0x080097e8       0x70 CMakeFiles/HelloWorld.elf.dir/Drivers/STM32F3xx_HAL_Driver/Src/stm32f3xx_hal_rcc.c.obj
                0x080097e8                HAL_RCC_GetSysClockFreq
 .text.HAL_RCC_ClockConfig
                0x08009858      0x1a8 CMakeFiles/HelloWorld.elf.dir/Drivers/STM32F3xx_HAL_Driver/Src/stm32f3xx_hal_rcc.c.obj
                0x08009858                HAL_RCC_ClockConfig
 .text.HAL_RCC_GetHCLKFreq
                0x08009a00        0xc CMakeFiles/HelloWorld.elf.dir/Drivers/STM32F3xx_HAL_Driver/Src/stm32f3xx_hal_rcc.c.obj
                0x08009a00                HAL_RCC_GetHCLKFreq
 .text.HAL_RCC_GetPCLK1Freq
                0x08009a0c       0x2c CMakeFiles/HelloWorld.elf.dir/Drivers/STM32F3xx_HAL_Driver/Src/stm32f3xx_hal_rcc.c.obj
                0x08009a0c                HAL_RCC_GetPCLK1Freq
 .text.HAL_RCC_GetPCLK2Freq
                0x08009a38       0x2c CMakeFiles/HelloWorld.elf.dir/Drivers/STM32F3xx_HAL_Driver/Src/stm32f3xx_hal_rcc.c.obj
                0x08009a38                HAL_RCC_GetPCLK2Freq
 .text.HAL_RCC_GetClockConfig
                0x08009a64       0x3c CMakeFiles/HelloWorld.elf.dir/Drivers/STM32F3xx_HAL_Driver/Src/stm32f3xx_hal_rcc.c.obj
                0x08009a64                HAL_RCC_GetClockConfig
 .text.HAL_RCCEx_PeriphCLKConfig
                0x08009aa0      0x260 CMakeFiles/HelloWorld.elf.dir/Drivers/STM32F3xx_HAL_Driver/Src/stm32f3xx_hal_rcc_ex.c.obj
                0x08009aa0                HAL_RCCEx_PeriphCLKConfig
 .text.HAL_TIM_Base_MspInit
                0x08009d00        0x2 CMakeFiles/HelloWorld.elf.dir/Drivers/STM32F3xx_HAL_Driver/Src/stm32f3xx_hal_tim.c.obj
                0x08009d00                HAL_TIM_Base_MspInit
 *fill*         0x08009d02        0x2 
 .text.HAL_TIM_Base_Start_IT
                0x08009d04       0x84 CMakeFiles/HelloWorld.elf.dir/Drivers/STM32F3xx_HAL_Driver/Src/stm32f3xx_hal_tim.c.obj
                0x08009d04                HAL_TIM_Base_Start_IT
 .text.HAL_TIM_OC_DelayElapsedCallback
                0x08009d88        0x2 CMakeFiles/HelloWorld.elf.dir/Drivers/STM32F3xx_HAL_Driver/Src/stm32f3xx_hal_tim.c.obj
                0x08009d88                HAL_TIM_OC_DelayElapsedCallback
 .text.HAL_TIM_IC_CaptureCallback
                0x08009d8a        0x2 CMakeFiles/HelloWorld.elf.dir/Drivers/STM32F3xx_HAL_Driver/Src/stm32f3xx_hal_tim.c.obj
                0x08009d8a                HAL_TIM_IC_CaptureCallback
 .text.HAL_TIM_PWM_PulseFinishedCallback
                0x08009d8c        0x2 CMakeFiles/HelloWorld.elf.dir/Drivers/STM32F3xx_HAL_Driver/Src/stm32f3xx_hal_tim.c.obj
                0x08009d8c                HAL_TIM_PWM_PulseFinishedCallback
 .text.HAL_TIM_TriggerCallback
                0x08009d8e        0x2 CMakeFiles/HelloWorld.elf.dir/Drivers/STM32F3xx_HAL_Driver/Src/stm32f3xx_hal_tim.c.obj
                0x08009d8e                HAL_TIM_TriggerCallback
 .text.HAL_TIM_IRQHandler
                0x08009d90      0x19a CMakeFiles/HelloWorld.elf.dir/Drivers/STM32F3xx_HAL_Driver/Src/stm32f3xx_hal_tim.c.obj
                0x08009d90                HAL_TIM_IRQHandler
 *fill*         0x08009f2a        0x2 
 .text.TIM_Base_SetConfig
                0x08009f2c       0xb8 CMakeFiles/HelloWorld.elf.dir/Drivers/STM32F3xx_HAL_Driver/Src/stm32f3xx_hal_tim.c.obj
                0x08009f2c                TIM_Base_SetConfig
 .text.HAL_TIM_Base_Init
                0x08009fe4       0x60 CMakeFiles/HelloWorld.elf.dir/Drivers/STM32F3xx_HAL_Driver/Src/stm32f3xx_hal_tim.c.obj
                0x08009fe4                HAL_TIM_Base_Init
 .text.HAL_TIMEx_CommutCallback
                0x0800a044        0x2 CMakeFiles/HelloWorld.elf.dir/Drivers/STM32F3xx_HAL_Driver/Src/stm32f3xx_hal_tim_ex.c.obj
                0x0800a044                HAL_TIMEx_CommutCallback
 .text.HAL_TIMEx_BreakCallback
                0x0800a046        0x2 CMakeFiles/HelloWorld.elf.dir/Drivers/STM32F3xx_HAL_Driver/Src/stm32f3xx_hal_tim_ex.c.obj
                0x0800a046                HAL_TIMEx_BreakCallback
 .text.HAL_TIMEx_Break2Callback
                0x0800a048        0x2 CMakeFiles/HelloWorld.elf.dir/Drivers/STM32F3xx_HAL_Driver/Src/stm32f3xx_hal_tim_ex.c.obj
                0x0800a048                HAL_TIMEx_Break2Callback
 *fill*         0x0800a04a        0x2 
 .text.UART_SetConfig
                0x0800a04c      0x250 CMakeFiles/HelloWorld.elf.dir/Drivers/STM32F3xx_HAL_Driver/Src/stm32f3xx_hal_uart.c.obj
                0x0800a04c                UART_SetConfig
 .text.UART_AdvFeatureConfig
                0x0800a29c       0xca CMakeFiles/HelloWorld.elf.dir/Drivers/STM32F3xx_HAL_Driver/Src/stm32f3xx_hal_uart.c.obj
                0x0800a29c                UART_AdvFeatureConfig
 .text.UART_WaitOnFlagUntilTimeout
                0x0800a366       0xd4 CMakeFiles/HelloWorld.elf.dir/Drivers/STM32F3xx_HAL_Driver/Src/stm32f3xx_hal_uart.c.obj
                0x0800a366                UART_WaitOnFlagUntilTimeout
 .text.HAL_UART_Transmit
                0x0800a43a       0xd8 CMakeFiles/HelloWorld.elf.dir/Drivers/STM32F3xx_HAL_Driver/Src/stm32f3xx_hal_uart.c.obj
                0x0800a43a                HAL_UART_Transmit
 .text.UART_CheckIdleState
                0x0800a512       0x70 CMakeFiles/HelloWorld.elf.dir/Drivers/STM32F3xx_HAL_Driver/Src/stm32f3xx_hal_uart.c.obj
                0x0800a512                UART_CheckIdleState
 .text.HAL_UART_Init
                0x0800a582       0x62 CMakeFiles/HelloWorld.elf.dir/Drivers/STM32F3xx_HAL_Driver/Src/stm32f3xx_hal_uart.c.obj
                0x0800a582                HAL_UART_Init
 .text.makeFreeRtosPriority
                0x0800a5e4        0xc CMakeFiles/HelloWorld.elf.dir/Middlewares/Third_Party/FreeRTOS/Source/CMSIS_RTOS/cmsis_os.c.obj
 .text.osKernelStart
                0x0800a5f0        0xa CMakeFiles/HelloWorld.elf.dir/Middlewares/Third_Party/FreeRTOS/Source/CMSIS_RTOS/cmsis_os.c.obj
                0x0800a5f0                osKernelStart
 .text.osThreadCreate
                0x0800a5fa       0x6a CMakeFiles/HelloWorld.elf.dir/Middlewares/Third_Party/FreeRTOS/Source/CMSIS_RTOS/cmsis_os.c.obj
                0x0800a5fa                osThreadCreate
 .text.osDelay  0x0800a664        0xe CMakeFiles/HelloWorld.elf.dir/Middlewares/Third_Party/FreeRTOS/Source/CMSIS_RTOS/cmsis_os.c.obj
                0x0800a664                osDelay
 .text.vListInitialise
                0x0800a672       0x16 CMakeFiles/HelloWorld.elf.dir/Middlewares/Third_Party/FreeRTOS/Source/list.c.obj
                0x0800a672                vListInitialise
 .text.vListInitialiseItem
                0x0800a688        0x6 CMakeFiles/HelloWorld.elf.dir/Middlewares/Third_Party/FreeRTOS/Source/list.c.obj
                0x0800a688                vListInitialiseItem
 .text.vListInsertEnd
                0x0800a68e       0x16 CMakeFiles/HelloWorld.elf.dir/Middlewares/Third_Party/FreeRTOS/Source/list.c.obj
                0x0800a68e                vListInsertEnd
 .text.vListInsert
                0x0800a6a4       0x32 CMakeFiles/HelloWorld.elf.dir/Middlewares/Third_Party/FreeRTOS/Source/list.c.obj
                0x0800a6a4                vListInsert
 .text.uxListRemove
                0x0800a6d6       0x26 CMakeFiles/HelloWorld.elf.dir/Middlewares/Third_Party/FreeRTOS/Source/list.c.obj
                0x0800a6d6                uxListRemove
 .text.prvTaskExitError
                0x0800a6fc       0x40 CMakeFiles/HelloWorld.elf.dir/Middlewares/Third_Party/FreeRTOS/Source/portable/GCC/ARM_CM4F/port.c.obj
 .text.prvPortStartFirstTask
                0x0800a73c       0x28 CMakeFiles/HelloWorld.elf.dir/Middlewares/Third_Party/FreeRTOS/Source/portable/GCC/ARM_CM4F/port.c.obj
 .text.vPortEnableVFP
                0x0800a764       0x14 CMakeFiles/HelloWorld.elf.dir/Middlewares/Third_Party/FreeRTOS/Source/portable/GCC/ARM_CM4F/port.c.obj
 .text.pxPortInitialiseStack
                0x0800a778       0x2c CMakeFiles/HelloWorld.elf.dir/Middlewares/Third_Party/FreeRTOS/Source/portable/GCC/ARM_CM4F/port.c.obj
                0x0800a778                pxPortInitialiseStack
 *fill*         0x0800a7a4        0xc 
 .text.SVC_Handler
                0x0800a7b0       0x24 CMakeFiles/HelloWorld.elf.dir/Middlewares/Third_Party/FreeRTOS/Source/portable/GCC/ARM_CM4F/port.c.obj
                0x0800a7b0                SVC_Handler
 .text.vPortEnterCritical
                0x0800a7d4       0x44 CMakeFiles/HelloWorld.elf.dir/Middlewares/Third_Party/FreeRTOS/Source/portable/GCC/ARM_CM4F/port.c.obj
                0x0800a7d4                vPortEnterCritical
 .text.vPortExitCritical
                0x0800a818       0x2c CMakeFiles/HelloWorld.elf.dir/Middlewares/Third_Party/FreeRTOS/Source/portable/GCC/ARM_CM4F/port.c.obj
                0x0800a818                vPortExitCritical
 *fill*         0x0800a844        0xc 
 .text.PendSV_Handler
                0x0800a850       0x64 CMakeFiles/HelloWorld.elf.dir/Middlewares/Third_Party/FreeRTOS/Source/portable/GCC/ARM_CM4F/port.c.obj
                0x0800a850                PendSV_Handler
 .text.SysTick_Handler
                0x0800a8b4       0x2c CMakeFiles/HelloWorld.elf.dir/Middlewares/Third_Party/FreeRTOS/Source/portable/GCC/ARM_CM4F/port.c.obj
                0x0800a8b4                SysTick_Handler
 .text.vPortSetupTimerInterrupt
                0x0800a8e0       0x28 CMakeFiles/HelloWorld.elf.dir/Middlewares/Third_Party/FreeRTOS/Source/portable/GCC/ARM_CM4F/port.c.obj
                0x0800a8e0                vPortSetupTimerInterrupt
 .text.xPortStartScheduler
                0x0800a908      0x118 CMakeFiles/HelloWorld.elf.dir/Middlewares/Third_Party/FreeRTOS/Source/portable/GCC/ARM_CM4F/port.c.obj
                0x0800a908                xPortStartScheduler
 .text.prvHeapInit
                0x0800aa20       0x64 CMakeFiles/HelloWorld.elf.dir/Middlewares/Third_Party/FreeRTOS/Source/portable/MemMang/heap_4.c.obj
 .text.prvInsertBlockIntoFreeList
                0x0800aa84       0x64 CMakeFiles/HelloWorld.elf.dir/Middlewares/Third_Party/FreeRTOS/Source/portable/MemMang/heap_4.c.obj
 .text.pvPortMalloc
                0x0800aae8       0xf0 CMakeFiles/HelloWorld.elf.dir/Middlewares/Third_Party/FreeRTOS/Source/portable/MemMang/heap_4.c.obj
                0x0800aae8                pvPortMalloc
 .text.vPortFree
                0x0800abd8       0x70 CMakeFiles/HelloWorld.elf.dir/Middlewares/Third_Party/FreeRTOS/Source/portable/MemMang/heap_4.c.obj
                0x0800abd8                vPortFree
 .text.prvIsQueueFull
                0x0800ac48       0x1e CMakeFiles/HelloWorld.elf.dir/Middlewares/Third_Party/FreeRTOS/Source/queue.c.obj
 .text.prvIsQueueEmpty
                0x0800ac66       0x1a CMakeFiles/HelloWorld.elf.dir/Middlewares/Third_Party/FreeRTOS/Source/queue.c.obj
 .text.prvCopyDataToQueue
                0x0800ac80       0x76 CMakeFiles/HelloWorld.elf.dir/Middlewares/Third_Party/FreeRTOS/Source/queue.c.obj
 .text.prvCopyDataFromQueue
                0x0800acf6       0x24 CMakeFiles/HelloWorld.elf.dir/Middlewares/Third_Party/FreeRTOS/Source/queue.c.obj
 .text.prvUnlockQueue
                0x0800ad1a       0x6e CMakeFiles/HelloWorld.elf.dir/Middlewares/Third_Party/FreeRTOS/Source/queue.c.obj
 .text.xQueueGenericReset
                0x0800ad88       0x84 CMakeFiles/HelloWorld.elf.dir/Middlewares/Third_Party/FreeRTOS/Source/queue.c.obj
                0x0800ad88                xQueueGenericReset
 .text.prvInitialiseNewQueue
                0x0800ae0c       0x1c CMakeFiles/HelloWorld.elf.dir/Middlewares/Third_Party/FreeRTOS/Source/queue.c.obj
 .text.xQueueGenericCreate
                0x0800ae28       0x4e CMakeFiles/HelloWorld.elf.dir/Middlewares/Third_Party/FreeRTOS/Source/queue.c.obj
                0x0800ae28                xQueueGenericCreate
 .text.xQueueGenericSend
                0x0800ae76      0x188 CMakeFiles/HelloWorld.elf.dir/Middlewares/Third_Party/FreeRTOS/Source/queue.c.obj
                0x0800ae76                xQueueGenericSend
 .text.xQueueReceive
                0x0800affe      0x15e CMakeFiles/HelloWorld.elf.dir/Middlewares/Third_Party/FreeRTOS/Source/queue.c.obj
                0x0800affe                xQueueReceive
 .text.prvResetNextTaskUnblockTime
                0x0800b15c       0x2c CMakeFiles/HelloWorld.elf.dir/Middlewares/Third_Party/FreeRTOS/Source/tasks.c.obj
 .text.prvInitialiseNewTask
                0x0800b188       0xf0 CMakeFiles/HelloWorld.elf.dir/Middlewares/Third_Party/FreeRTOS/Source/tasks.c.obj
 .text.prvInitialiseTaskLists
                0x0800b278       0x68 CMakeFiles/HelloWorld.elf.dir/Middlewares/Third_Party/FreeRTOS/Source/tasks.c.obj
 .text.prvAddNewTaskToReadyList
                0x0800b2e0       0xa8 CMakeFiles/HelloWorld.elf.dir/Middlewares/Third_Party/FreeRTOS/Source/tasks.c.obj
 .text.prvDeleteTCB
                0x0800b388       0x40 CMakeFiles/HelloWorld.elf.dir/Middlewares/Third_Party/FreeRTOS/Source/tasks.c.obj
 .text.prvCheckTasksWaitingTermination
                0x0800b3c8       0x4c CMakeFiles/HelloWorld.elf.dir/Middlewares/Third_Party/FreeRTOS/Source/tasks.c.obj
 .text.prvIdleTask
                0x0800b414       0x28 CMakeFiles/HelloWorld.elf.dir/Middlewares/Third_Party/FreeRTOS/Source/tasks.c.obj
 .text.prvAddCurrentTaskToDelayedList
                0x0800b43c       0x98 CMakeFiles/HelloWorld.elf.dir/Middlewares/Third_Party/FreeRTOS/Source/tasks.c.obj
 .text.xTaskCreateStatic
                0x0800b4d4       0x78 CMakeFiles/HelloWorld.elf.dir/Middlewares/Third_Party/FreeRTOS/Source/tasks.c.obj
                0x0800b4d4                xTaskCreateStatic
 .text.xTaskCreate
                0x0800b54c       0x6a CMakeFiles/HelloWorld.elf.dir/Middlewares/Third_Party/FreeRTOS/Source/tasks.c.obj
                0x0800b54c                xTaskCreate
 *fill*         0x0800b5b6        0x2 
 .text.vTaskStartScheduler
                0x0800b5b8       0x84 CMakeFiles/HelloWorld.elf.dir/Middlewares/Third_Party/FreeRTOS/Source/tasks.c.obj
                0x0800b5b8                vTaskStartScheduler
 .text.vTaskSuspendAll
                0x0800b63c       0x10 CMakeFiles/HelloWorld.elf.dir/Middlewares/Third_Party/FreeRTOS/Source/tasks.c.obj
                0x0800b63c                vTaskSuspendAll
 .text.xTaskIncrementTick
                0x0800b64c      0x118 CMakeFiles/HelloWorld.elf.dir/Middlewares/Third_Party/FreeRTOS/Source/tasks.c.obj
                0x0800b64c                xTaskIncrementTick
 .text.xTaskResumeAll
                0x0800b764       0xf8 CMakeFiles/HelloWorld.elf.dir/Middlewares/Third_Party/FreeRTOS/Source/tasks.c.obj
                0x0800b764                xTaskResumeAll
 .text.vTaskDelay
                0x0800b85c       0x4c CMakeFiles/HelloWorld.elf.dir/Middlewares/Third_Party/FreeRTOS/Source/tasks.c.obj
                0x0800b85c                vTaskDelay
 .text.vTaskSwitchContext
                0x0800b8a8       0xa4 CMakeFiles/HelloWorld.elf.dir/Middlewares/Third_Party/FreeRTOS/Source/tasks.c.obj
                0x0800b8a8                vTaskSwitchContext
 .text.vTaskPlaceOnEventList
                0x0800b94c       0x30 CMakeFiles/HelloWorld.elf.dir/Middlewares/Third_Party/FreeRTOS/Source/tasks.c.obj
                0x0800b94c                vTaskPlaceOnEventList
 .text.xTaskRemoveFromEventList
                0x0800b97c       0x8c CMakeFiles/HelloWorld.elf.dir/Middlewares/Third_Party/FreeRTOS/Source/tasks.c.obj
                0x0800b97c                xTaskRemoveFromEventList
 .text.vTaskInternalSetTimeOutState
                0x0800ba08       0x18 CMakeFiles/HelloWorld.elf.dir/Middlewares/Third_Party/FreeRTOS/Source/tasks.c.obj
                0x0800ba08                vTaskInternalSetTimeOutState
 .text.xTaskCheckForTimeOut
                0x0800ba20       0x84 CMakeFiles/HelloWorld.elf.dir/Middlewares/Third_Party/FreeRTOS/Source/tasks.c.obj
                0x0800ba20                xTaskCheckForTimeOut
 .text.vTaskMissedYield
                0x0800baa4        0xc CMakeFiles/HelloWorld.elf.dir/Middlewares/Third_Party/FreeRTOS/Source/tasks.c.obj
                0x0800baa4                vTaskMissedYield
 .text.xTaskGetSchedulerState
                0x0800bab0       0x20 CMakeFiles/HelloWorld.elf.dir/Middlewares/Third_Party/FreeRTOS/Source/tasks.c.obj
                0x0800bab0                xTaskGetSchedulerState
 .text.xTaskPriorityDisinherit
                0x0800bad0       0xb4 CMakeFiles/HelloWorld.elf.dir/Middlewares/Third_Party/FreeRTOS/Source/tasks.c.obj
                0x0800bad0                xTaskPriorityDisinherit
 .text.__aeabi_atexit
                0x0800bb84        0xc d:/programs/gnu_arm_toolchain/bin/../lib/gcc/arm-none-eabi/10.3.1/../../../../arm-none-eabi/lib/thumb/v7e-m+fp/hard\libstdc++.a(atexit_arm.o)
                0x0800bb84                __aeabi_atexit
 .text._ZdlPvj  0x0800bb90        0x4 d:/programs/gnu_arm_toolchain/bin/../lib/gcc/arm-none-eabi/10.3.1/../../../../arm-none-eabi/lib/thumb/v7e-m+fp/hard\libstdc++.a(del_ops.o)
                0x0800bb90                operator delete(void*, unsigned int)
 .text.__cxa_end_cleanup
                0x0800bb94        0xc d:/programs/gnu_arm_toolchain/bin/../lib/gcc/arm-none-eabi/10.3.1/../../../../arm-none-eabi/lib/thumb/v7e-m+fp/hard\libstdc++.a(eh_arm.o)
                0x0800bb94                __cxa_end_cleanup
 .text.__cxa_type_match
                0x0800bba0       0xb4 d:/programs/gnu_arm_toolchain/bin/../lib/gcc/arm-none-eabi/10.3.1/../../../../arm-none-eabi/lib/thumb/v7e-m+fp/hard\libstdc++.a(eh_arm.o)
                0x0800bba0                __cxa_type_match
 .text.__cxa_begin_cleanup
                0x0800bc54       0x64 d:/programs/gnu_arm_toolchain/bin/../lib/gcc/arm-none-eabi/10.3.1/../../../../arm-none-eabi/lib/thumb/v7e-m+fp/hard\libstdc++.a(eh_arm.o)
                0x0800bc54                __cxa_begin_cleanup
 .text.__gnu_end_cleanup
                0x0800bcb8       0x70 d:/programs/gnu_arm_toolchain/bin/../lib/gcc/arm-none-eabi/10.3.1/../../../../arm-none-eabi/lib/thumb/v7e-m+fp/hard\libstdc++.a(eh_arm.o)
                0x0800bcb8                __gnu_end_cleanup
 .text.__cxa_begin_catch
                0x0800bd28       0x7c d:/programs/gnu_arm_toolchain/bin/../lib/gcc/arm-none-eabi/10.3.1/../../../../arm-none-eabi/lib/thumb/v7e-m+fp/hard\libstdc++.a(eh_catch.o)
                0x0800bd28                __cxa_begin_catch
 .text.__cxa_end_catch
                0x0800bda4       0x8c d:/programs/gnu_arm_toolchain/bin/../lib/gcc/arm-none-eabi/10.3.1/../../../../arm-none-eabi/lib/thumb/v7e-m+fp/hard\libstdc++.a(eh_catch.o)
                0x0800bda4                __cxa_end_catch
 .text._ZNSt9exceptionD2Ev
                0x0800be30        0x4 d:/programs/gnu_arm_toolchain/bin/../lib/gcc/arm-none-eabi/10.3.1/../../../../arm-none-eabi/lib/thumb/v7e-m+fp/hard\libstdc++.a(eh_exception.o)
                0x0800be30                std::exception::~exception()
                0x0800be30                std::exception::~exception()
 .text._ZNSt13bad_exceptionD2Ev
                0x0800be34        0x4 d:/programs/gnu_arm_toolchain/bin/../lib/gcc/arm-none-eabi/10.3.1/../../../../arm-none-eabi/lib/thumb/v7e-m+fp/hard\libstdc++.a(eh_exception.o)
                0x0800be34                std::bad_exception::~bad_exception()
                0x0800be34                std::bad_exception::~bad_exception()
 .text._ZNKSt13bad_exception4whatEv
                0x0800be38        0x8 d:/programs/gnu_arm_toolchain/bin/../lib/gcc/arm-none-eabi/10.3.1/../../../../arm-none-eabi/lib/thumb/v7e-m+fp/hard\libstdc++.a(eh_exception.o)
                0x0800be38                std::bad_exception::what() const
                0x0800be38                transaction clone for std::bad_exception::what() const
 .text._ZNSt13bad_exceptionD0Ev
                0x0800be40       0x10 d:/programs/gnu_arm_toolchain/bin/../lib/gcc/arm-none-eabi/10.3.1/../../../../arm-none-eabi/lib/thumb/v7e-m+fp/hard\libstdc++.a(eh_exception.o)
                0x0800be40                std::bad_exception::~bad_exception()
 .text.__cxa_get_globals_fast
                0x0800be50        0x8 d:/programs/gnu_arm_toolchain/bin/../lib/gcc/arm-none-eabi/10.3.1/../../../../arm-none-eabi/lib/thumb/v7e-m+fp/hard\libstdc++.a(eh_globals.o)
                0x0800be50                __cxa_get_globals_fast
 .text.__cxa_get_globals
                0x0800be58        0x8 d:/programs/gnu_arm_toolchain/bin/../lib/gcc/arm-none-eabi/10.3.1/../../../../arm-none-eabi/lib/thumb/v7e-m+fp/hard\libstdc++.a(eh_globals.o)
                0x0800be58                __cxa_get_globals
 .text._ZL28read_encoded_value_with_basehjPKhPj
                0x0800be60       0xc0 d:/programs/gnu_arm_toolchain/bin/../lib/gcc/arm-none-eabi/10.3.1/../../../../arm-none-eabi/lib/thumb/v7e-m+fp/hard\libstdc++.a(eh_personality.o)
 .text._ZL21base_of_encoded_valuehP15_Unwind_Context
                0x0800bf20       0x50 d:/programs/gnu_arm_toolchain/bin/../lib/gcc/arm-none-eabi/10.3.1/../../../../arm-none-eabi/lib/thumb/v7e-m+fp/hard\libstdc++.a(eh_personality.o)
 .text._ZL17parse_lsda_headerP15_Unwind_ContextPKhP16lsda_header_info
                0x0800bf70       0x94 d:/programs/gnu_arm_toolchain/bin/../lib/gcc/arm-none-eabi/10.3.1/../../../../arm-none-eabi/lib/thumb/v7e-m+fp/hard\libstdc++.a(eh_personality.o)
 .text.__gxx_personality_v0
                0x0800c004      0x4a8 d:/programs/gnu_arm_toolchain/bin/../lib/gcc/arm-none-eabi/10.3.1/../../../../arm-none-eabi/lib/thumb/v7e-m+fp/hard\libstdc++.a(eh_personality.o)
                0x0800c004                __gxx_personality_v0
 .text._ZN10__cxxabiv111__terminateEPFvvE
                0x0800c4ac       0x28 d:/programs/gnu_arm_toolchain/bin/../lib/gcc/arm-none-eabi/10.3.1/../../../../arm-none-eabi/lib/thumb/v7e-m+fp/hard\libstdc++.a(eh_terminate.o)
                0x0800c4ac                __cxxabiv1::__terminate(void (*)())
 .text._ZSt9terminatev
                0x0800c4d4       0x14 d:/programs/gnu_arm_toolchain/bin/../lib/gcc/arm-none-eabi/10.3.1/../../../../arm-none-eabi/lib/thumb/v7e-m+fp/hard\libstdc++.a(eh_terminate.o)
                0x0800c4d4                std::terminate()
 .text._ZN10__cxxabiv112__unexpectedEPFvvE
                0x0800c4e8        0x8 d:/programs/gnu_arm_toolchain/bin/../lib/gcc/arm-none-eabi/10.3.1/../../../../arm-none-eabi/lib/thumb/v7e-m+fp/hard\libstdc++.a(eh_terminate.o)
                0x0800c4e8                __cxxabiv1::__unexpected(void (*)())
 .text._ZSt10unexpectedv
                0x0800c4f0       0x14 d:/programs/gnu_arm_toolchain/bin/../lib/gcc/arm-none-eabi/10.3.1/../../../../arm-none-eabi/lib/thumb/v7e-m+fp/hard\libstdc++.a(eh_terminate.o)
                0x0800c4f0                std::unexpected()
 .text._ZSt13get_terminatev
                0x0800c504       0x10 d:/programs/gnu_arm_toolchain/bin/../lib/gcc/arm-none-eabi/10.3.1/../../../../arm-none-eabi/lib/thumb/v7e-m+fp/hard\libstdc++.a(eh_terminate.o)
                0x0800c504                std::get_terminate()
 .text._ZSt14get_unexpectedv
                0x0800c514       0x10 d:/programs/gnu_arm_toolchain/bin/../lib/gcc/arm-none-eabi/10.3.1/../../../../arm-none-eabi/lib/thumb/v7e-m+fp/hard\libstdc++.a(eh_terminate.o)
                0x0800c514                std::get_unexpected()
 .text._ZL23__gxx_exception_cleanup19_Unwind_Reason_CodeP21_Unwind_Control_Block
                0x0800c524       0x4c d:/programs/gnu_arm_toolchain/bin/../lib/gcc/arm-none-eabi/10.3.1/../../../../arm-none-eabi/lib/thumb/v7e-m+fp/hard\libstdc++.a(eh_throw.o)
 .text.__cxa_init_primary_exception
                0x0800c570       0x58 d:/programs/gnu_arm_toolchain/bin/../lib/gcc/arm-none-eabi/10.3.1/../../../../arm-none-eabi/lib/thumb/v7e-m+fp/hard\libstdc++.a(eh_throw.o)
                0x0800c570                __cxa_init_primary_exception
 .text.__cxa_throw
                0x0800c5c8       0x38 d:/programs/gnu_arm_toolchain/bin/../lib/gcc/arm-none-eabi/10.3.1/../../../../arm-none-eabi/lib/thumb/v7e-m+fp/hard\libstdc++.a(eh_throw.o)
                0x0800c5c8                __cxa_throw
 .text.__cxa_rethrow
                0x0800c600       0x70 d:/programs/gnu_arm_toolchain/bin/../lib/gcc/arm-none-eabi/10.3.1/../../../../arm-none-eabi/lib/thumb/v7e-m+fp/hard\libstdc++.a(eh_throw.o)
                0x0800c600                __cxa_rethrow
 .text._Znwj    0x0800c670       0x3c d:/programs/gnu_arm_toolchain/bin/../lib/gcc/arm-none-eabi/10.3.1/../../../../arm-none-eabi/lib/thumb/v7e-m+fp/hard\libstdc++.a(new_op.o)
                0x0800c670                operator new(unsigned int)
 .text._ZN10__cxxabiv120__si_class_type_infoD2Ev
                0x0800c6ac       0x14 d:/programs/gnu_arm_toolchain/bin/../lib/gcc/arm-none-eabi/10.3.1/../../../../arm-none-eabi/lib/thumb/v7e-m+fp/hard\libstdc++.a(si_class_type_info.o)
                0x0800c6ac                __cxxabiv1::__si_class_type_info::~__si_class_type_info()
                0x0800c6ac                __cxxabiv1::__si_class_type_info::~__si_class_type_info()
 .text._ZN10__cxxabiv120__si_class_type_infoD0Ev
                0x0800c6c0       0x1c d:/programs/gnu_arm_toolchain/bin/../lib/gcc/arm-none-eabi/10.3.1/../../../../arm-none-eabi/lib/thumb/v7e-m+fp/hard\libstdc++.a(si_class_type_info.o)
                0x0800c6c0                __cxxabiv1::__si_class_type_info::~__si_class_type_info()
 .text._ZNK10__cxxabiv120__si_class_type_info20__do_find_public_srcEiPKvPKNS_17__class_type_infoES2_
                0x0800c6dc       0x3c d:/programs/gnu_arm_toolchain/bin/../lib/gcc/arm-none-eabi/10.3.1/../../../../arm-none-eabi/lib/thumb/v7e-m+fp/hard\libstdc++.a(si_class_type_info.o)
                0x0800c6dc                __cxxabiv1::__si_class_type_info::__do_find_public_src(int, void const*, __cxxabiv1::__class_type_info const*, void const*) const
 .text._ZNK10__cxxabiv120__si_class_type_info12__do_dyncastEiNS_17__class_type_info10__sub_kindEPKS1_PKvS4_S6_RNS1_16__dyncast_resultE
                0x0800c718       0x80 d:/programs/gnu_arm_toolchain/bin/../lib/gcc/arm-none-eabi/10.3.1/../../../../arm-none-eabi/lib/thumb/v7e-m+fp/hard\libstdc++.a(si_class_type_info.o)
                0x0800c718                __cxxabiv1::__si_class_type_info::__do_dyncast(int, __cxxabiv1::__class_type_info::__sub_kind, __cxxabiv1::__class_type_info const*, void const*, __cxxabiv1::__class_type_info const*, void const*, __cxxabiv1::__class_type_info::__dyncast_result&) const
 .text._ZNK10__cxxabiv120__si_class_type_info11__do_upcastEPKNS_17__class_type_infoEPKvRNS1_15__upcast_resultE
                0x0800c798       0x2c d:/programs/gnu_arm_toolchain/bin/../lib/gcc/arm-none-eabi/10.3.1/../../../../arm-none-eabi/lib/thumb/v7e-m+fp/hard\libstdc++.a(si_class_type_info.o)
                0x0800c798                __cxxabiv1::__si_class_type_info::__do_upcast(__cxxabiv1::__class_type_info const*, void const*, __cxxabiv1::__class_type_info::__upcast_result&) const
 .text._ZNSt9type_infoD2Ev
                0x0800c7c4        0x4 d:/programs/gnu_arm_toolchain/bin/../lib/gcc/arm-none-eabi/10.3.1/../../../../arm-none-eabi/lib/thumb/v7e-m+fp/hard\libstdc++.a(tinfo.o)
                0x0800c7c4                std::type_info::~type_info()
                0x0800c7c4                std::type_info::~type_info()
 .text._ZNKSt9type_info14__is_pointer_pEv
                0x0800c7c8        0x4 d:/programs/gnu_arm_toolchain/bin/../lib/gcc/arm-none-eabi/10.3.1/../../../../arm-none-eabi/lib/thumb/v7e-m+fp/hard\libstdc++.a(tinfo.o)
                0x0800c7c8                std::type_info::__is_pointer_p() const
                0x0800c7c8                std::type_info::__is_function_p() const
 .text._ZNKSt9type_infoeqERKS_
                0x0800c7cc       0x2c d:/programs/gnu_arm_toolchain/bin/../lib/gcc/arm-none-eabi/10.3.1/../../../../arm-none-eabi/lib/thumb/v7e-m+fp/hard\libstdc++.a(tinfo.o)
                0x0800c7cc                std::type_info::operator==(std::type_info const&) const
 .text._ZN9__gnu_cxx27__verbose_terminate_handlerEv
                0x0800c7f8      0x10c d:/programs/gnu_arm_toolchain/bin/../lib/gcc/arm-none-eabi/10.3.1/../../../../arm-none-eabi/lib/thumb/v7e-m+fp/hard\libstdc++.a(vterminate.o)
                0x0800c7f8                __gnu_cxx::__verbose_terminate_handler()
 .text.unlikely._ZSt17__throw_bad_allocv
                0x0800c904       0x20 d:/programs/gnu_arm_toolchain/bin/../lib/gcc/arm-none-eabi/10.3.1/../../../../arm-none-eabi/lib/thumb/v7e-m+fp/hard\libstdc++.a(functexcept.o)
                0x0800c904                std::__throw_bad_alloc()
 .text.unlikely._ZSt19__throw_logic_errorPKc
                0x0800c924       0x30 d:/programs/gnu_arm_toolchain/bin/../lib/gcc/arm-none-eabi/10.3.1/../../../../arm-none-eabi/lib/thumb/v7e-m+fp/hard\libstdc++.a(functexcept.o)
                0x0800c924                std::__throw_logic_error(char const*)
 .text.unlikely._ZSt20__throw_length_errorPKc
                0x0800c954       0x30 d:/programs/gnu_arm_toolchain/bin/../lib/gcc/arm-none-eabi/10.3.1/../../../../arm-none-eabi/lib/thumb/v7e-m+fp/hard\libstdc++.a(functexcept.o)
                0x0800c954                std::__throw_length_error(char const*)
 .text._ZNSt7__cxx1112basic_stringIcSt11char_traitsIcESaIcEE9_M_createERjj
                0x0800c984       0x48 d:/programs/gnu_arm_toolchain/bin/../lib/gcc/arm-none-eabi/10.3.1/../../../../arm-none-eabi/lib/thumb/v7e-m+fp/hard\libstdc++.a(string-inst.o)
                0x0800c984                std::__cxx11::basic_string<char, std::char_traits<char>, std::allocator<char> >::_M_create(unsigned int&, unsigned int)
 .text._ZNSt7__cxx1112basic_stringIcSt11char_traitsIcESaIcEE10_M_disposeEv
                0x0800c9cc       0x10 d:/programs/gnu_arm_toolchain/bin/../lib/gcc/arm-none-eabi/10.3.1/../../../../arm-none-eabi/lib/thumb/v7e-m+fp/hard\libstdc++.a(string-inst.o)
                0x0800c9cc                std::__cxx11::basic_string<char, std::char_traits<char>, std::allocator<char> >::_M_dispose()
 .text._ZNSt7__cxx1112basic_stringIcSt11char_traitsIcESaIcEE12_M_constructEjc
                0x0800c9dc       0x50 d:/programs/gnu_arm_toolchain/bin/../lib/gcc/arm-none-eabi/10.3.1/../../../../arm-none-eabi/lib/thumb/v7e-m+fp/hard\libstdc++.a(string-inst.o)
                0x0800c9dc                std::__cxx11::basic_string<char, std::char_traits<char>, std::allocator<char> >::_M_construct(unsigned int, char)
 .text._ZNSt7__cxx1112basic_stringIcSt11char_traitsIcESaIcEE9_M_mutateEjjPKcj
                0x0800ca2c       0xac d:/programs/gnu_arm_toolchain/bin/../lib/gcc/arm-none-eabi/10.3.1/../../../../arm-none-eabi/lib/thumb/v7e-m+fp/hard\libstdc++.a(string-inst.o)
                0x0800ca2c                std::__cxx11::basic_string<char, std::char_traits<char>, std::allocator<char> >::_M_mutate(unsigned int, unsigned int, char const*, unsigned int)
 .text._ZNSt7__cxx1112basic_stringIcSt11char_traitsIcESaIcEE14_M_replace_auxEjjjc
                0x0800cad8       0xb0 d:/programs/gnu_arm_toolchain/bin/../lib/gcc/arm-none-eabi/10.3.1/../../../../arm-none-eabi/lib/thumb/v7e-m+fp/hard\libstdc++.a(string-inst.o)
                0x0800cad8                std::__cxx11::basic_string<char, std::char_traits<char>, std::allocator<char> >::_M_replace_aux(unsigned int, unsigned int, unsigned int, char)
 .text._ZNSt7__cxx1112basic_stringIcSt11char_traitsIcESaIcEE10_M_replaceEjjPKcj
                0x0800cb88      0x198 d:/programs/gnu_arm_toolchain/bin/../lib/gcc/arm-none-eabi/10.3.1/../../../../arm-none-eabi/lib/thumb/v7e-m+fp/hard\libstdc++.a(string-inst.o)
                0x0800cb88                std::__cxx11::basic_string<char, std::char_traits<char>, std::allocator<char> >::_M_replace(unsigned int, unsigned int, char const*, unsigned int)
 .text._ZNKSt9bad_alloc4whatEv
                0x0800cd20        0x8 d:/programs/gnu_arm_toolchain/bin/../lib/gcc/arm-none-eabi/10.3.1/../../../../arm-none-eabi/lib/thumb/v7e-m+fp/hard\libstdc++.a(bad_alloc.o)
                0x0800cd20                std::bad_alloc::what() const
 .text._ZNSt9bad_allocD2Ev
                0x0800cd28       0x14 d:/programs/gnu_arm_toolchain/bin/../lib/gcc/arm-none-eabi/10.3.1/../../../../arm-none-eabi/lib/thumb/v7e-m+fp/hard\libstdc++.a(bad_alloc.o)
                0x0800cd28                std::bad_alloc::~bad_alloc()
                0x0800cd28                std::bad_alloc::~bad_alloc()
 .text._ZNSt9bad_allocD0Ev
                0x0800cd3c       0x1c d:/programs/gnu_arm_toolchain/bin/../lib/gcc/arm-none-eabi/10.3.1/../../../../arm-none-eabi/lib/thumb/v7e-m+fp/hard\libstdc++.a(bad_alloc.o)
                0x0800cd3c                std::bad_alloc::~bad_alloc()
 .text._ZNK10__cxxabiv117__class_type_info11__do_upcastEPKS0_PPv
                0x0800cd58       0x34 d:/programs/gnu_arm_toolchain/bin/../lib/gcc/arm-none-eabi/10.3.1/../../../../arm-none-eabi/lib/thumb/v7e-m+fp/hard\libstdc++.a(class_type_info.o)
                0x0800cd58                __cxxabiv1::__class_type_info::__do_upcast(__cxxabiv1::__class_type_info const*, void**) const
 .text._ZNK10__cxxabiv117__class_type_info20__do_find_public_srcEiPKvPKS0_S2_
                0x0800cd8c        0xc d:/programs/gnu_arm_toolchain/bin/../lib/gcc/arm-none-eabi/10.3.1/../../../../arm-none-eabi/lib/thumb/v7e-m+fp/hard\libstdc++.a(class_type_info.o)
                0x0800cd8c                __cxxabiv1::__class_type_info::__do_find_public_src(int, void const*, __cxxabiv1::__class_type_info const*, void const*) const
 .text._ZN10__cxxabiv117__class_type_infoD2Ev
                0x0800cd98       0x14 d:/programs/gnu_arm_toolchain/bin/../lib/gcc/arm-none-eabi/10.3.1/../../../../arm-none-eabi/lib/thumb/v7e-m+fp/hard\libstdc++.a(class_type_info.o)
                0x0800cd98                __cxxabiv1::__class_type_info::~__class_type_info()
                0x0800cd98                __cxxabiv1::__class_type_info::~__class_type_info()
 .text._ZN10__cxxabiv117__class_type_infoD0Ev
                0x0800cdac       0x1c d:/programs/gnu_arm_toolchain/bin/../lib/gcc/arm-none-eabi/10.3.1/../../../../arm-none-eabi/lib/thumb/v7e-m+fp/hard\libstdc++.a(class_type_info.o)
                0x0800cdac                __cxxabiv1::__class_type_info::~__class_type_info()
 .text._ZNK10__cxxabiv117__class_type_info12__do_dyncastEiNS0_10__sub_kindEPKS0_PKvS3_S5_RNS0_16__dyncast_resultE
                0x0800cdc8       0x44 d:/programs/gnu_arm_toolchain/bin/../lib/gcc/arm-none-eabi/10.3.1/../../../../arm-none-eabi/lib/thumb/v7e-m+fp/hard\libstdc++.a(class_type_info.o)
                0x0800cdc8                __cxxabiv1::__class_type_info::__do_dyncast(int, __cxxabiv1::__class_type_info::__sub_kind, __cxxabiv1::__class_type_info const*, void const*, __cxxabiv1::__class_type_info const*, void const*, __cxxabiv1::__class_type_info::__dyncast_result&) const
 .text._ZNK10__cxxabiv117__class_type_info11__do_upcastEPKS0_PKvRNS0_15__upcast_resultE
                0x0800ce0c       0x1c d:/programs/gnu_arm_toolchain/bin/../lib/gcc/arm-none-eabi/10.3.1/../../../../arm-none-eabi/lib/thumb/v7e-m+fp/hard\libstdc++.a(class_type_info.o)
                0x0800ce0c                __cxxabiv1::__class_type_info::__do_upcast(__cxxabiv1::__class_type_info const*, void const*, __cxxabiv1::__class_type_info::__upcast_result&) const
 .text._ZNK10__cxxabiv117__class_type_info10__do_catchEPKSt9type_infoPPvj
                0x0800ce28       0x2c d:/programs/gnu_arm_toolchain/bin/../lib/gcc/arm-none-eabi/10.3.1/../../../../arm-none-eabi/lib/thumb/v7e-m+fp/hard\libstdc++.a(class_type_info.o)
                0x0800ce28                __cxxabiv1::__class_type_info::__do_catch(std::type_info const*, void**, unsigned int) const
 .text._ZdlPv   0x0800ce54        0x4 d:/programs/gnu_arm_toolchain/bin/../lib/gcc/arm-none-eabi/10.3.1/../../../../arm-none-eabi/lib/thumb/v7e-m+fp/hard\libstdc++.a(del_op.o)
                0x0800ce54                operator delete(void*)
 .text._ZN12_GLOBAL__N_14pool4freeEPv.constprop.0
                0x0800ce58       0x88 d:/programs/gnu_arm_toolchain/bin/../lib/gcc/arm-none-eabi/10.3.1/../../../../arm-none-eabi/lib/thumb/v7e-m+fp/hard\libstdc++.a(eh_alloc.o)
 .text._ZN12_GLOBAL__N_14pool8allocateEj.constprop.0
                0x0800cee0       0x58 d:/programs/gnu_arm_toolchain/bin/../lib/gcc/arm-none-eabi/10.3.1/../../../../arm-none-eabi/lib/thumb/v7e-m+fp/hard\libstdc++.a(eh_alloc.o)
 .text.__cxa_allocate_exception
                0x0800cf38       0x30 d:/programs/gnu_arm_toolchain/bin/../lib/gcc/arm-none-eabi/10.3.1/../../../../arm-none-eabi/lib/thumb/v7e-m+fp/hard\libstdc++.a(eh_alloc.o)
                0x0800cf38                __cxa_allocate_exception
 .text.__cxa_free_exception
                0x0800cf68       0x20 d:/programs/gnu_arm_toolchain/bin/../lib/gcc/arm-none-eabi/10.3.1/../../../../arm-none-eabi/lib/thumb/v7e-m+fp/hard\libstdc++.a(eh_alloc.o)
                0x0800cf68                __cxa_free_exception
 .text.startup._GLOBAL__sub_I__ZN9__gnu_cxx9__freeresEv
                0x0800cf88       0x28 d:/programs/gnu_arm_toolchain/bin/../lib/gcc/arm-none-eabi/10.3.1/../../../../arm-none-eabi/lib/thumb/v7e-m+fp/hard\libstdc++.a(eh_alloc.o)
 .text._ZN10__cxxabiv1L24__is_gxx_exception_classEPc
                0x0800cfb0       0x3c d:/programs/gnu_arm_toolchain/bin/../lib/gcc/arm-none-eabi/10.3.1/../../../../arm-none-eabi/lib/thumb/v7e-m+fp/hard\libstdc++.a(eh_call.o)
 .text.__cxa_call_terminate
                0x0800cfec       0x20 d:/programs/gnu_arm_toolchain/bin/../lib/gcc/arm-none-eabi/10.3.1/../../../../arm-none-eabi/lib/thumb/v7e-m+fp/hard\libstdc++.a(eh_call.o)
                0x0800cfec                __cxa_call_terminate
 .text.unlikely.__cxa_call_unexpected
                0x0800d00c       0xe4 d:/programs/gnu_arm_toolchain/bin/../lib/gcc/arm-none-eabi/10.3.1/../../../../arm-none-eabi/lib/thumb/v7e-m+fp/hard\libstdc++.a(eh_call.o)
                0x0800d00c                __cxa_call_unexpected
 .text.__cxa_current_exception_type
                0x0800d0f0       0x1c d:/programs/gnu_arm_toolchain/bin/../lib/gcc/arm-none-eabi/10.3.1/../../../../arm-none-eabi/lib/thumb/v7e-m+fp/hard\libstdc++.a(eh_type.o)
                0x0800d0f0                __cxa_current_exception_type
 .text._ZSt15get_new_handlerv
                0x0800d10c       0x10 d:/programs/gnu_arm_toolchain/bin/../lib/gcc/arm-none-eabi/10.3.1/../../../../arm-none-eabi/lib/thumb/v7e-m+fp/hard\libstdc++.a(new_handler.o)
                0x0800d10c                std::get_new_handler()
 .text._ZNKSt11logic_error4whatEv
                0x0800d11c        0x4 d:/programs/gnu_arm_toolchain/bin/../lib/gcc/arm-none-eabi/10.3.1/../../../../arm-none-eabi/lib/thumb/v7e-m+fp/hard\libstdc++.a(stdexcept.o)
                0x0800d11c                std::logic_error::what() const
                0x0800d11c                std::runtime_error::what() const
 .text._ZNSt11logic_errorD2Ev
                0x0800d120       0x40 d:/programs/gnu_arm_toolchain/bin/../lib/gcc/arm-none-eabi/10.3.1/../../../../arm-none-eabi/lib/thumb/v7e-m+fp/hard\libstdc++.a(stdexcept.o)
                0x0800d120                std::logic_error::~logic_error()
                0x0800d120                std::logic_error::~logic_error()
 .text._ZNSt12length_errorD2Ev
                0x0800d160       0x40 d:/programs/gnu_arm_toolchain/bin/../lib/gcc/arm-none-eabi/10.3.1/../../../../arm-none-eabi/lib/thumb/v7e-m+fp/hard\libstdc++.a(stdexcept.o)
                0x0800d160                std::length_error::~length_error()
                0x0800d160                std::length_error::~length_error()
 .text._ZNSt11logic_errorD0Ev
                0x0800d1a0       0x48 d:/programs/gnu_arm_toolchain/bin/../lib/gcc/arm-none-eabi/10.3.1/../../../../arm-none-eabi/lib/thumb/v7e-m+fp/hard\libstdc++.a(stdexcept.o)
                0x0800d1a0                std::logic_error::~logic_error()
 .text._ZNSt12length_errorD0Ev
                0x0800d1e8       0x48 d:/programs/gnu_arm_toolchain/bin/../lib/gcc/arm-none-eabi/10.3.1/../../../../arm-none-eabi/lib/thumb/v7e-m+fp/hard\libstdc++.a(stdexcept.o)
                0x0800d1e8                std::length_error::~length_error()
 .text._ZNSt11logic_errorC2EPKc
                0x0800d230       0x80 d:/programs/gnu_arm_toolchain/bin/../lib/gcc/arm-none-eabi/10.3.1/../../../../arm-none-eabi/lib/thumb/v7e-m+fp/hard\libstdc++.a(cow-stdexcept.o)
                0x0800d230                std::logic_error::logic_error(char const*)
                0x0800d230                std::logic_error::logic_error(char const*)
 .text._ZNSt12length_errorC2EPKc
                0x0800d2b0       0x14 d:/programs/gnu_arm_toolchain/bin/../lib/gcc/arm-none-eabi/10.3.1/../../../../arm-none-eabi/lib/thumb/v7e-m+fp/hard\libstdc++.a(cow-stdexcept.o)
                0x0800d2b0                std::length_error::length_error(char const*)
                0x0800d2b0                std::length_error::length_error(char const*)
 .text._ZNSs4_Rep9_S_createEjjRKSaIcE
                0x0800d2c4       0x78 d:/programs/gnu_arm_toolchain/bin/../lib/gcc/arm-none-eabi/10.3.1/../../../../arm-none-eabi/lib/thumb/v7e-m+fp/hard\libstdc++.a(cow-string-inst.o)
                0x0800d2c4                std::string::_Rep::_S_create(unsigned int, unsigned int, std::allocator<char> const&)
 .text._ZNSs4_Rep10_M_destroyERKSaIcE
                0x0800d33c        0x4 d:/programs/gnu_arm_toolchain/bin/../lib/gcc/arm-none-eabi/10.3.1/../../../../arm-none-eabi/lib/thumb/v7e-m+fp/hard\libstdc++.a(cow-string-inst.o)
                0x0800d33c                std::string::_Rep::_M_destroy(std::allocator<char> const&)
 .text.unlikely
                0x0800d340        0xc d:/programs/gnu_arm_toolchain/bin/../lib/gcc/arm-none-eabi/10.3.1/thumb/v7e-m+fp/hard\libgcc.a(pr-support.o)
                0x0800d340                _Unwind_GetDataRelBase
                0x0800d346                _Unwind_GetTextRelBase
 .text.abort    0x0800d34c       0x10 d:/programs/gnu_arm_toolchain/bin/../lib/gcc/arm-none-eabi/10.3.1/../../../../arm-none-eabi/lib/thumb/v7e-m+fp/hard\libg.a(lib_a-abort.o)
                0x0800d34c                abort
 .text.__cxa_atexit
                0x0800d35c        0xc d:/programs/gnu_arm_toolchain/bin/../lib/gcc/arm-none-eabi/10.3.1/../../../../arm-none-eabi/lib/thumb/v7e-m+fp/hard\libg.a(lib_a-cxa_atexit.o)
                0x0800d35c                __cxa_atexit
 .text.__errno  0x0800d368        0xc d:/programs/gnu_arm_toolchain/bin/../lib/gcc/arm-none-eabi/10.3.1/../../../../arm-none-eabi/lib/thumb/v7e-m+fp/hard\libg.a(lib_a-errno.o)
                0x0800d368                __errno
 .text.fputc    0x0800d374       0x64 d:/programs/gnu_arm_toolchain/bin/../lib/gcc/arm-none-eabi/10.3.1/../../../../arm-none-eabi/lib/thumb/v7e-m+fp/hard\libg.a(lib_a-fputc.o)
                0x0800d374                fputc
 .text._fputs_r
                0x0800d3d8       0x88 d:/programs/gnu_arm_toolchain/bin/../lib/gcc/arm-none-eabi/10.3.1/../../../../arm-none-eabi/lib/thumb/v7e-m+fp/hard\libg.a(lib_a-fputs.o)
                0x0800d3d8                _fputs_r
 .text.fputs    0x0800d460       0x18 d:/programs/gnu_arm_toolchain/bin/../lib/gcc/arm-none-eabi/10.3.1/../../../../arm-none-eabi/lib/thumb/v7e-m+fp/hard\libg.a(lib_a-fputs.o)
                0x0800d460                fputs
 .text.__sfvwrite_r
                0x0800d478      0x2f0 d:/programs/gnu_arm_toolchain/bin/../lib/gcc/arm-none-eabi/10.3.1/../../../../arm-none-eabi/lib/thumb/v7e-m+fp/hard\libg.a(lib_a-fvwrite.o)
                0x0800d478                __sfvwrite_r
 .text._fwrite_r
                0x0800d768       0xa8 d:/programs/gnu_arm_toolchain/bin/../lib/gcc/arm-none-eabi/10.3.1/../../../../arm-none-eabi/lib/thumb/v7e-m+fp/hard\libg.a(lib_a-fwrite.o)
                0x0800d768                _fwrite_r
 .text.fwrite   0x0800d810       0x20 d:/programs/gnu_arm_toolchain/bin/../lib/gcc/arm-none-eabi/10.3.1/../../../../arm-none-eabi/lib/thumb/v7e-m+fp/hard\libg.a(lib_a-fwrite.o)
                0x0800d810                fwrite
 .text.__libc_init_array
                0x0800d830       0x48 d:/programs/gnu_arm_toolchain/bin/../lib/gcc/arm-none-eabi/10.3.1/../../../../arm-none-eabi/lib/thumb/v7e-m+fp/hard\libg.a(lib_a-init.o)
                0x0800d830                __libc_init_array
 .text.__retarget_lock_init_recursive
                0x0800d878        0x4 d:/programs/gnu_arm_toolchain/bin/../lib/gcc/arm-none-eabi/10.3.1/../../../../arm-none-eabi/lib/thumb/v7e-m+fp/hard\libg.a(lib_a-lock.o)
                0x0800d878                __retarget_lock_init_recursive
 .text.__retarget_lock_close_recursive
                0x0800d87c        0x4 d:/programs/gnu_arm_toolchain/bin/../lib/gcc/arm-none-eabi/10.3.1/../../../../arm-none-eabi/lib/thumb/v7e-m+fp/hard\libg.a(lib_a-lock.o)
                0x0800d87c                __retarget_lock_close_recursive
 .text.__retarget_lock_acquire_recursive
                0x0800d880        0x4 d:/programs/gnu_arm_toolchain/bin/../lib/gcc/arm-none-eabi/10.3.1/../../../../arm-none-eabi/lib/thumb/v7e-m+fp/hard\libg.a(lib_a-lock.o)
                0x0800d880                __retarget_lock_acquire_recursive
 .text.__retarget_lock_release_recursive
                0x0800d884        0x4 d:/programs/gnu_arm_toolchain/bin/../lib/gcc/arm-none-eabi/10.3.1/../../../../arm-none-eabi/lib/thumb/v7e-m+fp/hard\libg.a(lib_a-lock.o)
                0x0800d884                __retarget_lock_release_recursive
 .text.malloc   0x0800d888       0x10 d:/programs/gnu_arm_toolchain/bin/../lib/gcc/arm-none-eabi/10.3.1/../../../../arm-none-eabi/lib/thumb/v7e-m+fp/hard\libg.a(lib_a-malloc.o)
                0x0800d888                malloc
 .text.free     0x0800d898       0x10 d:/programs/gnu_arm_toolchain/bin/../lib/gcc/arm-none-eabi/10.3.1/../../../../arm-none-eabi/lib/thumb/v7e-m+fp/hard\libg.a(lib_a-malloc.o)
                0x0800d898                free
 .text._malloc_r
                0x0800d8a8      0x560 d:/programs/gnu_arm_toolchain/bin/../lib/gcc/arm-none-eabi/10.3.1/../../../../arm-none-eabi/lib/thumb/v7e-m+fp/hard\libg.a(lib_a-mallocr.o)
                0x0800d8a8                _malloc_r
 .text.memcmp   0x0800de08       0x64 d:/programs/gnu_arm_toolchain/bin/../lib/gcc/arm-none-eabi/10.3.1/../../../../arm-none-eabi/lib/thumb/v7e-m+fp/hard\libg.a(lib_a-memcmp.o)
                0x0800de08                memcmp
 .text.memmove  0x0800de6c       0xf8 d:/programs/gnu_arm_toolchain/bin/../lib/gcc/arm-none-eabi/10.3.1/../../../../arm-none-eabi/lib/thumb/v7e-m+fp/hard\libg.a(lib_a-memmove.o)
                0x0800de6c                memmove
 .text.memset   0x0800df64       0xa4 d:/programs/gnu_arm_toolchain/bin/../lib/gcc/arm-none-eabi/10.3.1/../../../../arm-none-eabi/lib/thumb/v7e-m+fp/hard\libg.a(lib_a-memset.o)
                0x0800df64                memset
 .text.__malloc_lock
                0x0800e008        0xc d:/programs/gnu_arm_toolchain/bin/../lib/gcc/arm-none-eabi/10.3.1/../../../../arm-none-eabi/lib/thumb/v7e-m+fp/hard\libg.a(lib_a-mlock.o)
                0x0800e008                __malloc_lock
 .text.__malloc_unlock
                0x0800e014        0xc d:/programs/gnu_arm_toolchain/bin/../lib/gcc/arm-none-eabi/10.3.1/../../../../arm-none-eabi/lib/thumb/v7e-m+fp/hard\libg.a(lib_a-mlock.o)
                0x0800e014                __malloc_unlock
 .text._putc_r  0x0800e020       0x74 d:/programs/gnu_arm_toolchain/bin/../lib/gcc/arm-none-eabi/10.3.1/../../../../arm-none-eabi/lib/thumb/v7e-m+fp/hard\libg.a(lib_a-putc.o)
                0x0800e020                _putc_r
 .text.realloc  0x0800e094       0x18 d:/programs/gnu_arm_toolchain/bin/../lib/gcc/arm-none-eabi/10.3.1/../../../../arm-none-eabi/lib/thumb/v7e-m+fp/hard\libg.a(lib_a-realloc.o)
                0x0800e094                realloc
 .text._realloc_r
                0x0800e0ac      0x3d8 d:/programs/gnu_arm_toolchain/bin/../lib/gcc/arm-none-eabi/10.3.1/../../../../arm-none-eabi/lib/thumb/v7e-m+fp/hard\libg.a(lib_a-reallocr.o)
                0x0800e0ac                _realloc_r
 .text.cleanup_glue
                0x0800e484       0x48 d:/programs/gnu_arm_toolchain/bin/../lib/gcc/arm-none-eabi/10.3.1/../../../../arm-none-eabi/lib/thumb/v7e-m+fp/hard\libg.a(lib_a-reent.o)
                0x0800e484                cleanup_glue
 .text._reclaim_reent
                0x0800e4cc       0x90 d:/programs/gnu_arm_toolchain/bin/../lib/gcc/arm-none-eabi/10.3.1/../../../../arm-none-eabi/lib/thumb/v7e-m+fp/hard\libg.a(lib_a-reent.o)
                0x0800e4cc                _reclaim_reent
 .text._sbrk_r  0x0800e55c       0x24 d:/programs/gnu_arm_toolchain/bin/../lib/gcc/arm-none-eabi/10.3.1/../../../../arm-none-eabi/lib/thumb/v7e-m+fp/hard\libg.a(lib_a-sbrkr.o)
                0x0800e55c                _sbrk_r
 .text.raise    0x0800e580       0x5c d:/programs/gnu_arm_toolchain/bin/../lib/gcc/arm-none-eabi/10.3.1/../../../../arm-none-eabi/lib/thumb/v7e-m+fp/hard\libg.a(lib_a-signal.o)
                0x0800e580                raise
 .text._kill_r  0x0800e5dc       0x2c d:/programs/gnu_arm_toolchain/bin/../lib/gcc/arm-none-eabi/10.3.1/../../../../arm-none-eabi/lib/thumb/v7e-m+fp/hard\libg.a(lib_a-signalr.o)
                0x0800e5dc                _kill_r
 .text._getpid_r
                0x0800e608        0x4 d:/programs/gnu_arm_toolchain/bin/../lib/gcc/arm-none-eabi/10.3.1/../../../../arm-none-eabi/lib/thumb/v7e-m+fp/hard\libg.a(lib_a-signalr.o)
                0x0800e608                _getpid_r
 .text.sprintf  0x0800e60c       0x40 d:/programs/gnu_arm_toolchain/bin/../lib/gcc/arm-none-eabi/10.3.1/../../../../arm-none-eabi/lib/thumb/v7e-m+fp/hard\libg.a(lib_a-sprintf.o)
                0x0800e60c                sprintf
 .text.strncmp  0x0800e64c       0x80 d:/programs/gnu_arm_toolchain/bin/../lib/gcc/arm-none-eabi/10.3.1/../../../../arm-none-eabi/lib/thumb/v7e-m+fp/hard\libg.a(lib_a-strncmp.o)
                0x0800e64c                strncmp
 *fill*         0x0800e6cc        0x4 
 .text._svfprintf_r
                0x0800e6d0     0x1acc d:/programs/gnu_arm_toolchain/bin/../lib/gcc/arm-none-eabi/10.3.1/../../../../arm-none-eabi/lib/thumb/v7e-m+fp/hard\libg.a(lib_a-svfprintf.o)
                0x0800e6d0                _svfprintf_r
 .text.__swbuf_r
                0x0801019c       0xb0 d:/programs/gnu_arm_toolchain/bin/../lib/gcc/arm-none-eabi/10.3.1/../../../../arm-none-eabi/lib/thumb/v7e-m+fp/hard\libg.a(lib_a-wbuf.o)
                0x0801019c                __swbuf_r
 .text._write_r
                0x0801024c       0x2c d:/programs/gnu_arm_toolchain/bin/../lib/gcc/arm-none-eabi/10.3.1/../../../../arm-none-eabi/lib/thumb/v7e-m+fp/hard\libg.a(lib_a-writer.o)
                0x0801024c                _write_r
 .text.__swsetup_r
                0x08010278       0xd4 d:/programs/gnu_arm_toolchain/bin/../lib/gcc/arm-none-eabi/10.3.1/../../../../arm-none-eabi/lib/thumb/v7e-m+fp/hard\libg.a(lib_a-wsetup.o)
                0x08010278                __swsetup_r
 .text.__register_exitproc
                0x0801034c       0x8c d:/programs/gnu_arm_toolchain/bin/../lib/gcc/arm-none-eabi/10.3.1/../../../../arm-none-eabi/lib/thumb/v7e-m+fp/hard\libg.a(lib_a-__atexit.o)
                0x0801034c                __register_exitproc
 .text.startup.register_fini
                0x080103d8       0x14 d:/programs/gnu_arm_toolchain/bin/../lib/gcc/arm-none-eabi/10.3.1/../../../../arm-none-eabi/lib/thumb/v7e-m+fp/hard\libg.a(lib_a-__call_atexit.o)
 .text.atexit   0x080103ec        0xc d:/programs/gnu_arm_toolchain/bin/../lib/gcc/arm-none-eabi/10.3.1/../../../../arm-none-eabi/lib/thumb/v7e-m+fp/hard\libg.a(lib_a-atexit.o)
                0x080103ec                atexit
 .text._close_r
                0x080103f8       0x24 d:/programs/gnu_arm_toolchain/bin/../lib/gcc/arm-none-eabi/10.3.1/../../../../arm-none-eabi/lib/thumb/v7e-m+fp/hard\libg.a(lib_a-closer.o)
                0x080103f8                _close_r
 .text.quorem   0x0801041c      0x128 d:/programs/gnu_arm_toolchain/bin/../lib/gcc/arm-none-eabi/10.3.1/../../../../arm-none-eabi/lib/thumb/v7e-m+fp/hard\libg.a(lib_a-dtoa.o)
 *fill*         0x08010544        0x4 
 .text._dtoa_r  0x08010548      0xf3c d:/programs/gnu_arm_toolchain/bin/../lib/gcc/arm-none-eabi/10.3.1/../../../../arm-none-eabi/lib/thumb/v7e-m+fp/hard\libg.a(lib_a-dtoa.o)
                0x08010548                _dtoa_r
 .text.__sflush_r
                0x08011484      0x130 d:/programs/gnu_arm_toolchain/bin/../lib/gcc/arm-none-eabi/10.3.1/../../../../arm-none-eabi/lib/thumb/v7e-m+fp/hard\libg.a(lib_a-fflush.o)
                0x08011484                __sflush_r
 .text._fflush_r
                0x080115b4       0x5c d:/programs/gnu_arm_toolchain/bin/../lib/gcc/arm-none-eabi/10.3.1/../../../../arm-none-eabi/lib/thumb/v7e-m+fp/hard\libg.a(lib_a-fflush.o)
                0x080115b4                _fflush_r
 .text._cleanup_r
                0x08011610        0xc d:/programs/gnu_arm_toolchain/bin/../lib/gcc/arm-none-eabi/10.3.1/../../../../arm-none-eabi/lib/thumb/v7e-m+fp/hard\libg.a(lib_a-findfp.o)
                0x08011610                _cleanup_r
 .text.__sinit  0x0801161c      0x10c d:/programs/gnu_arm_toolchain/bin/../lib/gcc/arm-none-eabi/10.3.1/../../../../arm-none-eabi/lib/thumb/v7e-m+fp/hard\libg.a(lib_a-findfp.o)
                0x0801161c                __sinit
 .text.__sfp_lock_acquire
                0x08011728        0xc d:/programs/gnu_arm_toolchain/bin/../lib/gcc/arm-none-eabi/10.3.1/../../../../arm-none-eabi/lib/thumb/v7e-m+fp/hard\libg.a(lib_a-findfp.o)
                0x08011728                __sfp_lock_acquire
 .text.__sfp_lock_release
                0x08011734        0xc d:/programs/gnu_arm_toolchain/bin/../lib/gcc/arm-none-eabi/10.3.1/../../../../arm-none-eabi/lib/thumb/v7e-m+fp/hard\libg.a(lib_a-findfp.o)
                0x08011734                __sfp_lock_release
 .text.__libc_fini_array
                0x08011740       0x2c d:/programs/gnu_arm_toolchain/bin/../lib/gcc/arm-none-eabi/10.3.1/../../../../arm-none-eabi/lib/thumb/v7e-m+fp/hard\libg.a(lib_a-fini.o)
                0x08011740                __libc_fini_array
 .text._malloc_trim_r
                0x0801176c       0xa0 d:/programs/gnu_arm_toolchain/bin/../lib/gcc/arm-none-eabi/10.3.1/../../../../arm-none-eabi/lib/thumb/v7e-m+fp/hard\libg.a(lib_a-freer.o)
                0x0801176c                _malloc_trim_r
 .text._free_r  0x0801180c      0x20c d:/programs/gnu_arm_toolchain/bin/../lib/gcc/arm-none-eabi/10.3.1/../../../../arm-none-eabi/lib/thumb/v7e-m+fp/hard\libg.a(lib_a-freer.o)
                0x0801180c                _free_r
 .text._fwalk_reent
                0x08011a18       0x48 d:/programs/gnu_arm_toolchain/bin/../lib/gcc/arm-none-eabi/10.3.1/../../../../arm-none-eabi/lib/thumb/v7e-m+fp/hard\libg.a(lib_a-fwalk.o)
                0x08011a18                _fwalk_reent
 .text._localeconv_r
                0x08011a60        0x8 d:/programs/gnu_arm_toolchain/bin/../lib/gcc/arm-none-eabi/10.3.1/../../../../arm-none-eabi/lib/thumb/v7e-m+fp/hard\libg.a(lib_a-localeconv.o)
                0x08011a60                _localeconv_r
 .text.__smakebuf_r
                0x08011a68       0xe0 d:/programs/gnu_arm_toolchain/bin/../lib/gcc/arm-none-eabi/10.3.1/../../../../arm-none-eabi/lib/thumb/v7e-m+fp/hard\libg.a(lib_a-makebuf.o)
                0x08011a68                __smakebuf_r
 .text._Balloc  0x08011b48       0x4c d:/programs/gnu_arm_toolchain/bin/../lib/gcc/arm-none-eabi/10.3.1/../../../../arm-none-eabi/lib/thumb/v7e-m+fp/hard\libg.a(lib_a-mprec.o)
                0x08011b48                _Balloc
 .text._Bfree   0x08011b94       0x14 d:/programs/gnu_arm_toolchain/bin/../lib/gcc/arm-none-eabi/10.3.1/../../../../arm-none-eabi/lib/thumb/v7e-m+fp/hard\libg.a(lib_a-mprec.o)
                0x08011b94                _Bfree
 .text.__multadd
                0x08011ba8       0xa8 d:/programs/gnu_arm_toolchain/bin/../lib/gcc/arm-none-eabi/10.3.1/../../../../arm-none-eabi/lib/thumb/v7e-m+fp/hard\libg.a(lib_a-mprec.o)
                0x08011ba8                __multadd
 .text.__hi0bits
                0x08011c50       0x40 d:/programs/gnu_arm_toolchain/bin/../lib/gcc/arm-none-eabi/10.3.1/../../../../arm-none-eabi/lib/thumb/v7e-m+fp/hard\libg.a(lib_a-mprec.o)
                0x08011c50                __hi0bits
 .text.__lo0bits
                0x08011c90       0x60 d:/programs/gnu_arm_toolchain/bin/../lib/gcc/arm-none-eabi/10.3.1/../../../../arm-none-eabi/lib/thumb/v7e-m+fp/hard\libg.a(lib_a-mprec.o)
                0x08011c90                __lo0bits
 .text.__i2b    0x08011cf0       0x5c d:/programs/gnu_arm_toolchain/bin/../lib/gcc/arm-none-eabi/10.3.1/../../../../arm-none-eabi/lib/thumb/v7e-m+fp/hard\libg.a(lib_a-mprec.o)
                0x08011cf0                __i2b
 .text.__multiply
                0x08011d4c      0x15c d:/programs/gnu_arm_toolchain/bin/../lib/gcc/arm-none-eabi/10.3.1/../../../../arm-none-eabi/lib/thumb/v7e-m+fp/hard\libg.a(lib_a-mprec.o)
                0x08011d4c                __multiply
 .text.__pow5mult
                0x08011ea8       0xc0 d:/programs/gnu_arm_toolchain/bin/../lib/gcc/arm-none-eabi/10.3.1/../../../../arm-none-eabi/lib/thumb/v7e-m+fp/hard\libg.a(lib_a-mprec.o)
                0x08011ea8                __pow5mult
 .text.__lshift
                0x08011f68       0xf0 d:/programs/gnu_arm_toolchain/bin/../lib/gcc/arm-none-eabi/10.3.1/../../../../arm-none-eabi/lib/thumb/v7e-m+fp/hard\libg.a(lib_a-mprec.o)
                0x08011f68                __lshift
 .text.__mcmp   0x08012058       0x44 d:/programs/gnu_arm_toolchain/bin/../lib/gcc/arm-none-eabi/10.3.1/../../../../arm-none-eabi/lib/thumb/v7e-m+fp/hard\libg.a(lib_a-mprec.o)
                0x08012058                __mcmp
 .text.__mdiff  0x0801209c      0x14c d:/programs/gnu_arm_toolchain/bin/../lib/gcc/arm-none-eabi/10.3.1/../../../../arm-none-eabi/lib/thumb/v7e-m+fp/hard\libg.a(lib_a-mprec.o)
                0x0801209c                __mdiff
 .text.__d2b    0x080121e8       0xd0 d:/programs/gnu_arm_toolchain/bin/../lib/gcc/arm-none-eabi/10.3.1/../../../../arm-none-eabi/lib/thumb/v7e-m+fp/hard\libg.a(lib_a-mprec.o)
                0x080121e8                __d2b
 .text.frexp    0x080122b8       0x6c d:/programs/gnu_arm_toolchain/bin/../lib/gcc/arm-none-eabi/10.3.1/../../../../arm-none-eabi/lib/thumb/v7e-m+fp/hard\libg.a(lib_a-s_frexp.o)
                0x080122b8                frexp
 .text.__sread  0x08012324       0x24 d:/programs/gnu_arm_toolchain/bin/../lib/gcc/arm-none-eabi/10.3.1/../../../../arm-none-eabi/lib/thumb/v7e-m+fp/hard\libg.a(lib_a-stdio.o)
                0x08012324                __sread
 .text.__swrite
                0x08012348       0x40 d:/programs/gnu_arm_toolchain/bin/../lib/gcc/arm-none-eabi/10.3.1/../../../../arm-none-eabi/lib/thumb/v7e-m+fp/hard\libg.a(lib_a-stdio.o)
                0x08012348                __swrite
 .text.__sseek  0x08012388       0x20 d:/programs/gnu_arm_toolchain/bin/../lib/gcc/arm-none-eabi/10.3.1/../../../../arm-none-eabi/lib/thumb/v7e-m+fp/hard\libg.a(lib_a-stdio.o)
                0x08012388                __sseek
 .text.__sclose
                0x080123a8        0x8 d:/programs/gnu_arm_toolchain/bin/../lib/gcc/arm-none-eabi/10.3.1/../../../../arm-none-eabi/lib/thumb/v7e-m+fp/hard\libg.a(lib_a-stdio.o)
                0x080123a8                __sclose
 .text.strncpy  0x080123b0       0x64 d:/programs/gnu_arm_toolchain/bin/../lib/gcc/arm-none-eabi/10.3.1/../../../../arm-none-eabi/lib/thumb/v7e-m+fp/hard\libg.a(lib_a-strncpy.o)
                0x080123b0                strncpy
 .text.__ssprint_r
                0x08012414       0xf8 d:/programs/gnu_arm_toolchain/bin/../lib/gcc/arm-none-eabi/10.3.1/../../../../arm-none-eabi/lib/thumb/v7e-m+fp/hard\libg.a(lib_a-svfiprintf.o)
                0x08012414                __ssprint_r
 .text.__assert_func
                0x0801250c       0x40 d:/programs/gnu_arm_toolchain/bin/../lib/gcc/arm-none-eabi/10.3.1/../../../../arm-none-eabi/lib/thumb/v7e-m+fp/hard\libg.a(lib_a-assert.o)
                0x0801250c                __assert_func
 .text._calloc_r
                0x0801254c       0x78 d:/programs/gnu_arm_toolchain/bin/../lib/gcc/arm-none-eabi/10.3.1/../../../../arm-none-eabi/lib/thumb/v7e-m+fp/hard\libg.a(lib_a-callocr.o)
                0x0801254c                _calloc_r
 .text._fclose_r
                0x080125c4       0xcc d:/programs/gnu_arm_toolchain/bin/../lib/gcc/arm-none-eabi/10.3.1/../../../../arm-none-eabi/lib/thumb/v7e-m+fp/hard\libg.a(lib_a-fclose.o)
                0x080125c4                _fclose_r
 .text.fiprintf
                0x08012690       0x28 d:/programs/gnu_arm_toolchain/bin/../lib/gcc/arm-none-eabi/10.3.1/../../../../arm-none-eabi/lib/thumb/v7e-m+fp/hard\libg.a(lib_a-fiprintf.o)
                0x08012690                fiprintf
 .text._fstat_r
                0x080126b8       0x2c d:/programs/gnu_arm_toolchain/bin/../lib/gcc/arm-none-eabi/10.3.1/../../../../arm-none-eabi/lib/thumb/v7e-m+fp/hard\libg.a(lib_a-fstatr.o)
                0x080126b8                _fstat_r
 .text._isatty_r
                0x080126e4       0x24 d:/programs/gnu_arm_toolchain/bin/../lib/gcc/arm-none-eabi/10.3.1/../../../../arm-none-eabi/lib/thumb/v7e-m+fp/hard\libg.a(lib_a-isattyr.o)
                0x080126e4                _isatty_r
 .text.__locale_mb_cur_max
                0x08012708        0xc d:/programs/gnu_arm_toolchain/bin/../lib/gcc/arm-none-eabi/10.3.1/../../../../arm-none-eabi/lib/thumb/v7e-m+fp/hard\libg.a(lib_a-locale.o)
                0x08012708                __locale_mb_cur_max
 .text._lseek_r
                0x08012714       0x2c d:/programs/gnu_arm_toolchain/bin/../lib/gcc/arm-none-eabi/10.3.1/../../../../arm-none-eabi/lib/thumb/v7e-m+fp/hard\libg.a(lib_a-lseekr.o)